{
    "Should pass with overlapping exons in GTF": {
        "content": [
            [
                "\"LtProbB\",\"UTS\",\"merged\",\"dissociated\",\"total\",\"errorRate\",\"txSize\"",
                "-100,5,0,0,0,0,921"
            ],
            "Sall_5_-100.tuning.consensus.bed:md5,cd611e3e2012a2d7d063f2ef572ddabb"
        ],
        "meta": {
            "nf-test": "0.9.0",
            "nextflow": "24.04.4"
        },
        "timestamp": "2024-10-17T20:28:27.243837"
    }
}