{
    "versions": {
        "content": [
            {
                "GROHMM_PARAMETERTUNING": {
                    "r-base": "4.3.3",
                    "bioconductor-grohmm": "1.39.0"
                }
            }
        ],
        "meta": {
            "nf-test": "0.9.0",
            "nextflow": "24.04.4"
        },
        "timestamp": "2024-09-24T11:44:17.664038682"
    },
    "Should run with defaults": {
        "content": [
            [
                "\"LtProbB\",\"UTS\",\"merged\",\"dissociated\",\"total\",\"errorRate\",\"txSize\"",
                "-100,5,33,123,156,0.0756180319922443,921"
            ],
            "Sall_5_-100.tuning.consensus.bed:md5,f3144b4ff6493a7ccef422aa4e160d46"
        ],
        "meta": {
            "nf-test": "0.9.0",
            "nextflow": "24.04.4"
        },
        "timestamp": "2024-10-17T19:58:42.34659"
    }
}