{
    "versions": {
        "content": [
            {
                "GROHMM_PARAMETERTUNING": {
                    "r-base": "4.3.3",
                    "bioconductor-grohmm": "1.39.0"
                }
            }
        ],
        "meta": {
            "nf-test": "0.9.0",
            "nextflow": "24.04.4"
        },
        "timestamp": "2024-09-24T11:44:17.664038682"
    },
    "Should run with defaults": {
        "content": [
            [
                "\"LtProbB\",\"UTS\",\"merged\",\"dissociated\",\"total\",\"errorRate\",\"txSize\"",
                "-100,5,10,0,10,0.00617665225447807,921"
            ]
        ],
        "meta": {
            "nf-test": "0.9.0",
            "nextflow": "24.04.4"
        },
        "timestamp": "2024-10-08T23:00:23.053715"
    }
}