{
    "Should work with gzipped references": {
        "content": [
            98
        ],
        "meta": {
            "nf-test": "0.8.4",
            "nextflow": "23.10.1"
        },
        "timestamp": "2024-03-05T16:02:57.855321372"
    },
    "Should work with BWA Index": {
        "content": [
            113
        ],
        "meta": {
            "nf-test": "0.8.4",
            "nextflow": "23.10.1"
        },
        "timestamp": "2024-03-05T16:01:56.042895683"
    }
}