{
    "Should work with gzipped references": {
        "content": [
            99
        ],
        "meta": {
            "nf-test": "0.8.4",
            "nextflow": "23.10.1"
        },
        "timestamp": "2024-02-14T16:39:27.539091004"
    },
    "Should work with BWA Index": {
        "content": [
            126
        ],
        "meta": {
            "nf-test": "0.8.4",
            "nextflow": "23.10.1"
        },
        "timestamp": "2024-02-15T09:38:13.33349927"
    }
}