{
    "Should run with gzipped gtf": {
        "content": [
            140,
            "nf_core_pipeline_software_mqc_versions.yml:md5,1323c6b73ecf5ff2138a7c8f75057dcc"
        ],
        "meta": {
            "nf-test": "0.8.4",
            "nextflow": "24.04.3"
        },
        "timestamp": "2024-07-24T14:56:15.647490899"
    },
    "Should run with STAR (default)": {
        "content": [
            139,
            "nf_core_pipeline_software_mqc_versions.yml:md5,77bba8552beb07432d5143a30991993e"
        ],
        "meta": {
            "nf-test": "0.8.4",
            "nextflow": "24.04.3"
        },
        "timestamp": "2024-07-24T14:50:14.45809525"
    }
}