{
    "Should run with only a GFF file": {
        "content": [
            93,
            {
                "BBMAP_PILEUP": {
                    "bbmap": 39.01,
                    "samtools": "1.16.1",
                    "pigz": 2.6
                },
                "BEDTOOLS_GENOMECOV_MINUS": {
                    "bedtools": "2.31.1"
                },
                "BEDTOOLS_GENOMECOV_PLUS": {
                    "bedtools": "2.31.1"
                },
                "BEDTOOLS_INTERSECT": {
                    "bedtools": "2.31.1"
                },
                "BEDTOOLS_INTERSECT_FILTER": {
                    "bedtools": "2.31.1"
                },
                "BEDTOOLS_MERGE": {
                    "bedtools": "2.31.1"
                },
                "BEDTOOLS_SORT": {
                    "bedtools": "2.31.1"
                },
                "BWA_INDEX": {
                    "bwa": "0.7.18-r1243-dirty"
                },
                "BWA_MEM": {
                    "bwa": "0.7.18-r1243-dirty",
                    "samtools": 1.2
                },
                "CAT_CAT": {
                    "pigz": "2.3.4"
                },
                "CUSTOM_GETCHROMSIZES": {
                    "getchromsizes": 1.2
                },
                "DEEPTOOLS_BAMCOVERAGE_MINUS": {
                    "deeptools": "3.5.1"
                },
                "DEEPTOOLS_BAMCOVERAGE_PLUS": {
                    "deeptools": "3.5.1"
                },
                "FASTP": {
                    "fastp": "0.23.4"
                },
                "FASTQC": {
                    "fastqc": "0.12.1"
                },
                "GFFREAD": {
                    "gffread": "0.12.7"
                },
                "GTF2BED": {
                    "perl": "5.26.2"
                },
                "HOMER_MAKETAGDIRECTORY": {
                    "homer": 4.11,
                    "samtools": 1.21
                },
                "PINTS_CALLER": {
                    "python": "3.12.6",
                    "pints": "1.1.13"
                },
                "PRESEQ_CCURVE": {
                    "preseq": "3.1.1"
                },
                "PRESEQ_LCEXTRAP": {
                    "preseq": "3.1.1"
                },
                "RSEQC_INFEREXPERIMENT": {
                    "rseqc": "5.0.2"
                },
                "RSEQC_READDISTRIBUTION": {
                    "rseqc": "5.0.2"
                },
                "RSEQC_READDUPLICATION": {
                    "rseqc": "5.0.2"
                },
                "SAMTOOLS_MERGE": {
                    "samtools": 1.21
                },
                "SUBREAD_FEATURECOUNTS_GENE": {
                    "subread": "2.0.1"
                },
                "SUBREAD_FEATURECOUNTS_PREDICTED": {
                    "subread": "2.0.1"
                },
                "Workflow": {
                    "nf-core/nascent": "v2.3.0dev"
                }
            },
            [
                "bed2saf",
                "bed2saf/cd4_intersect.saf",
                "bwa",
                "bwa/cd4_REP1.sorted.bam",
                "bwa/cd4_REP1.sorted.bam.bai",
                "bwa/cd4_REP2.sorted.bam",
                "bwa/cd4_REP2.sorted.bam.bai",
                "bwa/jurkat.sorted.bam",
                "bwa/jurkat.sorted.bam.bai",
                "bwa/samtools_stats",
                "bwa/samtools_stats/cd4_REP1.sorted.bam.flagstat",
                "bwa/samtools_stats/cd4_REP1.sorted.bam.idxstats",
                "bwa/samtools_stats/cd4_REP1.sorted.bam.stats",
                "bwa/samtools_stats/cd4_REP2.sorted.bam.flagstat",
                "bwa/samtools_stats/cd4_REP2.sorted.bam.idxstats",
                "bwa/samtools_stats/cd4_REP2.sorted.bam.stats",
                "bwa/samtools_stats/jurkat.sorted.bam.flagstat",
                "bwa/samtools_stats/jurkat.sorted.bam.idxstats",
                "bwa/samtools_stats/jurkat.sorted.bam.stats",
                "cat",
                "cat/cd4.bed",
                "cat/jurkat.bed",
                "coverage_graphs",
                "coverage_graphs/cd4_REP1.dreg.bedGraph",
                "coverage_graphs/cd4_REP1.minus.bedGraph",
                "coverage_graphs/cd4_REP1.minus.bigWig",
                "coverage_graphs/cd4_REP1.plus.bedGraph",
                "coverage_graphs/cd4_REP1.plus.bigWig",
                "coverage_graphs/cd4_REP2.dreg.bedGraph",
                "coverage_graphs/cd4_REP2.minus.bedGraph",
                "coverage_graphs/cd4_REP2.minus.bigWig",
                "coverage_graphs/cd4_REP2.plus.bedGraph",
                "coverage_graphs/cd4_REP2.plus.bigWig",
                "coverage_graphs/jurkat.dreg.bedGraph",
                "coverage_graphs/jurkat.minus.bedGraph",
                "coverage_graphs/jurkat.minus.bigWig",
                "coverage_graphs/jurkat.plus.bedGraph",
                "coverage_graphs/jurkat.plus.bigWig",
                "multiqc",
                "multiqc/multiqc_data",
                "multiqc/multiqc_data/fastqc-status-check-heatmap.txt",
                "multiqc/multiqc_data/fastqc_adapter_content_plot.txt",
                "multiqc/multiqc_data/fastqc_overrepresented_sequences_plot.txt",
                "multiqc/multiqc_data/fastqc_per_base_n_content_plot.txt",
                "multiqc/multiqc_data/fastqc_per_base_sequence_quality_plot.txt",
                "multiqc/multiqc_data/fastqc_per_sequence_gc_content_plot_Counts.txt",
                "multiqc/multiqc_data/fastqc_per_sequence_gc_content_plot_Percentages.txt",
                "multiqc/multiqc_data/fastqc_per_sequence_quality_scores_plot.txt",
                "multiqc/multiqc_data/fastqc_sequence_counts_plot.txt",
                "multiqc/multiqc_data/fastqc_sequence_duplication_levels_plot.txt",
                "multiqc/multiqc_data/fastqc_top_overrepresented_sequences_table.txt",
                "multiqc/multiqc_data/homer-tag-directory-gc-content.txt",
                "multiqc/multiqc_data/homer-tag-info-dist.txt",
                "multiqc/multiqc_data/homer-tag-length-dist.txt",
                "multiqc/multiqc_data/homer_tagdir.txt",
                "multiqc/multiqc_data/multiqc.log",
                "multiqc/multiqc_data/multiqc_citations.txt",
                "multiqc/multiqc_data/multiqc_data.json",
                "multiqc/multiqc_data/multiqc_fastqc.txt",
                "multiqc/multiqc_data/multiqc_general_stats.txt",
                "multiqc/multiqc_data/multiqc_rseqc_infer_experiment.txt",
                "multiqc/multiqc_data/multiqc_rseqc_read_distribution.txt",
                "multiqc/multiqc_data/multiqc_samtools_flagstat.txt",
                "multiqc/multiqc_data/multiqc_samtools_idxstats.txt",
                "multiqc/multiqc_data/multiqc_samtools_stats.txt",
                "multiqc/multiqc_data/multiqc_software_versions.txt",
                "multiqc/multiqc_data/multiqc_sources.txt",
                "multiqc/multiqc_data/preseq.txt",
                "multiqc/multiqc_data/preseq_complexity_plot_molecules.txt",
                "multiqc/multiqc_data/rseqc_infer_experiment_plot.txt",
                "multiqc/multiqc_data/rseqc_read_distribution_plot.txt",
                "multiqc/multiqc_data/rseqc_read_dups.txt",
                "multiqc/multiqc_data/rseqc_read_dups_plot.txt",
                "multiqc/multiqc_data/samtools-flagstat-dp_Percentage_of_total.txt",
                "multiqc/multiqc_data/samtools-flagstat-dp_Read_counts.txt",
                "multiqc/multiqc_data/samtools-idxstats-mapped-reads-plot_Normalised_Counts.txt",
                "multiqc/multiqc_data/samtools-idxstats-mapped-reads-plot_Observed_over_Expected_Counts.txt",
                "multiqc/multiqc_data/samtools-idxstats-mapped-reads-plot_Raw_Counts.txt",
                "multiqc/multiqc_data/samtools-stats-dp.txt",
                "multiqc/multiqc_data/samtools_alignment_plot.txt",
                "multiqc/multiqc_report.html",
                "pipeline_info",
                "pipeline_info/nf_core_pipeline_software_mqc_versions.yml",
                "preprocessing",
                "preprocessing/fastp",
                "preprocessing/fastp/cd4_REP1.trimmed.fastp.html",
                "preprocessing/fastp/cd4_REP1.trimmed.fastp.json",
                "preprocessing/fastp/cd4_REP1.trimmed.fastp.log",
                "preprocessing/fastp/cd4_REP2.trimmed.fastp.html",
                "preprocessing/fastp/cd4_REP2.trimmed.fastp.json",
                "preprocessing/fastp/cd4_REP2.trimmed.fastp.log",
                "preprocessing/fastp/jurkat.trimmed.fastp.html",
                "preprocessing/fastp/jurkat.trimmed.fastp.json",
                "preprocessing/fastp/jurkat.trimmed.fastp.log",
                "preprocessing/fastqc",
                "preprocessing/fastqc/cd4_REP1_fastqc.html",
                "preprocessing/fastqc/cd4_REP1_fastqc.zip",
                "preprocessing/fastqc/cd4_REP2_fastqc.html",
                "preprocessing/fastqc/cd4_REP2_fastqc.zip",
                "preprocessing/fastqc/jurkat_fastqc.html",
                "preprocessing/fastqc/jurkat_fastqc.zip",
                "quality_control",
                "quality_control/bbsplit",
                "quality_control/bbsplit/cd4_REP1.coverage.hist.txt",
                "quality_control/bbsplit/cd4_REP1.coverage.stats.txt",
                "quality_control/bbsplit/cd4_REP2.coverage.hist.txt",
                "quality_control/bbsplit/cd4_REP2.coverage.stats.txt",
                "quality_control/bbsplit/jurkat.coverage.hist.txt",
                "quality_control/bbsplit/jurkat.coverage.stats.txt",
                "quality_control/preseq",
                "quality_control/preseq/cd4_REP1.c_curve.txt",
                "quality_control/preseq/cd4_REP1.lc_extrap.txt",
                "quality_control/preseq/cd4_REP2.c_curve.txt",
                "quality_control/preseq/cd4_REP2.lc_extrap.txt",
                "quality_control/preseq/jurkat.c_curve.txt",
                "quality_control/preseq/jurkat.lc_extrap.txt",
                "quality_control/preseq/log",
                "quality_control/preseq/log/cd4_REP1.command.log",
                "quality_control/preseq/log/cd4_REP2.command.log",
                "quality_control/preseq/log/jurkat.command.log",
                "quality_control/rseqc",
                "quality_control/rseqc/infer_experiment",
                "quality_control/rseqc/infer_experiment/cd4_REP1.infer_experiment.txt",
                "quality_control/rseqc/infer_experiment/cd4_REP2.infer_experiment.txt",
                "quality_control/rseqc/infer_experiment/jurkat.infer_experiment.txt",
                "quality_control/rseqc/read_distribution",
                "quality_control/rseqc/read_distribution/cd4_REP1.read_distribution.txt",
                "quality_control/rseqc/read_distribution/cd4_REP2.read_distribution.txt",
                "quality_control/rseqc/read_distribution/jurkat.read_distribution.txt",
                "quality_control/rseqc/read_duplication",
                "quality_control/rseqc/read_duplication/pdf",
                "quality_control/rseqc/read_duplication/pdf/cd4_REP1.DupRate_plot.pdf",
                "quality_control/rseqc/read_duplication/pdf/cd4_REP2.DupRate_plot.pdf",
                "quality_control/rseqc/read_duplication/pdf/jurkat.DupRate_plot.pdf",
                "quality_control/rseqc/read_duplication/rscript",
                "quality_control/rseqc/read_duplication/rscript/cd4_REP1.DupRate_plot.r",
                "quality_control/rseqc/read_duplication/rscript/cd4_REP2.DupRate_plot.r",
                "quality_control/rseqc/read_duplication/rscript/jurkat.DupRate_plot.r",
                "quality_control/rseqc/read_duplication/xls",
                "quality_control/rseqc/read_duplication/xls/cd4_REP1.pos.DupRate.xls",
                "quality_control/rseqc/read_duplication/xls/cd4_REP1.seq.DupRate.xls",
                "quality_control/rseqc/read_duplication/xls/cd4_REP2.pos.DupRate.xls",
                "quality_control/rseqc/read_duplication/xls/cd4_REP2.seq.DupRate.xls",
                "quality_control/rseqc/read_duplication/xls/jurkat.pos.DupRate.xls",
                "quality_control/rseqc/read_duplication/xls/jurkat.seq.DupRate.xls",
                "quantification",
                "quantification/gene",
                "quantification/gene/cd4.featureCounts.txt",
                "quantification/gene/cd4.featureCounts.txt.summary",
                "quantification/gene/jurkat.featureCounts.txt",
                "quantification/gene/jurkat.featureCounts.txt.summary",
                "quantification/nascent",
                "quantification/nascent/cd4-group_cd4_intersect-transcripts.featureCounts.txt",
                "quantification/nascent/cd4-group_cd4_intersect-transcripts.featureCounts.txt.summary",
                "quantification/nascent/jurkat-group_cd4_intersect-transcripts.featureCounts.txt",
                "quantification/nascent/jurkat-group_cd4_intersect-transcripts.featureCounts.txt.summary",
                "samtools",
                "samtools/cd4.bam",
                "samtools/jurkat.bam",
                "transcript_identification",
                "transcript_identification/filtered",
                "transcript_identification/filtered/cd4_filtered.bed",
                "transcript_identification/filtered/jurkat_filtered.bed",
                "transcript_identification/homer",
                "transcript_identification/homer/cd4.bed",
                "transcript_identification/homer/cd4.bedGraph.gz",
                "transcript_identification/homer/cd4.peaks.txt",
                "transcript_identification/homer/cd4_tagdir",
                "transcript_identification/homer/cd4_tagdir/chr21.tags.tsv",
                "transcript_identification/homer/cd4_tagdir/genomeGCcontent.txt",
                "transcript_identification/homer/cd4_tagdir/tagAutocorrelation.txt",
                "transcript_identification/homer/cd4_tagdir/tagCountDistribution.txt",
                "transcript_identification/homer/cd4_tagdir/tagFreq.txt",
                "transcript_identification/homer/cd4_tagdir/tagFreqUniq.txt",
                "transcript_identification/homer/cd4_tagdir/tagGCcontent.txt",
                "transcript_identification/homer/cd4_tagdir/tagInfo.txt",
                "transcript_identification/homer/cd4_tagdir/tagLengthDistribution.txt",
                "transcript_identification/homer/jurkat.bed",
                "transcript_identification/homer/jurkat.bedGraph.gz",
                "transcript_identification/homer/jurkat.peaks.txt",
                "transcript_identification/homer/jurkat_tagdir",
                "transcript_identification/homer/jurkat_tagdir/chr21.tags.tsv",
                "transcript_identification/homer/jurkat_tagdir/genomeGCcontent.txt",
                "transcript_identification/homer/jurkat_tagdir/tagAutocorrelation.txt",
                "transcript_identification/homer/jurkat_tagdir/tagCountDistribution.txt",
                "transcript_identification/homer/jurkat_tagdir/tagFreq.txt",
                "transcript_identification/homer/jurkat_tagdir/tagFreqUniq.txt",
                "transcript_identification/homer/jurkat_tagdir/tagGCcontent.txt",
                "transcript_identification/homer/jurkat_tagdir/tagInfo.txt",
                "transcript_identification/homer/jurkat_tagdir/tagLengthDistribution.txt",
                "transcript_identification/homer/versions.yml",
                "transcript_identification/intersect",
                "transcript_identification/intersect/cd4_intersect.bed",
                "transcript_identification/intersect/jurkat_intersect.bed",
                "transcript_identification/merged",
                "transcript_identification/merged/cd4_merged.bed",
                "transcript_identification/merged/jurkat_merged.bed",
                "transcript_identification/pints",
                "transcript_identification/pints/cd4_chr21_1_unidirectional_peaks.bed",
                "transcript_identification/pints/jurkat_chr21_1_unidirectional_peaks.bed",
                "transcript_identification/pints/peakcalling_2024_12_15_18_17_40_43.log",
                "transcript_identification/pints/peakcalling_2024_12_15_18_17_41_43.log"
            ],
            [
                "cd4_intersect.saf:md5,2528ed58898f6e1f9d3d54fc1381c4c6",
                "cd4_REP1.sorted.bam:md5,24ca659d88a69778fb54794055a7d321",
                "cd4_REP1.sorted.bam.bai:md5,89c4319f5f28020940ba31ca7e602e84",
                "cd4_REP2.sorted.bam:md5,896546706635319d9d1acc3777e3e79c",
                "cd4_REP2.sorted.bam.bai:md5,f87fb585bc0d570a16d5ae9230f36113",
                "jurkat.sorted.bam:md5,ccb261d540d75d377e73a6bc579361c6",
                "jurkat.sorted.bam.bai:md5,2f011fbac6305bd573b339e926efd1ed",
                "cd4_REP1.sorted.bam.flagstat:md5,863e2d506d5cc4239af98a5f31bbc906",
                "cd4_REP1.sorted.bam.idxstats:md5,b1dd8bcbd23c53c21f0e11082d9315f2",
                "cd4_REP1.sorted.bam.stats:md5,1536c80bae78b2062508e1de210f6387",
                "cd4_REP2.sorted.bam.flagstat:md5,0fd86dbf8f799fad49ba471702979bdc",
                "cd4_REP2.sorted.bam.idxstats:md5,53204e4c6a9f68664087e4a8123be46a",
                "cd4_REP2.sorted.bam.stats:md5,561610e53fb676ac83252712dcac30d4",
                "jurkat.sorted.bam.flagstat:md5,fd5f02b0f02a407447b804b1d80f5421",
                "jurkat.sorted.bam.idxstats:md5,c61af0847c1ad76c06a8de2815975b32",
                "jurkat.sorted.bam.stats:md5,898c6b259ef686bf797ef15646faf29d",
                "cd4.bed:md5,0193e58943726af89bfd00e9da2536d8",
                "jurkat.bed:md5,cb6932229eea2e09f61d48d7dd397ae1",
                "cd4_REP1.dreg.bedGraph:md5,8948a8fa86d8f6d413b77983189ff56e",
                "cd4_REP1.minus.bedGraph:md5,2a1c34f9d9ef9ff1b9da7874b9e3aaad",
                "cd4_REP1.minus.bigWig:md5,5280319275c98dcce023779fa389884d",
                "cd4_REP1.plus.bedGraph:md5,1509ec3a921e3109c5914e1bcef8cf33",
                "cd4_REP1.plus.bigWig:md5,72ccab3173f2018a22a4b36841247ba2",
                "cd4_REP2.dreg.bedGraph:md5,29f865a5668fae4a52a41589ac2b3179",
                "cd4_REP2.minus.bedGraph:md5,c530bc34fa3ec7ac49e88ff65f9c2f92",
                "cd4_REP2.minus.bigWig:md5,5e748c794e037f441741f7f409c8c5ad",
                "cd4_REP2.plus.bedGraph:md5,a675141da2874ec08d91591e5ea8242b",
                "cd4_REP2.plus.bigWig:md5,08674d52e9eeb08807c33ed3e4b3d504",
                "jurkat.dreg.bedGraph:md5,c25a4fb095e9f7d6766a3ce33e08f7d8",
                "jurkat.minus.bedGraph:md5,8d5d9a41df6eb6c56b1bfd3f39dc1fc6",
                "jurkat.minus.bigWig:md5,d06c8015c996bf520fff17266fd01f84",
                "jurkat.plus.bedGraph:md5,6ed63e5983edaa74fb3965676efdb674",
                "jurkat.plus.bigWig:md5,7a02334f2c7300ffdb5a2253c0937390",
                "fastqc-status-check-heatmap.txt:md5,464104faada782efe296b913b892fd3a",
                "fastqc_adapter_content_plot.txt:md5,9fd336d639ce1a9a6597e293afa70008",
                "fastqc_overrepresented_sequences_plot.txt:md5,c6b6fd62fe80934918c34069957689ae",
                "fastqc_per_base_n_content_plot.txt:md5,d9094256018f28348cf43aa412c28c11",
                "fastqc_per_base_sequence_quality_plot.txt:md5,d766e42919d03d253e129acef51f3f7b",
                "fastqc_per_sequence_gc_content_plot_Counts.txt:md5,7fb0493c872057c9dad6a6ed384f3975",
                "fastqc_per_sequence_gc_content_plot_Percentages.txt:md5,33fadab22b18d33f0393e9e31ff3bd11",
                "fastqc_per_sequence_quality_scores_plot.txt:md5,1ffa5c82b027318f62d095030d84a9c4",
                "fastqc_sequence_counts_plot.txt:md5,1024c90493d60bb3c65c797e7dd7cf8c",
                "fastqc_sequence_duplication_levels_plot.txt:md5,211a7b56acd901b4d171c9848812690b",
                "fastqc_top_overrepresented_sequences_table.txt:md5,633be89cb88e2784a00ae58db4ce3873",
                "homer-tag-directory-gc-content.txt:md5,49dd23beeb8904f403290686f3513186",
                "homer-tag-info-dist.txt:md5,2f70b14f07536d2c8c730f89e452a3a2",
                "homer-tag-length-dist.txt:md5,4ab0948c10442fd3f7c8b49efc63dda1",
                "homer_tagdir.txt:md5,3307e852a7c200d77c3fed42a789fab2",
                "multiqc.log:md5,aef00136c9e47fc92720c4f29760748a",
                "multiqc_citations.txt:md5,51017bc56474100a7d0f12f0e726935c",
                "multiqc_data.json:md5,efe248638a8387846fc180b26f372439",
                "multiqc_fastqc.txt:md5,34586f7fb5d43df85fc1799a17aa6e7a",
                "multiqc_general_stats.txt:md5,37c1e78e2dda09deab218cec1a5b9391",
                "multiqc_rseqc_infer_experiment.txt:md5,d1f2b2b86a7077a641e13b6b84216ee6",
                "multiqc_rseqc_read_distribution.txt:md5,877d137fac942b76294a71c03f52fd3b",
                "multiqc_samtools_flagstat.txt:md5,37ba1fa9f57d58c221ce1356ba8f7c2e",
                "multiqc_samtools_idxstats.txt:md5,1a24fca8167b9ed6c2f94bdff9d91a8e",
                "multiqc_samtools_stats.txt:md5,5ca1a0ad5e1c661962ca59ac4f379380",
                "multiqc_software_versions.txt:md5,d5124cff158563c0c5f6c783a53235d1",
                "multiqc_sources.txt:md5,2f17e070152f42f3cf18744a7d2380e3",
                "preseq.txt:md5,0df08ac6c68e6a22fab8b62bd26b700f",
                "preseq_complexity_plot_molecules.txt:md5,cc14d47a0ba231c814aeac81c1b0d8ba",
                "rseqc_infer_experiment_plot.txt:md5,5c672a4683f673b9f47f76417022d6e7",
                "rseqc_read_distribution_plot.txt:md5,085bd8353ecf616ece161a921db4e754",
                "rseqc_read_dups.txt:md5,680c3c892d67c8e334c25d3044a89805",
                "rseqc_read_dups_plot.txt:md5,6bf2b0959732c197ce2f98f85dc67dc4",
                "samtools-flagstat-dp_Percentage_of_total.txt:md5,333e835f63779959eaf8fb19f6696f6a",
                "samtools-flagstat-dp_Read_counts.txt:md5,a8679b2354ebfc78a50bc03f26783db9",
                "samtools-idxstats-mapped-reads-plot_Normalised_Counts.txt:md5,a1d979e6acee6e2d931c2a18bf673157",
                "samtools-idxstats-mapped-reads-plot_Observed_over_Expected_Counts.txt:md5,a1d979e6acee6e2d931c2a18bf673157",
                "samtools-idxstats-mapped-reads-plot_Raw_Counts.txt:md5,59e96be88ce2b40ac02a90bc6924bb39",
                "samtools-stats-dp.txt:md5,05504290a44c5c1ded4028725c6d625b",
                "samtools_alignment_plot.txt:md5,2b20d7e4def44eb4de2c637e5cb004c0",
                "multiqc_report.html:md5,93a30f03a4467a4cd54118641fe34ae9",
                "cd4_REP1.trimmed.fastp.html:md5,d9fbd33cf7f9594abd598e4f83fa1c70",
                "cd4_REP1.trimmed.fastp.json:md5,bd9a3344c1591d6be4d524451f9dca53",
                "cd4_REP1.trimmed.fastp.log:md5,32522787917b3050cfa37fb60d474ba4",
                "cd4_REP2.trimmed.fastp.html:md5,de9cdc8a566d47313cb2f50c9b62fb52",
                "cd4_REP2.trimmed.fastp.json:md5,bc6e3f9ff7835f220535cc393b8eb25f",
                "cd4_REP2.trimmed.fastp.log:md5,52daa61826da3e772236654f4d6c2d12",
                "jurkat.trimmed.fastp.html:md5,0780a806242307aaab35df44a755c263",
                "jurkat.trimmed.fastp.json:md5,65f7247a87479c7157c7357d575336e2",
                "jurkat.trimmed.fastp.log:md5,27a3b7831dca27da06e69020ceb4ca00",
                "cd4_REP1_fastqc.html:md5,6e2db41130efce7f49c13db6fa5a375a",
                "cd4_REP1_fastqc.zip:md5,b2ee4cb08097fb1fa7ecc78b4353be68",
                "cd4_REP2_fastqc.html:md5,bd60b96aef8f505a226c3420c45460b1",
                "cd4_REP2_fastqc.zip:md5,2e18e8cb45755c40ad86ca3db63fbbf0",
                "jurkat_fastqc.html:md5,ec4671c34b0a6319f17ed731b1d1ff16",
                "jurkat_fastqc.zip:md5,104562068ed3af80aeb9f9edf8593007",
                "cd4_REP1.coverage.hist.txt:md5,7cbb473be8d3b32ff2e52fdf4e5d10d2",
                "cd4_REP1.coverage.stats.txt:md5,f1471b61ac17dba283d80e08450c7e55",
                "cd4_REP2.coverage.hist.txt:md5,8d5258a0882494bc4e3f1aa6aa5ed685",
                "cd4_REP2.coverage.stats.txt:md5,3cdb4473211f9da44166ffa6aaa5b602",
                "jurkat.coverage.hist.txt:md5,71a893d9d1d55fd47399f6d47b628d6e",
                "jurkat.coverage.stats.txt:md5,381c69a30099d82066a959deab1a2569",
                "cd4_REP1.c_curve.txt:md5,cf4743abdd355595d6ec1fb3f38e66e5",
                "cd4_REP1.lc_extrap.txt:md5,8633f84ccd5cc725db9af4b33edd63b0",
                "cd4_REP2.c_curve.txt:md5,cf4743abdd355595d6ec1fb3f38e66e5",
                "cd4_REP2.lc_extrap.txt:md5,3ad9e4028c3711e6d46831c10ed04200",
                "jurkat.c_curve.txt:md5,cf4743abdd355595d6ec1fb3f38e66e5",
                "jurkat.lc_extrap.txt:md5,84faa937faa88476c942f330c5762cb5",
                "cd4_REP1.command.log:md5,ba1e20cbe1e988962cf66a0062baa68e",
                "cd4_REP2.command.log:md5,ded97d17ea56e711e5fa78305c1980f0",
                "jurkat.command.log:md5,870a47f101cd5007d2756448b896c33d",
                "cd4_REP1.infer_experiment.txt:md5,2d8f31fe48cfc1db9d4c46ba59c2c7f3",
                "cd4_REP2.infer_experiment.txt:md5,70ac3bf0d0c50d644ab97e1698021e55",
                "jurkat.infer_experiment.txt:md5,3ec36bed252146eb9cdb68db30c1855e",
                "cd4_REP1.read_distribution.txt:md5,59ab605365c2c66c2859a24c9697a175",
                "cd4_REP2.read_distribution.txt:md5,0b9cec7d382b6cca9281c41e181b623a",
                "jurkat.read_distribution.txt:md5,d8c024f88177bbe002e6c17055024a03",
                "cd4_REP1.DupRate_plot.pdf:md5,c282cae0ef685c2ee76a2d46d11dae16",
                "cd4_REP2.DupRate_plot.pdf:md5,a048c8f92b3c6ede72707c58d72c9747",
                "jurkat.DupRate_plot.pdf:md5,562cb6087010f5f8138238954d318b7e",
                "cd4_REP1.DupRate_plot.r:md5,a6f96b5b87a142dca2e09868deb8222b",
                "cd4_REP2.DupRate_plot.r:md5,a0686d22ba07f33a627c1a106d442a03",
                "jurkat.DupRate_plot.r:md5,acb2fdffc578643503503bf0081eb7ae",
                "cd4_REP1.pos.DupRate.xls:md5,a80db2d20096ca839a7847ec5b11bf75",
                "cd4_REP1.seq.DupRate.xls:md5,c34531fd7578c6f62cbad53b96a7feb9",
                "cd4_REP2.pos.DupRate.xls:md5,06200ab67a60bee71fd168de88c15369",
                "cd4_REP2.seq.DupRate.xls:md5,c82f6d687eacabbab045db34647c3254",
                "jurkat.pos.DupRate.xls:md5,0721c91ab7c640b046689095047657f8",
                "jurkat.seq.DupRate.xls:md5,aba941b1bf0e93f99e39bd507d1c02de",
                "cd4.featureCounts.txt:md5,92b0ca814150194f2989dd1ba53accbe",
                "cd4.featureCounts.txt.summary:md5,f0cafc16c84e1b2d0c46cd85da44daa9",
                "jurkat.featureCounts.txt:md5,4caedb3fd80df2debfc5f96e6bef4f5e",
                "jurkat.featureCounts.txt.summary:md5,5539f3c4286ed901934306a359722f04",
                "cd4-group_cd4_intersect-transcripts.featureCounts.txt:md5,2b435d460d10da000cd903a672debfb9",
                "cd4-group_cd4_intersect-transcripts.featureCounts.txt.summary:md5,47facc3e9b409920714f8c3fef20f4fd",
                "jurkat-group_cd4_intersect-transcripts.featureCounts.txt:md5,7acce56b7d5e1d0cc2d581e16198c02d",
                "jurkat-group_cd4_intersect-transcripts.featureCounts.txt.summary:md5,2a6fb23433b34608e3ada0acf69cbbbc",
                "cd4.bam:md5,9e3be2a6e0441dc13aa4860793a83d5b",
                "jurkat.bam:md5,e0052d59b9fe67d042b33868738d5fcd",
                "cd4_filtered.bed:md5,fe48a92889bc118c41e436989f85c65e",
                "jurkat_filtered.bed:md5,f1dde43c4ad9dec972ff9fa38cc6f2fe",
                "cd4.bed:md5,b55e5290d78941f36c3d1ecfef8e0062",
                "cd4.bedGraph.gz:md5,b38c0ed8a5f7d2109c043a6d30d8ba13",
                "cd4.peaks.txt:md5,bdcd2ec3a56a8a4a01ed19e17da003f2",
                "chr21.tags.tsv:md5,7bddd91dc8de3ecc61ef6947b534429b",
                "genomeGCcontent.txt:md5,73314e153962f92f4ff9f723a2f4f7f5",
                "tagAutocorrelation.txt:md5,5f74b2d7f9e50b23a3d066f3efd1bd27",
                "tagCountDistribution.txt:md5,4e7ee5b056bae00e0eacbec3c739d4e0",
                "tagFreq.txt:md5,9ffb3f3063e8a6335efe5846d1393c62",
                "tagFreqUniq.txt:md5,d41fc8f3400a995861c9e2d2e1cbf1ac",
                "tagGCcontent.txt:md5,9e11b05ad03f24c60c8a61adbe59d4c4",
                "tagInfo.txt:md5,a79bc03ae220447e57ba3d6c39373c2b",
                "tagLengthDistribution.txt:md5,05d67738b969c7a03aad4162bc7933a9",
                "jurkat.bed:md5,383cfaf10535dbe5d7f47607e345f4cb",
                "jurkat.bedGraph.gz:md5,70aa09344dc2496125754f724686794c",
                "jurkat.peaks.txt:md5,d4914194eca6f06aadfe7eed08ab1bb8",
                "chr21.tags.tsv:md5,2c2741e29030db04fa02d2dc2976f3f0",
                "genomeGCcontent.txt:md5,380eed73713125642b4c37607115e814",
                "tagAutocorrelation.txt:md5,c8c9c7b493a22a9bab1aa6e4ff9424df",
                "tagCountDistribution.txt:md5,75fb9f3f4973973005532cad142105ba",
                "tagFreq.txt:md5,2e3f0ebead6fc1d784e469b2f3aec465",
                "tagFreqUniq.txt:md5,5b0e0dc2695af638c28ea5f881bee928",
                "tagGCcontent.txt:md5,8ea32a30ce6f5de1fec2fb43faac7302",
                "tagInfo.txt:md5,877903f51b3b165fd1f5b77fdd612651",
                "tagLengthDistribution.txt:md5,ed788048cffdbf2479de08cece4d863d",
                "versions.yml:md5,7c0dcd0a18b3c753def73b96cb825792",
                "cd4_intersect.bed:md5,a5d31a685d89293ae64daff9a9054568",
                "jurkat_intersect.bed:md5,d41d8cd98f00b204e9800998ecf8427e",
                "cd4_merged.bed:md5,9ace0ca4f1544bb0949355a20de98e6b",
                "jurkat_merged.bed:md5,f1dde43c4ad9dec972ff9fa38cc6f2fe",
                "cd4_chr21_1_unidirectional_peaks.bed:md5,0193e58943726af89bfd00e9da2536d8",
                "jurkat_chr21_1_unidirectional_peaks.bed:md5,cb6932229eea2e09f61d48d7dd397ae1",
                "peakcalling_2024_12_15_18_17_40_43.log:md5,11908bc3288f412e0f8874ca0d83c130",
                "peakcalling_2024_12_15_18_17_41_43.log:md5,7518d5e497f7783f1ceaf34158dd5db0"
            ],
            [
                [
                    "cd4_REP1.sorted.bam",
                    "366dda72360cb6fef08914f246c23fe0"
                ],
                [
                    "cd4_REP2.sorted.bam",
                    "7ff8b1c06b1d47b26062624d2baf83a5"
                ],
                [
                    "jurkat.sorted.bam",
                    "4a679dc8ae1fd96bed9da1e3f772daaa"
                ],
                [
                    "cd4.bam",
                    "bcdfc1a81d5240c8ce9fcabe46a30af1"
                ],
                [
                    "jurkat.bam",
                    "4a679dc8ae1fd96bed9da1e3f772daaa"
                ]
            ]
        ],
        "meta": {
            "nf-test": "0.9.2",
            "nextflow": "24.10.2"
        },
        "timestamp": "2024-12-15T12:18:04.751932"
    }
}