{
    "output_files": {
        "content": [
            78,
            "# uniqMapDirectory = uniqmap.GRCh38_chr21.50nt",
            "# cmd = findPeaks cd4_tagdir -style groseq -o cd4-uniqmap.GRCh38_chr21.peaks.txt -uniqmap uniqmap.GRCh38_chr21.50nt",
            "# uniqMapDirectory = uniqmap.GRCh38_chr21.50nt",
            "# cmd = findPeaks jurkat_tagdir -style groseq -o jurkat-uniqmap.GRCh38_chr21.peaks.txt -uniqmap uniqmap.GRCh38_chr21.50nt",
            "cd4.bed:md5,bbe77431f7c1ac833d1f939012435962",
            "jurkat.bed:md5,98dd0b5dde7b11c0604b35c391754c9d",
            "cd4-uniqmap.GRCh38_chr21.peaks.txt:md5,bbe77431f7c1ac833d1f939012435962",
            "jurkat-uniqmap.GRCh38_chr21.peaks.txt:md5,98dd0b5dde7b11c0604b35c391754c9d",
            [
                "cd4_intersect.bed:md5,d41d8cd98f00b204e9800998ecf8427e",
                "jurkat_intersect.bed:md5,d41d8cd98f00b204e9800998ecf8427e"
            ],
            [
                "cd4_filtered.bed:md5,d41d8cd98f00b204e9800998ecf8427e",
                "jurkat_filtered.bed:md5,d41d8cd98f00b204e9800998ecf8427e"
            ],
            true
        ],
        "meta": {
            "nf-test": "0.9.2",
            "nextflow": "24.10.2"
        },
        "timestamp": "2024-12-21T07:55:14.410658"
    },
    "software_versions": {
        "content": [
            {
                "BBMAP_PILEUP": {
                    "bbmap": 39.01,
                    "samtools": "1.16.1",
                    "pigz": 2.6
                },
                "BEDTOOLS_GENOMECOV_MINUS": {
                    "bedtools": "2.31.1"
                },
                "BEDTOOLS_GENOMECOV_PLUS": {
                    "bedtools": "2.31.1"
                },
                "BEDTOOLS_INTERSECT": {
                    "bedtools": "2.31.1"
                },
                "BEDTOOLS_INTERSECT_FILTER": {
                    "bedtools": "2.31.1"
                },
                "BWA_INDEX": {
                    "bwa": "0.7.18-r1243-dirty"
                },
                "BWA_MEM": {
                    "bwa": "0.7.18-r1243-dirty",
                    "samtools": 1.2
                },
                "CUSTOM_GETCHROMSIZES": {
                    "getchromsizes": 1.2
                },
                "DEEPTOOLS_BAMCOVERAGE_MINUS": {
                    "deeptools": "3.5.1"
                },
                "DEEPTOOLS_BAMCOVERAGE_PLUS": {
                    "deeptools": "3.5.1"
                },
                "FASTP": {
                    "fastp": "0.23.4"
                },
                "FASTQC": {
                    "fastqc": "0.12.1"
                },
                "GTF2BED": {
                    "perl": "5.26.2"
                },
                "PRESEQ_CCURVE": {
                    "preseq": "3.1.1"
                },
                "PRESEQ_LCEXTRAP": {
                    "preseq": "3.1.1"
                },
                "RSEQC_INFEREXPERIMENT": {
                    "rseqc": "5.0.2"
                },
                "RSEQC_READDISTRIBUTION": {
                    "rseqc": "5.0.2"
                },
                "RSEQC_READDUPLICATION": {
                    "rseqc": "5.0.2"
                },
                "SAMTOOLS_MERGE": {
                    "samtools": 1.21
                },
                "SUBREAD_FEATURECOUNTS_GENE": {
                    "subread": "2.0.1"
                },
                "UNZIP": {
                    "7za": 16.02
                },
                "Workflow": {
                    "nf-core/nascent": "v2.3.0dev"
                }
            }
        ],
        "meta": {
            "nf-test": "0.9.2",
            "nextflow": "24.10.2"
        },
        "timestamp": "2024-12-21T08:17:33.996307"
    }
}