{
    "Should work with gzipped references": {
        "content": [
            0
        ],
        "meta": {
            "nf-test": "0.8.4",
            "nextflow": "23.10.1"
        },
        "timestamp": "2024-02-14T15:02:05.680983538"
    },
    "Should work with BWA Index": {
        "content": [
            127
        ],
        "meta": {
            "nf-test": "0.8.4",
            "nextflow": "23.10.1"
        },
        "timestamp": "2023-08-25T01:57:15+0000"
    }
}