{
    "Should work with gzipped references": {
        "content": [
            55
        ],
        "meta": {
            "nf-test": "0.9.2",
            "nextflow": "24.10.1"
        },
        "timestamp": "2024-11-25T20:54:01.863106"
    },
    "Should work with BWA Index": {
        "content": [
            59
        ],
        "meta": {
            "nf-test": "0.9.2",
            "nextflow": "24.10.1"
        },
        "timestamp": "2024-11-25T20:53:19.738149"
    },
    "Should run with defaults": {
        "content": [
            149,
            {
                "BBMAP_PILEUP": {
                    "bbmap": 39.01,
                    "samtools": "1.16.1",
                    "pigz": 2.6
                },
                "BEDTOOLS_GENOMECOV_MINUS": {
                    "bedtools": "2.31.1"
                },
                "BEDTOOLS_GENOMECOV_PLUS": {
                    "bedtools": "2.31.1"
                },
                "BEDTOOLS_INTERSECT": {
                    "bedtools": "2.31.1"
                },
                "BEDTOOLS_INTERSECT_FILTER": {
                    "bedtools": "2.31.1"
                },
                "BEDTOOLS_MERGE": {
                    "bedtools": "2.31.1"
                },
                "BEDTOOLS_SORT": {
                    "bedtools": "2.31.1"
                },
                "BWA_INDEX": {
                    "bwa": "0.7.18-r1243-dirty"
                },
                "BWA_MEM": {
                    "bwa": "0.7.18-r1243-dirty",
                    "samtools": 1.2
                },
                "CAT_CAT": {
                    "pigz": "2.3.4"
                },
                "CUSTOM_GETCHROMSIZES": {
                    "getchromsizes": 1.2
                },
                "DEEPTOOLS_BAMCOVERAGE_MINUS": {
                    "deeptools": "3.5.1"
                },
                "DEEPTOOLS_BAMCOVERAGE_PLUS": {
                    "deeptools": "3.5.1"
                },
                "FASTP": {
                    "fastp": "0.23.4"
                },
                "FASTQC": {
                    "fastqc": "0.12.1"
                },
                "GTF2BED": {
                    "perl": "5.26.2"
                },
                "HOMER_MAKETAGDIRECTORY": {
                    "homer": 4.11,
                    "samtools": 1.21
                },
                "PINTS_CALLER": {
                    "python": "3.12.6",
                    "pints": "1.1.13"
                },
                "PRESEQ_CCURVE": {
                    "preseq": "3.1.1"
                },
                "PRESEQ_LCEXTRAP": {
                    "preseq": "3.1.1"
                },
                "RSEQC_INFEREXPERIMENT": {
                    "rseqc": "5.0.2"
                },
                "RSEQC_READDISTRIBUTION": {
                    "rseqc": "5.0.2"
                },
                "RSEQC_READDUPLICATION": {
                    "rseqc": "5.0.2"
                },
                "SAMTOOLS_MERGE": {
                    "samtools": 1.21
                },
                "SUBREAD_FEATURECOUNTS_GENE": {
                    "subread": "2.0.1"
                },
                "SUBREAD_FEATURECOUNTS_PREDICTED": {
                    "subread": "2.0.1"
                },
                "Workflow": {
                    "nf-core/nascent": "v2.3.0dev"
                }
            },
            [
                "bed2saf",
                "bed2saf/cd4_intersect.saf",
                "bwa",
                "bwa/cd4_REP1.sorted.bam",
                "bwa/cd4_REP1.sorted.bam.bai",
                "bwa/cd4_REP2.sorted.bam",
                "bwa/cd4_REP2.sorted.bam.bai",
                "bwa/cd4_REP3.sorted.bam",
                "bwa/cd4_REP3.sorted.bam.bai",
                "bwa/cd4_REP4.sorted.bam",
                "bwa/cd4_REP4.sorted.bam.bai",
                "bwa/jurkat_REP1.sorted.bam",
                "bwa/jurkat_REP1.sorted.bam.bai",
                "bwa/jurkat_REP2.sorted.bam",
                "bwa/jurkat_REP2.sorted.bam.bai",
                "bwa/samtools_stats",
                "bwa/samtools_stats/cd4_REP1.sorted.bam.flagstat",
                "bwa/samtools_stats/cd4_REP1.sorted.bam.idxstats",
                "bwa/samtools_stats/cd4_REP1.sorted.bam.stats",
                "bwa/samtools_stats/cd4_REP2.sorted.bam.flagstat",
                "bwa/samtools_stats/cd4_REP2.sorted.bam.idxstats",
                "bwa/samtools_stats/cd4_REP2.sorted.bam.stats",
                "bwa/samtools_stats/cd4_REP3.sorted.bam.flagstat",
                "bwa/samtools_stats/cd4_REP3.sorted.bam.idxstats",
                "bwa/samtools_stats/cd4_REP3.sorted.bam.stats",
                "bwa/samtools_stats/cd4_REP4.sorted.bam.flagstat",
                "bwa/samtools_stats/cd4_REP4.sorted.bam.idxstats",
                "bwa/samtools_stats/cd4_REP4.sorted.bam.stats",
                "bwa/samtools_stats/jurkat_REP1.sorted.bam.flagstat",
                "bwa/samtools_stats/jurkat_REP1.sorted.bam.idxstats",
                "bwa/samtools_stats/jurkat_REP1.sorted.bam.stats",
                "bwa/samtools_stats/jurkat_REP2.sorted.bam.flagstat",
                "bwa/samtools_stats/jurkat_REP2.sorted.bam.idxstats",
                "bwa/samtools_stats/jurkat_REP2.sorted.bam.stats",
                "cat",
                "cat/cd4.bed",
                "cat/jurkat.bed",
                "coverage_graphs",
                "coverage_graphs/cd4_REP1.dreg.bedGraph",
                "coverage_graphs/cd4_REP1.minus.bedGraph",
                "coverage_graphs/cd4_REP1.minus.bigWig",
                "coverage_graphs/cd4_REP1.plus.bedGraph",
                "coverage_graphs/cd4_REP1.plus.bigWig",
                "coverage_graphs/cd4_REP2.dreg.bedGraph",
                "coverage_graphs/cd4_REP2.minus.bedGraph",
                "coverage_graphs/cd4_REP2.minus.bigWig",
                "coverage_graphs/cd4_REP2.plus.bedGraph",
                "coverage_graphs/cd4_REP2.plus.bigWig",
                "coverage_graphs/cd4_REP3.dreg.bedGraph",
                "coverage_graphs/cd4_REP3.minus.bedGraph",
                "coverage_graphs/cd4_REP3.minus.bigWig",
                "coverage_graphs/cd4_REP3.plus.bedGraph",
                "coverage_graphs/cd4_REP3.plus.bigWig",
                "coverage_graphs/cd4_REP4.dreg.bedGraph",
                "coverage_graphs/cd4_REP4.minus.bedGraph",
                "coverage_graphs/cd4_REP4.minus.bigWig",
                "coverage_graphs/cd4_REP4.plus.bedGraph",
                "coverage_graphs/cd4_REP4.plus.bigWig",
                "coverage_graphs/jurkat_REP1.dreg.bedGraph",
                "coverage_graphs/jurkat_REP1.minus.bedGraph",
                "coverage_graphs/jurkat_REP1.minus.bigWig",
                "coverage_graphs/jurkat_REP1.plus.bedGraph",
                "coverage_graphs/jurkat_REP1.plus.bigWig",
                "coverage_graphs/jurkat_REP2.dreg.bedGraph",
                "coverage_graphs/jurkat_REP2.minus.bedGraph",
                "coverage_graphs/jurkat_REP2.minus.bigWig",
                "coverage_graphs/jurkat_REP2.plus.bedGraph",
                "coverage_graphs/jurkat_REP2.plus.bigWig",
                "multiqc",
                "multiqc/multiqc_data",
                "multiqc/multiqc_data/fastqc-status-check-heatmap.txt",
                "multiqc/multiqc_data/fastqc_adapter_content_plot.txt",
                "multiqc/multiqc_data/fastqc_overrepresented_sequences_plot.txt",
                "multiqc/multiqc_data/fastqc_per_base_n_content_plot.txt",
                "multiqc/multiqc_data/fastqc_per_base_sequence_quality_plot.txt",
                "multiqc/multiqc_data/fastqc_per_sequence_gc_content_plot_Counts.txt",
                "multiqc/multiqc_data/fastqc_per_sequence_gc_content_plot_Percentages.txt",
                "multiqc/multiqc_data/fastqc_per_sequence_quality_scores_plot.txt",
                "multiqc/multiqc_data/fastqc_sequence_counts_plot.txt",
                "multiqc/multiqc_data/fastqc_sequence_duplication_levels_plot.txt",
                "multiqc/multiqc_data/fastqc_top_overrepresented_sequences_table.txt",
                "multiqc/multiqc_data/homer-tag-directory-gc-content.txt",
                "multiqc/multiqc_data/homer-tag-info-dist.txt",
                "multiqc/multiqc_data/homer-tag-length-dist.txt",
                "multiqc/multiqc_data/homer_tagdir.txt",
                "multiqc/multiqc_data/multiqc.log",
                "multiqc/multiqc_data/multiqc_citations.txt",
                "multiqc/multiqc_data/multiqc_data.json",
                "multiqc/multiqc_data/multiqc_fastqc.txt",
                "multiqc/multiqc_data/multiqc_general_stats.txt",
                "multiqc/multiqc_data/multiqc_rseqc_infer_experiment.txt",
                "multiqc/multiqc_data/multiqc_rseqc_read_distribution.txt",
                "multiqc/multiqc_data/multiqc_samtools_flagstat.txt",
                "multiqc/multiqc_data/multiqc_samtools_idxstats.txt",
                "multiqc/multiqc_data/multiqc_samtools_stats.txt",
                "multiqc/multiqc_data/multiqc_software_versions.txt",
                "multiqc/multiqc_data/multiqc_sources.txt",
                "multiqc/multiqc_data/preseq.txt",
                "multiqc/multiqc_data/preseq_complexity_plot_molecules.txt",
                "multiqc/multiqc_data/rseqc_infer_experiment_plot.txt",
                "multiqc/multiqc_data/rseqc_read_distribution_plot.txt",
                "multiqc/multiqc_data/rseqc_read_dups.txt",
                "multiqc/multiqc_data/rseqc_read_dups_plot.txt",
                "multiqc/multiqc_data/samtools-flagstat-dp_Percentage_of_total.txt",
                "multiqc/multiqc_data/samtools-flagstat-dp_Read_counts.txt",
                "multiqc/multiqc_data/samtools-idxstats-mapped-reads-plot_Normalised_Counts.txt",
                "multiqc/multiqc_data/samtools-idxstats-mapped-reads-plot_Observed_over_Expected_Counts.txt",
                "multiqc/multiqc_data/samtools-idxstats-mapped-reads-plot_Raw_Counts.txt",
                "multiqc/multiqc_data/samtools-stats-dp.txt",
                "multiqc/multiqc_data/samtools_alignment_plot.txt",
                "multiqc/multiqc_report.html",
                "pipeline_info",
                "pipeline_info/nf_core_pipeline_software_mqc_versions.yml",
                "preprocessing",
                "preprocessing/fastp",
                "preprocessing/fastp/cd4_REP1.trimmed.fastp.html",
                "preprocessing/fastp/cd4_REP1.trimmed.fastp.json",
                "preprocessing/fastp/cd4_REP1.trimmed.fastp.log",
                "preprocessing/fastp/cd4_REP2.trimmed.fastp.html",
                "preprocessing/fastp/cd4_REP2.trimmed.fastp.json",
                "preprocessing/fastp/cd4_REP2.trimmed.fastp.log",
                "preprocessing/fastp/cd4_REP3.trimmed.fastp.html",
                "preprocessing/fastp/cd4_REP3.trimmed.fastp.json",
                "preprocessing/fastp/cd4_REP3.trimmed.fastp.log",
                "preprocessing/fastp/cd4_REP4.trimmed.fastp.html",
                "preprocessing/fastp/cd4_REP4.trimmed.fastp.json",
                "preprocessing/fastp/cd4_REP4.trimmed.fastp.log",
                "preprocessing/fastp/jurkat_REP1.trimmed.fastp.html",
                "preprocessing/fastp/jurkat_REP1.trimmed.fastp.json",
                "preprocessing/fastp/jurkat_REP1.trimmed.fastp.log",
                "preprocessing/fastp/jurkat_REP2.trimmed.fastp.html",
                "preprocessing/fastp/jurkat_REP2.trimmed.fastp.json",
                "preprocessing/fastp/jurkat_REP2.trimmed.fastp.log",
                "preprocessing/fastqc",
                "preprocessing/fastqc/cd4_REP1_fastqc.html",
                "preprocessing/fastqc/cd4_REP1_fastqc.zip",
                "preprocessing/fastqc/cd4_REP2_fastqc.html",
                "preprocessing/fastqc/cd4_REP2_fastqc.zip",
                "preprocessing/fastqc/cd4_REP3_fastqc.html",
                "preprocessing/fastqc/cd4_REP3_fastqc.zip",
                "preprocessing/fastqc/cd4_REP4_fastqc.html",
                "preprocessing/fastqc/cd4_REP4_fastqc.zip",
                "preprocessing/fastqc/jurkat_REP1_fastqc.html",
                "preprocessing/fastqc/jurkat_REP1_fastqc.zip",
                "preprocessing/fastqc/jurkat_REP2_fastqc.html",
                "preprocessing/fastqc/jurkat_REP2_fastqc.zip",
                "quality_control",
                "quality_control/bbsplit",
                "quality_control/bbsplit/cd4_REP1.coverage.hist.txt",
                "quality_control/bbsplit/cd4_REP1.coverage.stats.txt",
                "quality_control/bbsplit/cd4_REP2.coverage.hist.txt",
                "quality_control/bbsplit/cd4_REP2.coverage.stats.txt",
                "quality_control/bbsplit/cd4_REP3.coverage.hist.txt",
                "quality_control/bbsplit/cd4_REP3.coverage.stats.txt",
                "quality_control/bbsplit/cd4_REP4.coverage.hist.txt",
                "quality_control/bbsplit/cd4_REP4.coverage.stats.txt",
                "quality_control/bbsplit/jurkat_REP1.coverage.hist.txt",
                "quality_control/bbsplit/jurkat_REP1.coverage.stats.txt",
                "quality_control/bbsplit/jurkat_REP2.coverage.hist.txt",
                "quality_control/bbsplit/jurkat_REP2.coverage.stats.txt",
                "quality_control/preseq",
                "quality_control/preseq/cd4_REP1.c_curve.txt",
                "quality_control/preseq/cd4_REP1.lc_extrap.txt",
                "quality_control/preseq/cd4_REP2.c_curve.txt",
                "quality_control/preseq/cd4_REP2.lc_extrap.txt",
                "quality_control/preseq/cd4_REP3.c_curve.txt",
                "quality_control/preseq/cd4_REP3.lc_extrap.txt",
                "quality_control/preseq/cd4_REP4.c_curve.txt",
                "quality_control/preseq/cd4_REP4.lc_extrap.txt",
                "quality_control/preseq/jurkat_REP1.c_curve.txt",
                "quality_control/preseq/jurkat_REP1.lc_extrap.txt",
                "quality_control/preseq/jurkat_REP2.c_curve.txt",
                "quality_control/preseq/jurkat_REP2.lc_extrap.txt",
                "quality_control/preseq/log",
                "quality_control/preseq/log/cd4_REP1.command.log",
                "quality_control/preseq/log/cd4_REP2.command.log",
                "quality_control/preseq/log/cd4_REP3.command.log",
                "quality_control/preseq/log/cd4_REP4.command.log",
                "quality_control/preseq/log/jurkat_REP1.command.log",
                "quality_control/preseq/log/jurkat_REP2.command.log",
                "quality_control/rseqc",
                "quality_control/rseqc/infer_experiment",
                "quality_control/rseqc/infer_experiment/cd4_REP1.infer_experiment.txt",
                "quality_control/rseqc/infer_experiment/cd4_REP2.infer_experiment.txt",
                "quality_control/rseqc/infer_experiment/cd4_REP3.infer_experiment.txt",
                "quality_control/rseqc/infer_experiment/cd4_REP4.infer_experiment.txt",
                "quality_control/rseqc/infer_experiment/jurkat_REP1.infer_experiment.txt",
                "quality_control/rseqc/infer_experiment/jurkat_REP2.infer_experiment.txt",
                "quality_control/rseqc/read_distribution",
                "quality_control/rseqc/read_distribution/cd4_REP1.read_distribution.txt",
                "quality_control/rseqc/read_distribution/cd4_REP2.read_distribution.txt",
                "quality_control/rseqc/read_distribution/cd4_REP3.read_distribution.txt",
                "quality_control/rseqc/read_distribution/cd4_REP4.read_distribution.txt",
                "quality_control/rseqc/read_distribution/jurkat_REP1.read_distribution.txt",
                "quality_control/rseqc/read_distribution/jurkat_REP2.read_distribution.txt",
                "quality_control/rseqc/read_duplication",
                "quality_control/rseqc/read_duplication/pdf",
                "quality_control/rseqc/read_duplication/pdf/cd4_REP1.DupRate_plot.pdf",
                "quality_control/rseqc/read_duplication/pdf/cd4_REP2.DupRate_plot.pdf",
                "quality_control/rseqc/read_duplication/pdf/cd4_REP3.DupRate_plot.pdf",
                "quality_control/rseqc/read_duplication/pdf/cd4_REP4.DupRate_plot.pdf",
                "quality_control/rseqc/read_duplication/pdf/jurkat_REP1.DupRate_plot.pdf",
                "quality_control/rseqc/read_duplication/pdf/jurkat_REP2.DupRate_plot.pdf",
                "quality_control/rseqc/read_duplication/rscript",
                "quality_control/rseqc/read_duplication/rscript/cd4_REP1.DupRate_plot.r",
                "quality_control/rseqc/read_duplication/rscript/cd4_REP2.DupRate_plot.r",
                "quality_control/rseqc/read_duplication/rscript/cd4_REP3.DupRate_plot.r",
                "quality_control/rseqc/read_duplication/rscript/cd4_REP4.DupRate_plot.r",
                "quality_control/rseqc/read_duplication/rscript/jurkat_REP1.DupRate_plot.r",
                "quality_control/rseqc/read_duplication/rscript/jurkat_REP2.DupRate_plot.r",
                "quality_control/rseqc/read_duplication/xls",
                "quality_control/rseqc/read_duplication/xls/cd4_REP1.pos.DupRate.xls",
                "quality_control/rseqc/read_duplication/xls/cd4_REP1.seq.DupRate.xls",
                "quality_control/rseqc/read_duplication/xls/cd4_REP2.pos.DupRate.xls",
                "quality_control/rseqc/read_duplication/xls/cd4_REP2.seq.DupRate.xls",
                "quality_control/rseqc/read_duplication/xls/cd4_REP3.pos.DupRate.xls",
                "quality_control/rseqc/read_duplication/xls/cd4_REP3.seq.DupRate.xls",
                "quality_control/rseqc/read_duplication/xls/cd4_REP4.pos.DupRate.xls",
                "quality_control/rseqc/read_duplication/xls/cd4_REP4.seq.DupRate.xls",
                "quality_control/rseqc/read_duplication/xls/jurkat_REP1.pos.DupRate.xls",
                "quality_control/rseqc/read_duplication/xls/jurkat_REP1.seq.DupRate.xls",
                "quality_control/rseqc/read_duplication/xls/jurkat_REP2.pos.DupRate.xls",
                "quality_control/rseqc/read_duplication/xls/jurkat_REP2.seq.DupRate.xls",
                "quantification",
                "quantification/gene",
                "quantification/gene/cd4.featureCounts.txt",
                "quantification/gene/cd4.featureCounts.txt.summary",
                "quantification/gene/jurkat.featureCounts.txt",
                "quantification/gene/jurkat.featureCounts.txt.summary",
                "quantification/nascent",
                "quantification/nascent/cd4-group_cd4_intersect-transcripts.featureCounts.txt",
                "quantification/nascent/cd4-group_cd4_intersect-transcripts.featureCounts.txt.summary",
                "quantification/nascent/jurkat-group_cd4_intersect-transcripts.featureCounts.txt",
                "quantification/nascent/jurkat-group_cd4_intersect-transcripts.featureCounts.txt.summary",
                "samtools",
                "samtools/cd4.bam",
                "samtools/jurkat.bam",
                "transcript_identification",
                "transcript_identification/filtered",
                "transcript_identification/filtered/cd4_filtered.bed",
                "transcript_identification/filtered/jurkat_filtered.bed",
                "transcript_identification/homer",
                "transcript_identification/homer/cd4.bed",
                "transcript_identification/homer/cd4.bedGraph.gz",
                "transcript_identification/homer/cd4.peaks.txt",
                "transcript_identification/homer/cd4_tagdir",
                "transcript_identification/homer/cd4_tagdir/chr21.tags.tsv",
                "transcript_identification/homer/cd4_tagdir/genomeGCcontent.txt",
                "transcript_identification/homer/cd4_tagdir/tagAutocorrelation.txt",
                "transcript_identification/homer/cd4_tagdir/tagCountDistribution.txt",
                "transcript_identification/homer/cd4_tagdir/tagFreq.txt",
                "transcript_identification/homer/cd4_tagdir/tagFreqUniq.txt",
                "transcript_identification/homer/cd4_tagdir/tagGCcontent.txt",
                "transcript_identification/homer/cd4_tagdir/tagInfo.txt",
                "transcript_identification/homer/cd4_tagdir/tagLengthDistribution.txt",
                "transcript_identification/homer/jurkat.bed",
                "transcript_identification/homer/jurkat.bedGraph.gz",
                "transcript_identification/homer/jurkat.peaks.txt",
                "transcript_identification/homer/jurkat_tagdir",
                "transcript_identification/homer/jurkat_tagdir/chr21.tags.tsv",
                "transcript_identification/homer/jurkat_tagdir/genomeGCcontent.txt",
                "transcript_identification/homer/jurkat_tagdir/tagAutocorrelation.txt",
                "transcript_identification/homer/jurkat_tagdir/tagCountDistribution.txt",
                "transcript_identification/homer/jurkat_tagdir/tagFreq.txt",
                "transcript_identification/homer/jurkat_tagdir/tagFreqUniq.txt",
                "transcript_identification/homer/jurkat_tagdir/tagGCcontent.txt",
                "transcript_identification/homer/jurkat_tagdir/tagInfo.txt",
                "transcript_identification/homer/jurkat_tagdir/tagLengthDistribution.txt",
                "transcript_identification/homer/versions.yml",
                "transcript_identification/intersect",
                "transcript_identification/intersect/cd4_intersect.bed",
                "transcript_identification/intersect/jurkat_intersect.bed",
                "transcript_identification/merged",
                "transcript_identification/merged/cd4_merged.bed",
                "transcript_identification/merged/jurkat_merged.bed",
                "transcript_identification/pints",
                "transcript_identification/pints/cd4_chr21_1_unidirectional_peaks.bed",
                "transcript_identification/pints/jurkat_chr21_1_unidirectional_peaks.bed",
                "transcript_identification/pints/peakcalling_2024_12_15_17_45_00_44.log"
            ],
            [
                "cd4_intersect.saf:md5,635fcd8e2c060dc75db25564c2a664dc",
                "cd4_REP1.sorted.bam:md5,24ca659d88a69778fb54794055a7d321",
                "cd4_REP1.sorted.bam.bai:md5,89c4319f5f28020940ba31ca7e602e84",
                "cd4_REP2.sorted.bam:md5,896546706635319d9d1acc3777e3e79c",
                "cd4_REP2.sorted.bam.bai:md5,f87fb585bc0d570a16d5ae9230f36113",
                "cd4_REP3.sorted.bam:md5,87759126ce19e605d415e11d32b758b2",
                "cd4_REP3.sorted.bam.bai:md5,39c4c10e041e812be47b20996c004594",
                "cd4_REP4.sorted.bam:md5,be020f98894a831a25b32e0e74d96edd",
                "cd4_REP4.sorted.bam.bai:md5,8cb9c3c74faf7c3594bdbd9fd642434d",
                "jurkat_REP1.sorted.bam:md5,322394245e8ba6fb51fb591b4ba2dc82",
                "jurkat_REP1.sorted.bam.bai:md5,78490e10f957ad2b0b05d1106e67d3d5",
                "jurkat_REP2.sorted.bam:md5,ece1ae4ce266a64a4d27aa12b4bb630e",
                "jurkat_REP2.sorted.bam.bai:md5,eff0f3690baa030685f76a0687301827",
                "cd4_REP1.sorted.bam.flagstat:md5,863e2d506d5cc4239af98a5f31bbc906",
                "cd4_REP1.sorted.bam.idxstats:md5,b1dd8bcbd23c53c21f0e11082d9315f2",
                "cd4_REP1.sorted.bam.stats:md5,1536c80bae78b2062508e1de210f6387",
                "cd4_REP2.sorted.bam.flagstat:md5,0fd86dbf8f799fad49ba471702979bdc",
                "cd4_REP2.sorted.bam.idxstats:md5,53204e4c6a9f68664087e4a8123be46a",
                "cd4_REP2.sorted.bam.stats:md5,561610e53fb676ac83252712dcac30d4",
                "cd4_REP3.sorted.bam.flagstat:md5,793c9cadbf80e35dbae3774e9b5bd93f",
                "cd4_REP3.sorted.bam.idxstats:md5,42de227ff397013cf288759871b0e938",
                "cd4_REP3.sorted.bam.stats:md5,9c8a44ba139ce9a24449779f5d3c9228",
                "cd4_REP4.sorted.bam.flagstat:md5,ed6c609505097f3cc9d9902d69e016f8",
                "cd4_REP4.sorted.bam.idxstats:md5,959dc185ae59de4cebe374026711a55e",
                "cd4_REP4.sorted.bam.stats:md5,edc57478278aa35b7376cee9afd634a7",
                "jurkat_REP1.sorted.bam.flagstat:md5,fd5f02b0f02a407447b804b1d80f5421",
                "jurkat_REP1.sorted.bam.idxstats:md5,c61af0847c1ad76c06a8de2815975b32",
                "jurkat_REP1.sorted.bam.stats:md5,ce9ff516908d86fb6db6ce44d5a3904b",
                "jurkat_REP2.sorted.bam.flagstat:md5,86ed47bd41a745ab59de473082c7742d",
                "jurkat_REP2.sorted.bam.idxstats:md5,3db8f88c1f836eb5d10f37ca1df81ae9",
                "jurkat_REP2.sorted.bam.stats:md5,026c558e8c36136ef19bfbef6b12ce2b",
                "cd4.bed:md5,76ee3b56d3e518f88a34b42039ec719c",
                "jurkat.bed:md5,862a5e81119acc691845f3b426847401",
                "cd4_REP1.dreg.bedGraph:md5,8948a8fa86d8f6d413b77983189ff56e",
                "cd4_REP1.minus.bedGraph:md5,2a1c34f9d9ef9ff1b9da7874b9e3aaad",
                "cd4_REP1.minus.bigWig:md5,5280319275c98dcce023779fa389884d",
                "cd4_REP1.plus.bedGraph:md5,1509ec3a921e3109c5914e1bcef8cf33",
                "cd4_REP1.plus.bigWig:md5,72ccab3173f2018a22a4b36841247ba2",
                "cd4_REP2.dreg.bedGraph:md5,29f865a5668fae4a52a41589ac2b3179",
                "cd4_REP2.minus.bedGraph:md5,c530bc34fa3ec7ac49e88ff65f9c2f92",
                "cd4_REP2.minus.bigWig:md5,5e748c794e037f441741f7f409c8c5ad",
                "cd4_REP2.plus.bedGraph:md5,a675141da2874ec08d91591e5ea8242b",
                "cd4_REP2.plus.bigWig:md5,08674d52e9eeb08807c33ed3e4b3d504",
                "cd4_REP3.dreg.bedGraph:md5,201e690c619ee231416b643740141588",
                "cd4_REP3.minus.bedGraph:md5,1c44c165f663d08c869a013b78f051b0",
                "cd4_REP3.minus.bigWig:md5,aa3f5e86c635e182f9173543751cfbfd",
                "cd4_REP3.plus.bedGraph:md5,a475098ed14da6f3242c4cfdf3abb713",
                "cd4_REP3.plus.bigWig:md5,b255ae7c47424c223c537d00ecc025b5",
                "cd4_REP4.dreg.bedGraph:md5,dfcfce7df666c0e24a3d0d4e21447a0b",
                "cd4_REP4.minus.bedGraph:md5,b7a3d3c822155dfd8052c67a330fd6d5",
                "cd4_REP4.minus.bigWig:md5,fc61c62613dc0f74a65c32419aba8f76",
                "cd4_REP4.plus.bedGraph:md5,5623367b681562a2567afc62a8da4151",
                "cd4_REP4.plus.bigWig:md5,ed00ad7a22c49860debc86cfa7ffb457",
                "jurkat_REP1.dreg.bedGraph:md5,c25a4fb095e9f7d6766a3ce33e08f7d8",
                "jurkat_REP1.minus.bedGraph:md5,8d5d9a41df6eb6c56b1bfd3f39dc1fc6",
                "jurkat_REP1.minus.bigWig:md5,d06c8015c996bf520fff17266fd01f84",
                "jurkat_REP1.plus.bedGraph:md5,6ed63e5983edaa74fb3965676efdb674",
                "jurkat_REP1.plus.bigWig:md5,7a02334f2c7300ffdb5a2253c0937390",
                "jurkat_REP2.dreg.bedGraph:md5,aad861b6fd8d296fe6bb4bc82d5eeeed",
                "jurkat_REP2.minus.bedGraph:md5,cd83486cb6bb71e6b6e31a69c94d0d85",
                "jurkat_REP2.minus.bigWig:md5,686f719978de948f7045acc95f9d1c82",
                "jurkat_REP2.plus.bedGraph:md5,569e8a25c9cf48d1ef953f3da77c48a1",
                "jurkat_REP2.plus.bigWig:md5,cbe3fd38fe8f9508645bbfad83924212",
                "fastqc-status-check-heatmap.txt:md5,54eaa9c4b747e892026ca0cb40e20d0e",
                "fastqc_adapter_content_plot.txt:md5,de08191d660035f8e31cd20a39d49449",
                "fastqc_overrepresented_sequences_plot.txt:md5,b80bcbee43bd8861e9ae7f985a963bf5",
                "fastqc_per_base_n_content_plot.txt:md5,aba6fb9329f4bc05eb1dff9e2e6e4448",
                "fastqc_per_base_sequence_quality_plot.txt:md5,9bffaf2c58e715bc7604bd3467145487",
                "fastqc_per_sequence_gc_content_plot_Counts.txt:md5,7d87b4086af0fbb1da24a13a2b28b53c",
                "fastqc_per_sequence_gc_content_plot_Percentages.txt:md5,9d57a5eff9d7f734ada23931e563db53",
                "fastqc_per_sequence_quality_scores_plot.txt:md5,6b932566907be97642a291eab6a0419e",
                "fastqc_sequence_counts_plot.txt:md5,26cdc4ed5c6261fbc940ae2341facd26",
                "fastqc_sequence_duplication_levels_plot.txt:md5,e2b3be0c99270ea1e39c3c0bcb3957f4",
                "fastqc_top_overrepresented_sequences_table.txt:md5,da8609080b5a16765f1b9cade4ff428e",
                "homer-tag-directory-gc-content.txt:md5,60bb0ce90eddd137b5b2ca823051acbf",
                "homer-tag-info-dist.txt:md5,ee9fe273399a253ab03d23808ad13769",
                "homer-tag-length-dist.txt:md5,776999aa7958d892118e1f81605d2d6c",
                "homer_tagdir.txt:md5,f8e1dbdd9cdfcf1c01b57e385fe3849b",
                "multiqc.log:md5,4362bb9bc5429c8f83c520068bc30d93",
                "multiqc_citations.txt:md5,51017bc56474100a7d0f12f0e726935c",
                "multiqc_data.json:md5,221c15b73fa4807e41c76744645c784f",
                "multiqc_fastqc.txt:md5,7d106f21a9fce707c0f2f80ebe423fdc",
                "multiqc_general_stats.txt:md5,4cba40da02a1aa33239afa472ef8818a",
                "multiqc_rseqc_infer_experiment.txt:md5,7742ec391ad8fbd6970ac8e76d8ed99e",
                "multiqc_rseqc_read_distribution.txt:md5,f9d25d0d1556c5d6197a7ace48d42bad",
                "multiqc_samtools_flagstat.txt:md5,97559507a36988f3cea0450004d14f1c",
                "multiqc_samtools_idxstats.txt:md5,7470628b9c7653676a1726dba6750bcf",
                "multiqc_samtools_stats.txt:md5,bf614e3f14ed5f319f1f60dab566a0c8",
                "multiqc_software_versions.txt:md5,71b857625ebbe5f51be6501178fc5d49",
                "multiqc_sources.txt:md5,d1cc92731f0987d72296dca6dcd18a05",
                "preseq.txt:md5,d2605fe400e1665bf037fa5d25b17425",
                "preseq_complexity_plot_molecules.txt:md5,90f9af51864a0a82a0d9e2d6551707a8",
                "rseqc_infer_experiment_plot.txt:md5,7f99caa50e1282b7905d24e1c1529c4a",
                "rseqc_read_distribution_plot.txt:md5,65b9b6607ace0282d8195d985fdbdcf2",
                "rseqc_read_dups.txt:md5,2f7c77c35ce9ae82c0bd74258d4aaa9c",
                "rseqc_read_dups_plot.txt:md5,b533ed50d90fa44323198a2e0ede4a0f",
                "samtools-flagstat-dp_Percentage_of_total.txt:md5,62286c20dc41719e5777c6ee56d3fdbb",
                "samtools-flagstat-dp_Read_counts.txt:md5,9ad454ab09e33ac470abb51dcaaec113",
                "samtools-idxstats-mapped-reads-plot_Normalised_Counts.txt:md5,7fb2808dc571e89f378d6e410ce0021b",
                "samtools-idxstats-mapped-reads-plot_Observed_over_Expected_Counts.txt:md5,7fb2808dc571e89f378d6e410ce0021b",
                "samtools-idxstats-mapped-reads-plot_Raw_Counts.txt:md5,d4aea3276fac660b6e7f3e8298308247",
                "samtools-stats-dp.txt:md5,99661e2566270bc292ea89e8a8ae851b",
                "samtools_alignment_plot.txt:md5,1a823e6914808802ccfbbefd4fc000ff",
                "multiqc_report.html:md5,3e4da3b4b32738b00cc639840ec2b055",
                "cd4_REP1.trimmed.fastp.html:md5,2b518e431576642417961818d5783cd1",
                "cd4_REP1.trimmed.fastp.json:md5,bd9a3344c1591d6be4d524451f9dca53",
                "cd4_REP1.trimmed.fastp.log:md5,3a3e16fa784eab41567542c2d577fd78",
                "cd4_REP2.trimmed.fastp.html:md5,f7a9f353c93a913c0fd28f65a11f1a73",
                "cd4_REP2.trimmed.fastp.json:md5,bc6e3f9ff7835f220535cc393b8eb25f",
                "cd4_REP2.trimmed.fastp.log:md5,8f6a7fc4c6476f086470f57265064d45",
                "cd4_REP3.trimmed.fastp.html:md5,172f80221f977edc194d79ef0f917dea",
                "cd4_REP3.trimmed.fastp.json:md5,c9c3a1dd0a2ebac77c9d7c3b0daf3790",
                "cd4_REP3.trimmed.fastp.log:md5,c3ba500272d8b3acf498dc5e9d38a2e8",
                "cd4_REP4.trimmed.fastp.html:md5,902147cebc270195ea0e03910f914c35",
                "cd4_REP4.trimmed.fastp.json:md5,c073bd26609ddca91396d0f374ec5b80",
                "cd4_REP4.trimmed.fastp.log:md5,c7273ba6b0df79ab019b580b75855153",
                "jurkat_REP1.trimmed.fastp.html:md5,0f6c7e18ca9dfa51a9377e0c01049dd4",
                "jurkat_REP1.trimmed.fastp.json:md5,329fd8e56421a196fc2ebd37ab3bc22d",
                "jurkat_REP1.trimmed.fastp.log:md5,85a85bfaeb8b88e0ff281e5353e8f5a7",
                "jurkat_REP2.trimmed.fastp.html:md5,1712da81f2ffeb0ee039a41900192411",
                "jurkat_REP2.trimmed.fastp.json:md5,8bad5b02a27e5386255b998a6a69db15",
                "jurkat_REP2.trimmed.fastp.log:md5,1699efb244338013ce5240cd68be7501",
                "cd4_REP1_fastqc.html:md5,6e2db41130efce7f49c13db6fa5a375a",
                "cd4_REP1_fastqc.zip:md5,37e350ea94e5cc33a5e9043c1b557cec",
                "cd4_REP2_fastqc.html:md5,bd60b96aef8f505a226c3420c45460b1",
                "cd4_REP2_fastqc.zip:md5,2c83180d9337fd4c8b29aa7a2a1ed1f5",
                "cd4_REP3_fastqc.html:md5,312c2b6cc098cd87175e8037d606f9b8",
                "cd4_REP3_fastqc.zip:md5,afb816a12e59699d0b062b8078ba947e",
                "cd4_REP4_fastqc.html:md5,56639d924dea6958d8cbd21667bc28cf",
                "cd4_REP4_fastqc.zip:md5,55bbd51063b83097399bfaa124288293",
                "jurkat_REP1_fastqc.html:md5,2bacbec6c15d9c4bb316292dcb0d8fcf",
                "jurkat_REP1_fastqc.zip:md5,c893b45377039c34f70921c8bdb397ac",
                "jurkat_REP2_fastqc.html:md5,5b0cac2bd71e46e7536972241f380d53",
                "jurkat_REP2_fastqc.zip:md5,40136cb3588b3abe9601a66b3fe7817d",
                "cd4_REP1.coverage.hist.txt:md5,7cbb473be8d3b32ff2e52fdf4e5d10d2",
                "cd4_REP1.coverage.stats.txt:md5,f1471b61ac17dba283d80e08450c7e55",
                "cd4_REP2.coverage.hist.txt:md5,8d5258a0882494bc4e3f1aa6aa5ed685",
                "cd4_REP2.coverage.stats.txt:md5,3cdb4473211f9da44166ffa6aaa5b602",
                "cd4_REP3.coverage.hist.txt:md5,4a8397c1ea08f35ca7046e3c2c014a08",
                "cd4_REP3.coverage.stats.txt:md5,b88592b469d504a93f2389255ac15f38",
                "cd4_REP4.coverage.hist.txt:md5,d2cbf89e1f753d99bcd03b4e472270dd",
                "cd4_REP4.coverage.stats.txt:md5,4c2b5fe6793aab8560cc87c176ac06ab",
                "jurkat_REP1.coverage.hist.txt:md5,71a893d9d1d55fd47399f6d47b628d6e",
                "jurkat_REP1.coverage.stats.txt:md5,381c69a30099d82066a959deab1a2569",
                "jurkat_REP2.coverage.hist.txt:md5,d124bdadaf2dc5cdd9e3db5a1ab4c588",
                "jurkat_REP2.coverage.stats.txt:md5,b1940346719e4070091f2eef6e508f49",
                "cd4_REP1.c_curve.txt:md5,cf4743abdd355595d6ec1fb3f38e66e5",
                "cd4_REP1.lc_extrap.txt:md5,8633f84ccd5cc725db9af4b33edd63b0",
                "cd4_REP2.c_curve.txt:md5,cf4743abdd355595d6ec1fb3f38e66e5",
                "cd4_REP2.lc_extrap.txt:md5,3ad9e4028c3711e6d46831c10ed04200",
                "cd4_REP3.c_curve.txt:md5,cf4743abdd355595d6ec1fb3f38e66e5",
                "cd4_REP3.lc_extrap.txt:md5,25ebbeabee46caa86a4d6d82dd0091f1",
                "cd4_REP4.c_curve.txt:md5,cf4743abdd355595d6ec1fb3f38e66e5",
                "cd4_REP4.lc_extrap.txt:md5,d0df86774dd54421fd362d46faa3f937",
                "jurkat_REP1.c_curve.txt:md5,cf4743abdd355595d6ec1fb3f38e66e5",
                "jurkat_REP1.lc_extrap.txt:md5,84faa937faa88476c942f330c5762cb5",
                "jurkat_REP2.c_curve.txt:md5,cf4743abdd355595d6ec1fb3f38e66e5",
                "jurkat_REP2.lc_extrap.txt:md5,8ae0a77bcc59da38ec2da0fc1f973227",
                "cd4_REP1.command.log:md5,ba1e20cbe1e988962cf66a0062baa68e",
                "cd4_REP2.command.log:md5,ded97d17ea56e711e5fa78305c1980f0",
                "cd4_REP3.command.log:md5,51c6f8c93c91ecd3ee5b8d8b8ab94f77",
                "cd4_REP4.command.log:md5,32fe9fc65b8c92b6d3ceee4e5d8a507f",
                "jurkat_REP1.command.log:md5,870a47f101cd5007d2756448b896c33d",
                "jurkat_REP2.command.log:md5,754dcc46cd47bf300965522303bc065f",
                "cd4_REP1.infer_experiment.txt:md5,2d8f31fe48cfc1db9d4c46ba59c2c7f3",
                "cd4_REP2.infer_experiment.txt:md5,70ac3bf0d0c50d644ab97e1698021e55",
                "cd4_REP3.infer_experiment.txt:md5,b0157d081d0ba0c27b370915f13c8c8a",
                "cd4_REP4.infer_experiment.txt:md5,37ec4ee4ed5f707f073be5a7d4c9acfb",
                "jurkat_REP1.infer_experiment.txt:md5,3ec36bed252146eb9cdb68db30c1855e",
                "jurkat_REP2.infer_experiment.txt:md5,cde67a32fc922fb61fe5c5ea4b0e5c92",
                "cd4_REP1.read_distribution.txt:md5,1fcc6afbb63242818d446b877a832c3a",
                "cd4_REP2.read_distribution.txt:md5,c2762d927c1c12d520ebee8160561189",
                "cd4_REP3.read_distribution.txt:md5,2f05c4cc866b4f8068e02008cad20cb3",
                "cd4_REP4.read_distribution.txt:md5,ececae7f535b4fd5606bf763fdba7a34",
                "jurkat_REP1.read_distribution.txt:md5,6c02a757ed379a6c19f6855e38b5d909",
                "jurkat_REP2.read_distribution.txt:md5,a5f8bed2cff9d780a31c3ce43e289d9e",
                "cd4_REP1.DupRate_plot.pdf:md5,47f2cce8a9125a14286ef5e8ddca5aa8",
                "cd4_REP2.DupRate_plot.pdf:md5,6cdc12e8e4da6524b45464e4d1471602",
                "cd4_REP3.DupRate_plot.pdf:md5,f6c35169934fe6c0119424ff64c3344f",
                "cd4_REP4.DupRate_plot.pdf:md5,79956239dc01cbd79b738cf1d389880f",
                "jurkat_REP1.DupRate_plot.pdf:md5,9cd3ec07dceffc796024e8e07676b2c7",
                "jurkat_REP2.DupRate_plot.pdf:md5,1cd0328503c7ca4a7de20d74617a4611",
                "cd4_REP1.DupRate_plot.r:md5,a6f96b5b87a142dca2e09868deb8222b",
                "cd4_REP2.DupRate_plot.r:md5,a0686d22ba07f33a627c1a106d442a03",
                "cd4_REP3.DupRate_plot.r:md5,5b37293c52beaecc5980aa2b9bafd82c",
                "cd4_REP4.DupRate_plot.r:md5,ffa0f611b7f86d36134f9d80c3e1c9de",
                "jurkat_REP1.DupRate_plot.r:md5,8e4dc99cae73c94eda275aeee08a5390",
                "jurkat_REP2.DupRate_plot.r:md5,3507444f5965ca98a448ab15659ba34f",
                "cd4_REP1.pos.DupRate.xls:md5,a80db2d20096ca839a7847ec5b11bf75",
                "cd4_REP1.seq.DupRate.xls:md5,c34531fd7578c6f62cbad53b96a7feb9",
                "cd4_REP2.pos.DupRate.xls:md5,06200ab67a60bee71fd168de88c15369",
                "cd4_REP2.seq.DupRate.xls:md5,c82f6d687eacabbab045db34647c3254",
                "cd4_REP3.pos.DupRate.xls:md5,fd3e91bfe070deccef65b265957cb733",
                "cd4_REP3.seq.DupRate.xls:md5,f4c9f61081e6ef309abe82bb34aa4bd0",
                "cd4_REP4.pos.DupRate.xls:md5,7fb8a7e96fd521561f62ccf7bf490212",
                "cd4_REP4.seq.DupRate.xls:md5,8c671e5b0029d396a666839029298828",
                "jurkat_REP1.pos.DupRate.xls:md5,0721c91ab7c640b046689095047657f8",
                "jurkat_REP1.seq.DupRate.xls:md5,aba941b1bf0e93f99e39bd507d1c02de",
                "jurkat_REP2.pos.DupRate.xls:md5,253ec69be4f5322dc92f6cb3fb41f7e0",
                "jurkat_REP2.seq.DupRate.xls:md5,c7c83a29e6dfd49ff17858fe83dc07c8",
                "cd4.featureCounts.txt:md5,47a85f4f56eadbc8eae797a08100ce46",
                "cd4.featureCounts.txt.summary:md5,c78e1e8eaa51aa97e141335166290e6e",
                "jurkat.featureCounts.txt:md5,b8af15779d488ac710b8e830312bb605",
                "jurkat.featureCounts.txt.summary:md5,205b13730ce401dfed6a94a61caf26ae",
                "cd4-group_cd4_intersect-transcripts.featureCounts.txt:md5,f78b148a5e48a9dfe65864efbe4d7ef5",
                "cd4-group_cd4_intersect-transcripts.featureCounts.txt.summary:md5,93f83ecd6d3764cdb013c0916f946886",
                "jurkat-group_cd4_intersect-transcripts.featureCounts.txt:md5,952eb95b9dc4081cffb14e6bf251a960",
                "jurkat-group_cd4_intersect-transcripts.featureCounts.txt.summary:md5,48137200120f4774746cd0995414c43d",
                "cd4.bam:md5,593ac4fc591e04af424efdeb8750104a",
                "jurkat.bam:md5,19e4f510b0a3005e72569569796a21c6",
                "cd4_filtered.bed:md5,9765d778862a20feefb94d407773bef3",
                "jurkat_filtered.bed:md5,cae11a1bfb707ea2df5fe612ae7268c8",
                "cd4.bed:md5,ab94918610a560772fdbec591200295f",
                "cd4.bedGraph.gz:md5,50fb367e6dd9f5ca58fd63820ae068ec",
                "cd4.peaks.txt:md5,6edefe0a75b76240d3b49d12e49cb600",
                "chr21.tags.tsv:md5,ab64a2b39cf47d981f97715852d3c290",
                "genomeGCcontent.txt:md5,8818bb687d388a8f851df48c1c92a64c",
                "tagAutocorrelation.txt:md5,255f195cb632e7f2e446011234d42f06",
                "tagCountDistribution.txt:md5,99351ef6c7375ef3f02953cfd02cb190",
                "tagFreq.txt:md5,ec112e6e9d4eba57ceae8450db94ed4c",
                "tagFreqUniq.txt:md5,7b1a20d2d14ec3b42403f705ed96b723",
                "tagGCcontent.txt:md5,9f423cebdc46a716e47e8fcbddb6c2de",
                "tagInfo.txt:md5,1219bbf57a1748d73ab71a8427a921e3",
                "tagLengthDistribution.txt:md5,ae99790fcb4004bf798294e76e0a8a24",
                "jurkat.bed:md5,41908723fa423a78476feb2e7627a3a4",
                "jurkat.bedGraph.gz:md5,6f2aae5501f5883b620c5399880035ac",
                "jurkat.peaks.txt:md5,1247c21dbc92f8114dbcb2320fa09a3a",
                "chr21.tags.tsv:md5,8c7f268afb55f7b874ac518104377c01",
                "genomeGCcontent.txt:md5,380eed73713125642b4c37607115e814",
                "tagAutocorrelation.txt:md5,d40fd40dd99740bc4219bd9abb80ebfe",
                "tagCountDistribution.txt:md5,611508c79c2889d73983bbb2ad9e80ca",
                "tagFreq.txt:md5,4805c5ac52acc6e5f381a97c3d433e2e",
                "tagFreqUniq.txt:md5,d161bba3c52cd3e246e29000f349aff6",
                "tagGCcontent.txt:md5,4a19e987ea5b2569d14cda12f1fbebf1",
                "tagInfo.txt:md5,f2c7a1b2eed60842100fb066be5428a2",
                "tagLengthDistribution.txt:md5,38241f577a1a15071dcd16161346dcba",
                "versions.yml:md5,7c0dcd0a18b3c753def73b96cb825792",
                "cd4_intersect.bed:md5,c45718bf5c21eb28b810d4800296728b",
                "jurkat_intersect.bed:md5,d41d8cd98f00b204e9800998ecf8427e",
                "cd4_merged.bed:md5,4d8f9dc54f886f379b95609908a08662",
                "jurkat_merged.bed:md5,cae11a1bfb707ea2df5fe612ae7268c8",
                "cd4_chr21_1_unidirectional_peaks.bed:md5,76ee3b56d3e518f88a34b42039ec719c",
                "jurkat_chr21_1_unidirectional_peaks.bed:md5,862a5e81119acc691845f3b426847401",
                "peakcalling_2024_12_15_17_45_00_44.log:md5,2988afa74c1d505a4242cc2ee2bcf33b"
            ],
            [
                [
                    "cd4_REP1.sorted.bam",
                    "366dda72360cb6fef08914f246c23fe0"
                ],
                [
                    "cd4_REP2.sorted.bam",
                    "7ff8b1c06b1d47b26062624d2baf83a5"
                ],
                [
                    "cd4_REP3.sorted.bam",
                    "281fcd74eeaea3ccf15b864e60c70006"
                ],
                [
                    "cd4_REP4.sorted.bam",
                    "1401ddb7b887f1b81644c516bfde7e88"
                ],
                [
                    "jurkat_REP1.sorted.bam",
                    "4a679dc8ae1fd96bed9da1e3f772daaa"
                ],
                [
                    "jurkat_REP2.sorted.bam",
                    "21970a646ce32e2ccb2aa3d99dc0ebc"
                ],
                [
                    "cd4.bam",
                    "556453f9ab4a169290b24c3eb78fb3b1"
                ],
                [
                    "jurkat.bam",
                    "5a50c610f835a57788aaa94f116ea713"
                ]
            ]
        ],
        "meta": {
            "nf-test": "0.9.2",
            "nextflow": "24.10.2"
        },
        "timestamp": "2024-12-15T11:45:42.473513"
    }
}