{
    "Should work with gzipped references": {
        "content": [
            55
        ],
        "meta": {
            "nf-test": "0.9.2",
            "nextflow": "24.10.1"
        },
        "timestamp": "2024-11-25T20:54:01.863106"
    },
    "Should work with BWA Index": {
        "content": [
            59
        ],
        "meta": {
            "nf-test": "0.9.2",
            "nextflow": "24.10.2"
        },
        "timestamp": "2024-12-18T08:28:08.960886"
    },
    "Should run with defaults": {
        "content": [
            149,
            {
                "BBMAP_PILEUP": {
                    "bbmap": 39.01,
                    "samtools": "1.16.1",
                    "pigz": 2.6
                },
                "BEDTOOLS_GENOMECOV_MINUS": {
                    "bedtools": "2.31.1"
                },
                "BEDTOOLS_GENOMECOV_PLUS": {
                    "bedtools": "2.31.1"
                },
                "BEDTOOLS_INTERSECT": {
                    "bedtools": "2.31.1"
                },
                "BEDTOOLS_INTERSECT_FILTER": {
                    "bedtools": "2.31.1"
                },
                "BEDTOOLS_MERGE": {
                    "bedtools": "2.31.1"
                },
                "BEDTOOLS_SORT": {
                    "bedtools": "2.31.1"
                },
                "BWA_INDEX": {
                    "bwa": "0.7.18-r1243-dirty"
                },
                "BWA_MEM": {
                    "bwa": "0.7.18-r1243-dirty",
                    "samtools": 1.2
                },
                "CAT_CAT": {
                    "pigz": "2.3.4"
                },
                "CUSTOM_GETCHROMSIZES": {
                    "getchromsizes": 1.2
                },
                "DEEPTOOLS_BAMCOVERAGE_MINUS": {
                    "deeptools": "3.5.1"
                },
                "DEEPTOOLS_BAMCOVERAGE_PLUS": {
                    "deeptools": "3.5.1"
                },
                "FASTP": {
                    "fastp": "0.23.4"
                },
                "FASTQC": {
                    "fastqc": "0.12.1"
                },
                "GTF2BED": {
                    "perl": "5.26.2"
                },
                "HOMER_MAKETAGDIRECTORY": {
                    "homer": 4.11,
                    "samtools": 1.21
                },
                "PINTS_CALLER": {
                    "python": "3.12.6",
                    "pints": "1.1.13"
                },
                "PRESEQ_CCURVE": {
                    "preseq": "3.1.1"
                },
                "PRESEQ_LCEXTRAP": {
                    "preseq": "3.1.1"
                },
                "RSEQC_INFEREXPERIMENT": {
                    "rseqc": "5.0.2"
                },
                "RSEQC_READDISTRIBUTION": {
                    "rseqc": "5.0.2"
                },
                "RSEQC_READDUPLICATION": {
                    "rseqc": "5.0.2"
                },
                "SAMTOOLS_MERGE": {
                    "samtools": 1.21
                },
                "SUBREAD_FEATURECOUNTS_GENE": {
                    "subread": "2.0.1"
                },
                "SUBREAD_FEATURECOUNTS_PREDICTED": {
                    "subread": "2.0.1"
                },
                "Workflow": {
                    "nf-core/nascent": "v2.3.0"
                }
            },
            [
                "bwa",
                "bwa/cd4_REP1.sorted.bam",
                "bwa/cd4_REP1.sorted.bam.bai",
                "bwa/cd4_REP2.sorted.bam",
                "bwa/cd4_REP2.sorted.bam.bai",
                "bwa/cd4_REP3.sorted.bam",
                "bwa/cd4_REP3.sorted.bam.bai",
                "bwa/cd4_REP4.sorted.bam",
                "bwa/cd4_REP4.sorted.bam.bai",
                "bwa/jurkat_REP1.sorted.bam",
                "bwa/jurkat_REP1.sorted.bam.bai",
                "bwa/jurkat_REP2.sorted.bam",
                "bwa/jurkat_REP2.sorted.bam.bai",
                "bwa/samtools_stats",
                "bwa/samtools_stats/cd4_REP1.sorted.bam.flagstat",
                "bwa/samtools_stats/cd4_REP1.sorted.bam.idxstats",
                "bwa/samtools_stats/cd4_REP1.sorted.bam.stats",
                "bwa/samtools_stats/cd4_REP2.sorted.bam.flagstat",
                "bwa/samtools_stats/cd4_REP2.sorted.bam.idxstats",
                "bwa/samtools_stats/cd4_REP2.sorted.bam.stats",
                "bwa/samtools_stats/cd4_REP3.sorted.bam.flagstat",
                "bwa/samtools_stats/cd4_REP3.sorted.bam.idxstats",
                "bwa/samtools_stats/cd4_REP3.sorted.bam.stats",
                "bwa/samtools_stats/cd4_REP4.sorted.bam.flagstat",
                "bwa/samtools_stats/cd4_REP4.sorted.bam.idxstats",
                "bwa/samtools_stats/cd4_REP4.sorted.bam.stats",
                "bwa/samtools_stats/jurkat_REP1.sorted.bam.flagstat",
                "bwa/samtools_stats/jurkat_REP1.sorted.bam.idxstats",
                "bwa/samtools_stats/jurkat_REP1.sorted.bam.stats",
                "bwa/samtools_stats/jurkat_REP2.sorted.bam.flagstat",
                "bwa/samtools_stats/jurkat_REP2.sorted.bam.idxstats",
                "bwa/samtools_stats/jurkat_REP2.sorted.bam.stats",
                "cat",
                "cat/cd4.bed",
                "cat/jurkat.bed",
                "coverage_graphs",
                "coverage_graphs/cd4_REP1.dreg.bedGraph",
                "coverage_graphs/cd4_REP1.minus.bedGraph",
                "coverage_graphs/cd4_REP1.minus.bigWig",
                "coverage_graphs/cd4_REP1.plus.bedGraph",
                "coverage_graphs/cd4_REP1.plus.bigWig",
                "coverage_graphs/cd4_REP2.dreg.bedGraph",
                "coverage_graphs/cd4_REP2.minus.bedGraph",
                "coverage_graphs/cd4_REP2.minus.bigWig",
                "coverage_graphs/cd4_REP2.plus.bedGraph",
                "coverage_graphs/cd4_REP2.plus.bigWig",
                "coverage_graphs/cd4_REP3.dreg.bedGraph",
                "coverage_graphs/cd4_REP3.minus.bedGraph",
                "coverage_graphs/cd4_REP3.minus.bigWig",
                "coverage_graphs/cd4_REP3.plus.bedGraph",
                "coverage_graphs/cd4_REP3.plus.bigWig",
                "coverage_graphs/cd4_REP4.dreg.bedGraph",
                "coverage_graphs/cd4_REP4.minus.bedGraph",
                "coverage_graphs/cd4_REP4.minus.bigWig",
                "coverage_graphs/cd4_REP4.plus.bedGraph",
                "coverage_graphs/cd4_REP4.plus.bigWig",
                "coverage_graphs/jurkat_REP1.dreg.bedGraph",
                "coverage_graphs/jurkat_REP1.minus.bedGraph",
                "coverage_graphs/jurkat_REP1.minus.bigWig",
                "coverage_graphs/jurkat_REP1.plus.bedGraph",
                "coverage_graphs/jurkat_REP1.plus.bigWig",
                "coverage_graphs/jurkat_REP2.dreg.bedGraph",
                "coverage_graphs/jurkat_REP2.minus.bedGraph",
                "coverage_graphs/jurkat_REP2.minus.bigWig",
                "coverage_graphs/jurkat_REP2.plus.bedGraph",
                "coverage_graphs/jurkat_REP2.plus.bigWig",
                "multiqc",
                "multiqc/multiqc_data",
                "multiqc/multiqc_data/fastqc-status-check-heatmap.txt",
                "multiqc/multiqc_data/fastqc_adapter_content_plot.txt",
                "multiqc/multiqc_data/fastqc_overrepresented_sequences_plot.txt",
                "multiqc/multiqc_data/fastqc_per_base_n_content_plot.txt",
                "multiqc/multiqc_data/fastqc_per_base_sequence_quality_plot.txt",
                "multiqc/multiqc_data/fastqc_per_sequence_gc_content_plot_Counts.txt",
                "multiqc/multiqc_data/fastqc_per_sequence_gc_content_plot_Percentages.txt",
                "multiqc/multiqc_data/fastqc_per_sequence_quality_scores_plot.txt",
                "multiqc/multiqc_data/fastqc_sequence_counts_plot.txt",
                "multiqc/multiqc_data/fastqc_sequence_duplication_levels_plot.txt",
                "multiqc/multiqc_data/fastqc_top_overrepresented_sequences_table.txt",
                "multiqc/multiqc_data/homer-tag-directory-gc-content.txt",
                "multiqc/multiqc_data/homer-tag-info-dist.txt",
                "multiqc/multiqc_data/homer-tag-length-dist.txt",
                "multiqc/multiqc_data/homer_tagdir.txt",
                "multiqc/multiqc_data/multiqc.log",
                "multiqc/multiqc_data/multiqc_citations.txt",
                "multiqc/multiqc_data/multiqc_data.json",
                "multiqc/multiqc_data/multiqc_fastqc.txt",
                "multiqc/multiqc_data/multiqc_general_stats.txt",
                "multiqc/multiqc_data/multiqc_rseqc_infer_experiment.txt",
                "multiqc/multiqc_data/multiqc_rseqc_read_distribution.txt",
                "multiqc/multiqc_data/multiqc_samtools_flagstat.txt",
                "multiqc/multiqc_data/multiqc_samtools_idxstats.txt",
                "multiqc/multiqc_data/multiqc_samtools_stats.txt",
                "multiqc/multiqc_data/multiqc_software_versions.txt",
                "multiqc/multiqc_data/multiqc_sources.txt",
                "multiqc/multiqc_data/preseq.txt",
                "multiqc/multiqc_data/preseq_complexity_plot_molecules.txt",
                "multiqc/multiqc_data/rseqc_infer_experiment_plot.txt",
                "multiqc/multiqc_data/rseqc_read_distribution_plot.txt",
                "multiqc/multiqc_data/rseqc_read_dups.txt",
                "multiqc/multiqc_data/rseqc_read_dups_plot.txt",
                "multiqc/multiqc_data/samtools-flagstat-dp_Percentage_of_total.txt",
                "multiqc/multiqc_data/samtools-flagstat-dp_Read_counts.txt",
                "multiqc/multiqc_data/samtools-idxstats-mapped-reads-plot_Normalised_Counts.txt",
                "multiqc/multiqc_data/samtools-idxstats-mapped-reads-plot_Observed_over_Expected_Counts.txt",
                "multiqc/multiqc_data/samtools-idxstats-mapped-reads-plot_Raw_Counts.txt",
                "multiqc/multiqc_data/samtools-stats-dp.txt",
                "multiqc/multiqc_data/samtools_alignment_plot.txt",
                "multiqc/multiqc_report.html",
                "pipeline_info",
                "pipeline_info/nf_core_nascent_software_mqc_versions.yml",
                "preprocessing",
                "preprocessing/fastp",
                "preprocessing/fastp/cd4_REP1.trimmed.fastp.html",
                "preprocessing/fastp/cd4_REP1.trimmed.fastp.json",
                "preprocessing/fastp/cd4_REP1.trimmed.fastp.log",
                "preprocessing/fastp/cd4_REP2.trimmed.fastp.html",
                "preprocessing/fastp/cd4_REP2.trimmed.fastp.json",
                "preprocessing/fastp/cd4_REP2.trimmed.fastp.log",
                "preprocessing/fastp/cd4_REP3.trimmed.fastp.html",
                "preprocessing/fastp/cd4_REP3.trimmed.fastp.json",
                "preprocessing/fastp/cd4_REP3.trimmed.fastp.log",
                "preprocessing/fastp/cd4_REP4.trimmed.fastp.html",
                "preprocessing/fastp/cd4_REP4.trimmed.fastp.json",
                "preprocessing/fastp/cd4_REP4.trimmed.fastp.log",
                "preprocessing/fastp/jurkat_REP1.trimmed.fastp.html",
                "preprocessing/fastp/jurkat_REP1.trimmed.fastp.json",
                "preprocessing/fastp/jurkat_REP1.trimmed.fastp.log",
                "preprocessing/fastp/jurkat_REP2.trimmed.fastp.html",
                "preprocessing/fastp/jurkat_REP2.trimmed.fastp.json",
                "preprocessing/fastp/jurkat_REP2.trimmed.fastp.log",
                "preprocessing/fastqc",
                "preprocessing/fastqc/cd4_REP1_fastqc.html",
                "preprocessing/fastqc/cd4_REP1_fastqc.zip",
                "preprocessing/fastqc/cd4_REP2_fastqc.html",
                "preprocessing/fastqc/cd4_REP2_fastqc.zip",
                "preprocessing/fastqc/cd4_REP3_fastqc.html",
                "preprocessing/fastqc/cd4_REP3_fastqc.zip",
                "preprocessing/fastqc/cd4_REP4_fastqc.html",
                "preprocessing/fastqc/cd4_REP4_fastqc.zip",
                "preprocessing/fastqc/jurkat_REP1_fastqc.html",
                "preprocessing/fastqc/jurkat_REP1_fastqc.zip",
                "preprocessing/fastqc/jurkat_REP2_fastqc.html",
                "preprocessing/fastqc/jurkat_REP2_fastqc.zip",
                "quality_control",
                "quality_control/bbsplit",
                "quality_control/bbsplit/cd4_REP1.coverage.hist.txt",
                "quality_control/bbsplit/cd4_REP1.coverage.stats.txt",
                "quality_control/bbsplit/cd4_REP2.coverage.hist.txt",
                "quality_control/bbsplit/cd4_REP2.coverage.stats.txt",
                "quality_control/bbsplit/cd4_REP3.coverage.hist.txt",
                "quality_control/bbsplit/cd4_REP3.coverage.stats.txt",
                "quality_control/bbsplit/cd4_REP4.coverage.hist.txt",
                "quality_control/bbsplit/cd4_REP4.coverage.stats.txt",
                "quality_control/bbsplit/jurkat_REP1.coverage.hist.txt",
                "quality_control/bbsplit/jurkat_REP1.coverage.stats.txt",
                "quality_control/bbsplit/jurkat_REP2.coverage.hist.txt",
                "quality_control/bbsplit/jurkat_REP2.coverage.stats.txt",
                "quality_control/preseq",
                "quality_control/preseq/cd4_REP1.c_curve.txt",
                "quality_control/preseq/cd4_REP1.lc_extrap.txt",
                "quality_control/preseq/cd4_REP2.c_curve.txt",
                "quality_control/preseq/cd4_REP2.lc_extrap.txt",
                "quality_control/preseq/cd4_REP3.c_curve.txt",
                "quality_control/preseq/cd4_REP3.lc_extrap.txt",
                "quality_control/preseq/cd4_REP4.c_curve.txt",
                "quality_control/preseq/cd4_REP4.lc_extrap.txt",
                "quality_control/preseq/jurkat_REP1.c_curve.txt",
                "quality_control/preseq/jurkat_REP1.lc_extrap.txt",
                "quality_control/preseq/jurkat_REP2.c_curve.txt",
                "quality_control/preseq/jurkat_REP2.lc_extrap.txt",
                "quality_control/preseq/log",
                "quality_control/preseq/log/cd4_REP1.command.log",
                "quality_control/preseq/log/cd4_REP2.command.log",
                "quality_control/preseq/log/cd4_REP3.command.log",
                "quality_control/preseq/log/cd4_REP4.command.log",
                "quality_control/preseq/log/jurkat_REP1.command.log",
                "quality_control/preseq/log/jurkat_REP2.command.log",
                "quality_control/rseqc",
                "quality_control/rseqc/infer_experiment",
                "quality_control/rseqc/infer_experiment/cd4_REP1.infer_experiment.txt",
                "quality_control/rseqc/infer_experiment/cd4_REP2.infer_experiment.txt",
                "quality_control/rseqc/infer_experiment/cd4_REP3.infer_experiment.txt",
                "quality_control/rseqc/infer_experiment/cd4_REP4.infer_experiment.txt",
                "quality_control/rseqc/infer_experiment/jurkat_REP1.infer_experiment.txt",
                "quality_control/rseqc/infer_experiment/jurkat_REP2.infer_experiment.txt",
                "quality_control/rseqc/read_distribution",
                "quality_control/rseqc/read_distribution/cd4_REP1.read_distribution.txt",
                "quality_control/rseqc/read_distribution/cd4_REP2.read_distribution.txt",
                "quality_control/rseqc/read_distribution/cd4_REP3.read_distribution.txt",
                "quality_control/rseqc/read_distribution/cd4_REP4.read_distribution.txt",
                "quality_control/rseqc/read_distribution/jurkat_REP1.read_distribution.txt",
                "quality_control/rseqc/read_distribution/jurkat_REP2.read_distribution.txt",
                "quality_control/rseqc/read_duplication",
                "quality_control/rseqc/read_duplication/pdf",
                "quality_control/rseqc/read_duplication/pdf/cd4_REP1.DupRate_plot.pdf",
                "quality_control/rseqc/read_duplication/pdf/cd4_REP2.DupRate_plot.pdf",
                "quality_control/rseqc/read_duplication/pdf/cd4_REP3.DupRate_plot.pdf",
                "quality_control/rseqc/read_duplication/pdf/cd4_REP4.DupRate_plot.pdf",
                "quality_control/rseqc/read_duplication/pdf/jurkat_REP1.DupRate_plot.pdf",
                "quality_control/rseqc/read_duplication/pdf/jurkat_REP2.DupRate_plot.pdf",
                "quality_control/rseqc/read_duplication/rscript",
                "quality_control/rseqc/read_duplication/rscript/cd4_REP1.DupRate_plot.r",
                "quality_control/rseqc/read_duplication/rscript/cd4_REP2.DupRate_plot.r",
                "quality_control/rseqc/read_duplication/rscript/cd4_REP3.DupRate_plot.r",
                "quality_control/rseqc/read_duplication/rscript/cd4_REP4.DupRate_plot.r",
                "quality_control/rseqc/read_duplication/rscript/jurkat_REP1.DupRate_plot.r",
                "quality_control/rseqc/read_duplication/rscript/jurkat_REP2.DupRate_plot.r",
                "quality_control/rseqc/read_duplication/xls",
                "quality_control/rseqc/read_duplication/xls/cd4_REP1.pos.DupRate.xls",
                "quality_control/rseqc/read_duplication/xls/cd4_REP1.seq.DupRate.xls",
                "quality_control/rseqc/read_duplication/xls/cd4_REP2.pos.DupRate.xls",
                "quality_control/rseqc/read_duplication/xls/cd4_REP2.seq.DupRate.xls",
                "quality_control/rseqc/read_duplication/xls/cd4_REP3.pos.DupRate.xls",
                "quality_control/rseqc/read_duplication/xls/cd4_REP3.seq.DupRate.xls",
                "quality_control/rseqc/read_duplication/xls/cd4_REP4.pos.DupRate.xls",
                "quality_control/rseqc/read_duplication/xls/cd4_REP4.seq.DupRate.xls",
                "quality_control/rseqc/read_duplication/xls/jurkat_REP1.pos.DupRate.xls",
                "quality_control/rseqc/read_duplication/xls/jurkat_REP1.seq.DupRate.xls",
                "quality_control/rseqc/read_duplication/xls/jurkat_REP2.pos.DupRate.xls",
                "quality_control/rseqc/read_duplication/xls/jurkat_REP2.seq.DupRate.xls",
                "quantification",
                "quantification/gene",
                "quantification/gene/cd4.featureCounts.txt",
                "quantification/gene/cd4.featureCounts.txt.summary",
                "quantification/gene/jurkat.featureCounts.txt",
                "quantification/gene/jurkat.featureCounts.txt.summary",
                "quantification/nascent",
                "quantification/nascent/cd4-group_cd4_intersect-transcripts.featureCounts.txt",
                "quantification/nascent/cd4-group_cd4_intersect-transcripts.featureCounts.txt.summary",
                "quantification/nascent/jurkat-group_cd4_intersect-transcripts.featureCounts.txt",
                "quantification/nascent/jurkat-group_cd4_intersect-transcripts.featureCounts.txt.summary",
                "samtools",
                "samtools/cd4.bam",
                "samtools/jurkat.bam",
                "transcript_identification",
                "transcript_identification/filtered",
                "transcript_identification/filtered/cd4_filtered.bed",
                "transcript_identification/filtered/jurkat_filtered.bed",
                "transcript_identification/homer",
                "transcript_identification/homer/cd4.bed",
                "transcript_identification/homer/cd4.bedGraph.gz",
                "transcript_identification/homer/cd4.peaks.txt",
                "transcript_identification/homer/cd4_tagdir",
                "transcript_identification/homer/cd4_tagdir/chr21.tags.tsv",
                "transcript_identification/homer/cd4_tagdir/genomeGCcontent.txt",
                "transcript_identification/homer/cd4_tagdir/tagAutocorrelation.txt",
                "transcript_identification/homer/cd4_tagdir/tagCountDistribution.txt",
                "transcript_identification/homer/cd4_tagdir/tagFreq.txt",
                "transcript_identification/homer/cd4_tagdir/tagFreqUniq.txt",
                "transcript_identification/homer/cd4_tagdir/tagGCcontent.txt",
                "transcript_identification/homer/cd4_tagdir/tagInfo.txt",
                "transcript_identification/homer/cd4_tagdir/tagLengthDistribution.txt",
                "transcript_identification/homer/jurkat.bed",
                "transcript_identification/homer/jurkat.bedGraph.gz",
                "transcript_identification/homer/jurkat.peaks.txt",
                "transcript_identification/homer/jurkat_tagdir",
                "transcript_identification/homer/jurkat_tagdir/chr21.tags.tsv",
                "transcript_identification/homer/jurkat_tagdir/genomeGCcontent.txt",
                "transcript_identification/homer/jurkat_tagdir/tagAutocorrelation.txt",
                "transcript_identification/homer/jurkat_tagdir/tagCountDistribution.txt",
                "transcript_identification/homer/jurkat_tagdir/tagFreq.txt",
                "transcript_identification/homer/jurkat_tagdir/tagFreqUniq.txt",
                "transcript_identification/homer/jurkat_tagdir/tagGCcontent.txt",
                "transcript_identification/homer/jurkat_tagdir/tagInfo.txt",
                "transcript_identification/homer/jurkat_tagdir/tagLengthDistribution.txt",
                "transcript_identification/homer/versions.yml",
                "transcript_identification/intersect",
                "transcript_identification/intersect/cd4_intersect.bed",
                "transcript_identification/intersect/jurkat_intersect.bed",
                "transcript_identification/merged",
                "transcript_identification/merged/cd4_merged.bed",
                "transcript_identification/merged/jurkat_merged.bed",
                "transcript_identification/pints",
                "transcript_identification/pints/cd4_chr21_1_unidirectional_peaks.bed",
                "transcript_identification/pints/jurkat_chr21_1_unidirectional_peaks.bed"
            ],
            [
                "cd4_REP1.sorted.bam.flagstat:md5,863e2d506d5cc4239af98a5f31bbc906",
                "cd4_REP1.sorted.bam.idxstats:md5,b1dd8bcbd23c53c21f0e11082d9315f2",
                "cd4_REP1.sorted.bam.stats:md5,1536c80bae78b2062508e1de210f6387",
                "cd4_REP2.sorted.bam.flagstat:md5,0fd86dbf8f799fad49ba471702979bdc",
                "cd4_REP2.sorted.bam.idxstats:md5,53204e4c6a9f68664087e4a8123be46a",
                "cd4_REP2.sorted.bam.stats:md5,561610e53fb676ac83252712dcac30d4",
                "cd4_REP3.sorted.bam.flagstat:md5,793c9cadbf80e35dbae3774e9b5bd93f",
                "cd4_REP3.sorted.bam.idxstats:md5,42de227ff397013cf288759871b0e938",
                "cd4_REP3.sorted.bam.stats:md5,9c8a44ba139ce9a24449779f5d3c9228",
                "cd4_REP4.sorted.bam.flagstat:md5,ed6c609505097f3cc9d9902d69e016f8",
                "cd4_REP4.sorted.bam.idxstats:md5,959dc185ae59de4cebe374026711a55e",
                "cd4_REP4.sorted.bam.stats:md5,edc57478278aa35b7376cee9afd634a7",
                "jurkat_REP1.sorted.bam.flagstat:md5,fd5f02b0f02a407447b804b1d80f5421",
                "jurkat_REP1.sorted.bam.idxstats:md5,c61af0847c1ad76c06a8de2815975b32",
                "jurkat_REP1.sorted.bam.stats:md5,ce9ff516908d86fb6db6ce44d5a3904b",
                "jurkat_REP2.sorted.bam.flagstat:md5,86ed47bd41a745ab59de473082c7742d",
                "jurkat_REP2.sorted.bam.idxstats:md5,3db8f88c1f836eb5d10f37ca1df81ae9",
                "jurkat_REP2.sorted.bam.stats:md5,026c558e8c36136ef19bfbef6b12ce2b",
                "cd4.bed:md5,76ee3b56d3e518f88a34b42039ec719c",
                "jurkat.bed:md5,862a5e81119acc691845f3b426847401",
                "cd4_REP1.dreg.bedGraph:md5,8948a8fa86d8f6d413b77983189ff56e",
                "cd4_REP1.minus.bedGraph:md5,2a1c34f9d9ef9ff1b9da7874b9e3aaad",
                "cd4_REP1.minus.bigWig:md5,5280319275c98dcce023779fa389884d",
                "cd4_REP1.plus.bedGraph:md5,1509ec3a921e3109c5914e1bcef8cf33",
                "cd4_REP1.plus.bigWig:md5,72ccab3173f2018a22a4b36841247ba2",
                "cd4_REP2.dreg.bedGraph:md5,29f865a5668fae4a52a41589ac2b3179",
                "cd4_REP2.minus.bedGraph:md5,c530bc34fa3ec7ac49e88ff65f9c2f92",
                "cd4_REP2.minus.bigWig:md5,5e748c794e037f441741f7f409c8c5ad",
                "cd4_REP2.plus.bedGraph:md5,a675141da2874ec08d91591e5ea8242b",
                "cd4_REP2.plus.bigWig:md5,08674d52e9eeb08807c33ed3e4b3d504",
                "cd4_REP3.dreg.bedGraph:md5,201e690c619ee231416b643740141588",
                "cd4_REP3.minus.bedGraph:md5,1c44c165f663d08c869a013b78f051b0",
                "cd4_REP3.minus.bigWig:md5,aa3f5e86c635e182f9173543751cfbfd",
                "cd4_REP3.plus.bedGraph:md5,a475098ed14da6f3242c4cfdf3abb713",
                "cd4_REP3.plus.bigWig:md5,b255ae7c47424c223c537d00ecc025b5",
                "cd4_REP4.dreg.bedGraph:md5,dfcfce7df666c0e24a3d0d4e21447a0b",
                "cd4_REP4.minus.bedGraph:md5,b7a3d3c822155dfd8052c67a330fd6d5",
                "cd4_REP4.minus.bigWig:md5,fc61c62613dc0f74a65c32419aba8f76",
                "cd4_REP4.plus.bedGraph:md5,5623367b681562a2567afc62a8da4151",
                "cd4_REP4.plus.bigWig:md5,ed00ad7a22c49860debc86cfa7ffb457",
                "jurkat_REP1.dreg.bedGraph:md5,c25a4fb095e9f7d6766a3ce33e08f7d8",
                "jurkat_REP1.minus.bedGraph:md5,8d5d9a41df6eb6c56b1bfd3f39dc1fc6",
                "jurkat_REP1.minus.bigWig:md5,d06c8015c996bf520fff17266fd01f84",
                "jurkat_REP1.plus.bedGraph:md5,6ed63e5983edaa74fb3965676efdb674",
                "jurkat_REP1.plus.bigWig:md5,7a02334f2c7300ffdb5a2253c0937390",
                "jurkat_REP2.dreg.bedGraph:md5,aad861b6fd8d296fe6bb4bc82d5eeeed",
                "jurkat_REP2.minus.bedGraph:md5,cd83486cb6bb71e6b6e31a69c94d0d85",
                "jurkat_REP2.minus.bigWig:md5,686f719978de948f7045acc95f9d1c82",
                "jurkat_REP2.plus.bedGraph:md5,569e8a25c9cf48d1ef953f3da77c48a1",
                "jurkat_REP2.plus.bigWig:md5,cbe3fd38fe8f9508645bbfad83924212",
                "cd4_REP1.trimmed.fastp.json:md5,bd9a3344c1591d6be4d524451f9dca53",
                "cd4_REP2.trimmed.fastp.json:md5,bc6e3f9ff7835f220535cc393b8eb25f",
                "cd4_REP3.trimmed.fastp.json:md5,c9c3a1dd0a2ebac77c9d7c3b0daf3790",
                "cd4_REP4.trimmed.fastp.json:md5,c073bd26609ddca91396d0f374ec5b80",
                "jurkat_REP1.trimmed.fastp.json:md5,329fd8e56421a196fc2ebd37ab3bc22d",
                "jurkat_REP2.trimmed.fastp.json:md5,8bad5b02a27e5386255b998a6a69db15",
                "cd4.bed:md5,ab94918610a560772fdbec591200295f",
                "cd4.peaks.txt:md5,6edefe0a75b76240d3b49d12e49cb600",
                "jurkat.bed:md5,41908723fa423a78476feb2e7627a3a4",
                "jurkat.peaks.txt:md5,1247c21dbc92f8114dbcb2320fa09a3a",
                "versions.yml:md5,7c0dcd0a18b3c753def73b96cb825792",
                "cd4_merged.bed:md5,4d8f9dc54f886f379b95609908a08662",
                "jurkat_merged.bed:md5,cae11a1bfb707ea2df5fe612ae7268c8",
                "cd4_chr21_1_unidirectional_peaks.bed:md5,76ee3b56d3e518f88a34b42039ec719c",
                "jurkat_chr21_1_unidirectional_peaks.bed:md5,862a5e81119acc691845f3b426847401"
            ]
        ],
        "meta": {
            "nf-test": "0.9.2",
            "nextflow": "24.10.2"
        },
        "timestamp": "2024-12-18T07:07:22.737667"
    }
}
