{
    "output_files": {
        "content": [
            134,
            [
                "cd4_REP1.coverage.hist.txt:md5,bff6862bc8e2015eef927b40671dec1b",
                "cd4_REP1.coverage.stats.txt:md5,c1e912cd0bebc51b289160ff7ab3365a",
                "cd4_REP2.coverage.hist.txt:md5,edadf440d1c3658118ffd6b6a46821f8",
                "cd4_REP2.coverage.stats.txt:md5,cb1ce057d05fc53e7ad9b0b2e3d5aaad",
                "cd4_REP3.coverage.hist.txt:md5,096ce6905c96587ba80ebcbe5893cf3e",
                "cd4_REP3.coverage.stats.txt:md5,f4b88f4eebab0c010a1cfdc3404dfafb",
                "cd4_REP4.coverage.hist.txt:md5,01f93b5c248e0b78f6d94e28eee3f9e7",
                "cd4_REP4.coverage.stats.txt:md5,a4c6f61be8263e7461f8b961cfcc9053",
                "jurkat_REP1.coverage.hist.txt:md5,468c864f655947edb3b306cb7a72633d",
                "jurkat_REP1.coverage.stats.txt:md5,338f3095395c8d8f172e0e27f9a5a60a",
                "jurkat_REP2.coverage.hist.txt:md5,03301957b2f29c43cb8ea3462998c315",
                "jurkat_REP2.coverage.stats.txt:md5,c3fc3f11e84f4d075ba95adbdbb2ee29"
            ],
            "cd4.bed:md5,e9380700e48c1e52f76a2bb3fa4f59d9",
            "jurkat.bed:md5,fe88d4dc3c100262d7aec484e15b1c73",
            "54edc10bad3d380f2389f9a61b13a1c",
            "9899ae3197a810e6f18e55caea424a99",
            "328015578661fb01eeb6b03b82f14af4",
            "39a98a35b0011dae7f6af96d4d306ce1",
            "d76849b792c9246366f7bfd68ba52708",
            "4bc4eebe2ef3d4f2d7d5b2571a684ec5"
        ],
        "meta": {
            "nf-test": "0.9.0",
            "nextflow": "24.04.4"
        },
        "timestamp": "2024-08-01T20:04:35.189267908"
    },
    "software_versions": {
        "content": [
            "{BBMAP_PILEUP={bbmap=39.01, samtools=1.16.1, pigz=2.6}, BEDTOOLS_GENOMECOV_MINUS={bedtools=2.31.1}, BEDTOOLS_GENOMECOV_PLUS={bedtools=2.31.1}, BEDTOOLS_INTERSECT={bedtools=2.31.1}, BEDTOOLS_INTERSECT_FILTER={bedtools=2.31.1}, DEEPTOOLS_BAMCOVERAGE_MINUS={deeptools=3.5.1}, DEEPTOOLS_BAMCOVERAGE_PLUS={deeptools=3.5.1}, DRAGMAP_ALIGN={dragmap=1.2.1, samtools=1.15.1, pigz=2.3.4}, FASTP={fastp=0.23.4}, FASTQC={fastqc=0.12.1}, GTF2BED={perl=5.26.2}, HOMER_MAKETAGDIRECTORY={homer=4.11, samtools=1.11}, PINTS_CALLER={python=3.10.6, pints=1.1.8}, PRESEQ_CCURVE={preseq=3.1.1}, PRESEQ_LCEXTRAP={preseq=3.1.1}, RSEQC_INFEREXPERIMENT={rseqc=5.0.2}, RSEQC_READDISTRIBUTION={rseqc=5.0.2}, RSEQC_READDUPLICATION={rseqc=5.0.2}, SAMTOOLS_FLAGSTAT={samtools=1.2}, SAMTOOLS_IDXSTATS={samtools=1.2}, SAMTOOLS_INDEX={samtools=1.2}, SAMTOOLS_SORT={samtools=1.2}, SAMTOOLS_STATS={samtools=1.2}, SUBREAD_FEATURECOUNTS_GENE={subread=2.0.1}, Workflow={nf-core/nascent=v2.3.0dev}}"
        ],
        "meta": {
            "nf-test": "0.9.0",
            "nextflow": "24.04.4"
        },
        "timestamp": "2024-08-01T20:04:34.724457691"
    }
}