{
    "Should run with defaults": {
        "content": [
            92,
            {
                "BBMAP_PILEUP": {
                    "bbmap": 39.01,
                    "samtools": "1.16.1",
                    "pigz": 2.6
                },
                "BEDTOOLS_GENOMECOV_MINUS": {
                    "bedtools": "2.31.1"
                },
                "BEDTOOLS_GENOMECOV_PLUS": {
                    "bedtools": "2.31.1"
                },
                "BEDTOOLS_INTERSECT": {
                    "bedtools": "2.31.1"
                },
                "BEDTOOLS_INTERSECT_FILTER": {
                    "bedtools": "2.31.1"
                },
                "BEDTOOLS_MERGE": {
                    "bedtools": "2.31.1"
                },
                "BEDTOOLS_SORT": {
                    "bedtools": "2.31.1"
                },
                "CAT_CAT": {
                    "pigz": "2.3.4"
                },
                "CUSTOM_GETCHROMSIZES": {
                    "getchromsizes": 1.2
                },
                "DEEPTOOLS_BAMCOVERAGE_MINUS": {
                    "deeptools": "3.5.1"
                },
                "DEEPTOOLS_BAMCOVERAGE_PLUS": {
                    "deeptools": "3.5.1"
                },
                "DRAGMAP_ALIGN": {
                    "dragmap": "1.2.1",
                    "samtools": "1.15.1",
                    "pigz": "2.3.4"
                },
                "DRAGMAP_HASHTABLE": {
                    "dragmap": "1.3.0"
                },
                "FASTP": {
                    "fastp": "0.23.4"
                },
                "FASTQC": {
                    "fastqc": "0.12.1"
                },
                "GTF2BED": {
                    "perl": "5.26.2"
                },
                "HOMER_MAKETAGDIRECTORY": {
                    "homer": 4.11,
                    "samtools": 1.21
                },
                "PINTS_CALLER": {
                    "python": "3.12.6",
                    "pints": "1.1.13"
                },
                "PRESEQ_CCURVE": {
                    "preseq": "3.1.1"
                },
                "PRESEQ_LCEXTRAP": {
                    "preseq": "3.1.1"
                },
                "RSEQC_INFEREXPERIMENT": {
                    "rseqc": "5.0.2"
                },
                "RSEQC_READDISTRIBUTION": {
                    "rseqc": "5.0.2"
                },
                "RSEQC_READDUPLICATION": {
                    "rseqc": "5.0.2"
                },
                "SAMTOOLS_FLAGSTAT": {
                    "samtools": 1.2
                },
                "SAMTOOLS_IDXSTATS": {
                    "samtools": 1.2
                },
                "SAMTOOLS_INDEX": {
                    "samtools": 1.2
                },
                "SAMTOOLS_MERGE": {
                    "samtools": 1.21
                },
                "SAMTOOLS_SORT": {
                    "samtools": 1.2
                },
                "SAMTOOLS_STATS": {
                    "samtools": 1.2
                },
                "SUBREAD_FEATURECOUNTS_GENE": {
                    "subread": "2.0.1"
                },
                "SUBREAD_FEATURECOUNTS_PREDICTED": {
                    "subread": "2.0.1"
                },
                "Workflow": {
                    "nf-core/nascent": "v2.3.0dev"
                }
            },
            [
                "bed2saf",
                "bed2saf/cd4_intersect.saf",
                "cat",
                "cat/cd4.bed",
                "cat/jurkat.bed",
                "coverage_graphs",
                "coverage_graphs/cd4_REP1.dreg.bedGraph",
                "coverage_graphs/cd4_REP1.minus.bedGraph",
                "coverage_graphs/cd4_REP1.minus.bigWig",
                "coverage_graphs/cd4_REP1.plus.bedGraph",
                "coverage_graphs/cd4_REP1.plus.bigWig",
                "coverage_graphs/cd4_REP2.dreg.bedGraph",
                "coverage_graphs/cd4_REP2.minus.bedGraph",
                "coverage_graphs/cd4_REP2.minus.bigWig",
                "coverage_graphs/cd4_REP2.plus.bedGraph",
                "coverage_graphs/cd4_REP2.plus.bigWig",
                "coverage_graphs/jurkat.dreg.bedGraph",
                "coverage_graphs/jurkat.minus.bedGraph",
                "coverage_graphs/jurkat.minus.bigWig",
                "coverage_graphs/jurkat.plus.bedGraph",
                "coverage_graphs/jurkat.plus.bigWig",
                "dragmap",
                "dragmap/cd4_REP1.sorted.bam",
                "dragmap/cd4_REP1.sorted.bam.bai",
                "dragmap/cd4_REP2.sorted.bam",
                "dragmap/cd4_REP2.sorted.bam.bai",
                "dragmap/jurkat.sorted.bam",
                "dragmap/jurkat.sorted.bam.bai",
                "dragmap/log",
                "dragmap/log/cd4_REP1.dragmap.log",
                "dragmap/log/cd4_REP2.dragmap.log",
                "dragmap/log/jurkat.dragmap.log",
                "dragmap/samtools_stats",
                "dragmap/samtools_stats/cd4_REP1.sorted.bam.flagstat",
                "dragmap/samtools_stats/cd4_REP1.sorted.bam.idxstats",
                "dragmap/samtools_stats/cd4_REP1.sorted.bam.stats",
                "dragmap/samtools_stats/cd4_REP2.sorted.bam.flagstat",
                "dragmap/samtools_stats/cd4_REP2.sorted.bam.idxstats",
                "dragmap/samtools_stats/cd4_REP2.sorted.bam.stats",
                "dragmap/samtools_stats/jurkat.sorted.bam.flagstat",
                "dragmap/samtools_stats/jurkat.sorted.bam.idxstats",
                "dragmap/samtools_stats/jurkat.sorted.bam.stats",
                "multiqc",
                "multiqc/multiqc_data",
                "multiqc/multiqc_data/fastqc-status-check-heatmap.txt",
                "multiqc/multiqc_data/fastqc_adapter_content_plot.txt",
                "multiqc/multiqc_data/fastqc_overrepresented_sequences_plot.txt",
                "multiqc/multiqc_data/fastqc_per_base_n_content_plot.txt",
                "multiqc/multiqc_data/fastqc_per_base_sequence_quality_plot.txt",
                "multiqc/multiqc_data/fastqc_per_sequence_gc_content_plot_Counts.txt",
                "multiqc/multiqc_data/fastqc_per_sequence_gc_content_plot_Percentages.txt",
                "multiqc/multiqc_data/fastqc_per_sequence_quality_scores_plot.txt",
                "multiqc/multiqc_data/fastqc_sequence_counts_plot.txt",
                "multiqc/multiqc_data/fastqc_sequence_duplication_levels_plot.txt",
                "multiqc/multiqc_data/fastqc_top_overrepresented_sequences_table.txt",
                "multiqc/multiqc_data/homer-tag-directory-gc-content.txt",
                "multiqc/multiqc_data/homer-tag-info-dist.txt",
                "multiqc/multiqc_data/homer-tag-length-dist.txt",
                "multiqc/multiqc_data/homer_tagdir.txt",
                "multiqc/multiqc_data/multiqc.log",
                "multiqc/multiqc_data/multiqc_citations.txt",
                "multiqc/multiqc_data/multiqc_data.json",
                "multiqc/multiqc_data/multiqc_fastqc.txt",
                "multiqc/multiqc_data/multiqc_general_stats.txt",
                "multiqc/multiqc_data/multiqc_rseqc_infer_experiment.txt",
                "multiqc/multiqc_data/multiqc_rseqc_read_distribution.txt",
                "multiqc/multiqc_data/multiqc_samtools_flagstat.txt",
                "multiqc/multiqc_data/multiqc_samtools_idxstats.txt",
                "multiqc/multiqc_data/multiqc_samtools_stats.txt",
                "multiqc/multiqc_data/multiqc_software_versions.txt",
                "multiqc/multiqc_data/multiqc_sources.txt",
                "multiqc/multiqc_data/preseq.txt",
                "multiqc/multiqc_data/preseq_complexity_plot_molecules.txt",
                "multiqc/multiqc_data/rseqc_infer_experiment_plot.txt",
                "multiqc/multiqc_data/rseqc_read_distribution_plot.txt",
                "multiqc/multiqc_data/rseqc_read_dups.txt",
                "multiqc/multiqc_data/rseqc_read_dups_plot.txt",
                "multiqc/multiqc_data/samtools-flagstat-dp_Percentage_of_total.txt",
                "multiqc/multiqc_data/samtools-flagstat-dp_Read_counts.txt",
                "multiqc/multiqc_data/samtools-idxstats-mapped-reads-plot_Normalised_Counts.txt",
                "multiqc/multiqc_data/samtools-idxstats-mapped-reads-plot_Observed_over_Expected_Counts.txt",
                "multiqc/multiqc_data/samtools-idxstats-mapped-reads-plot_Raw_Counts.txt",
                "multiqc/multiqc_data/samtools-stats-dp.txt",
                "multiqc/multiqc_data/samtools_alignment_plot.txt",
                "multiqc/multiqc_plots",
                "multiqc/multiqc_plots/pdf",
                "multiqc/multiqc_plots/pdf/fastqc-status-check-heatmap.pdf",
                "multiqc/multiqc_plots/pdf/fastqc_adapter_content_plot.pdf",
                "multiqc/multiqc_plots/pdf/fastqc_overrepresented_sequences_plot.pdf",
                "multiqc/multiqc_plots/pdf/fastqc_per_base_n_content_plot.pdf",
                "multiqc/multiqc_plots/pdf/fastqc_per_base_sequence_quality_plot.pdf",
                "multiqc/multiqc_plots/pdf/fastqc_per_sequence_gc_content_plot_Counts.pdf",
                "multiqc/multiqc_plots/pdf/fastqc_per_sequence_gc_content_plot_Percentages.pdf",
                "multiqc/multiqc_plots/pdf/fastqc_per_sequence_quality_scores_plot.pdf",
                "multiqc/multiqc_plots/pdf/fastqc_sequence_counts_plot-cnt.pdf",
                "multiqc/multiqc_plots/pdf/fastqc_sequence_counts_plot-pct.pdf",
                "multiqc/multiqc_plots/pdf/fastqc_sequence_duplication_levels_plot.pdf",
                "multiqc/multiqc_plots/pdf/fastqc_top_overrepresented_sequences_table.pdf",
                "multiqc/multiqc_plots/pdf/general_stats_table.pdf",
                "multiqc/multiqc_plots/pdf/homer-tag-directory-gc-content.pdf",
                "multiqc/multiqc_plots/pdf/homer-tag-info-dist-cnt.pdf",
                "multiqc/multiqc_plots/pdf/homer-tag-info-dist-pct.pdf",
                "multiqc/multiqc_plots/pdf/homer-tag-length-dist.pdf",
                "multiqc/multiqc_plots/pdf/preseq_complexity_plot_molecules.pdf",
                "multiqc/multiqc_plots/pdf/rseqc_infer_experiment_plot.pdf",
                "multiqc/multiqc_plots/pdf/rseqc_read_distribution_plot-cnt.pdf",
                "multiqc/multiqc_plots/pdf/rseqc_read_distribution_plot-pct.pdf",
                "multiqc/multiqc_plots/pdf/rseqc_read_dups_plot.pdf",
                "multiqc/multiqc_plots/pdf/samtools-flagstat-dp_Percentage_of_total.pdf",
                "multiqc/multiqc_plots/pdf/samtools-flagstat-dp_Read_counts.pdf",
                "multiqc/multiqc_plots/pdf/samtools-idxstats-mapped-reads-plot_Normalised_Counts-cnt.pdf",
                "multiqc/multiqc_plots/pdf/samtools-idxstats-mapped-reads-plot_Normalised_Counts-log.pdf",
                "multiqc/multiqc_plots/pdf/samtools-idxstats-mapped-reads-plot_Observed_over_Expected_Counts-cnt.pdf",
                "multiqc/multiqc_plots/pdf/samtools-idxstats-mapped-reads-plot_Observed_over_Expected_Counts-log.pdf",
                "multiqc/multiqc_plots/pdf/samtools-idxstats-mapped-reads-plot_Raw_Counts-cnt.pdf",
                "multiqc/multiqc_plots/pdf/samtools-idxstats-mapped-reads-plot_Raw_Counts-log.pdf",
                "multiqc/multiqc_plots/pdf/samtools-stats-dp.pdf",
                "multiqc/multiqc_plots/pdf/samtools_alignment_plot-cnt.pdf",
                "multiqc/multiqc_plots/pdf/samtools_alignment_plot-pct.pdf",
                "multiqc/multiqc_plots/png",
                "multiqc/multiqc_plots/png/fastqc-status-check-heatmap.png",
                "multiqc/multiqc_plots/png/fastqc_adapter_content_plot.png",
                "multiqc/multiqc_plots/png/fastqc_overrepresented_sequences_plot.png",
                "multiqc/multiqc_plots/png/fastqc_per_base_n_content_plot.png",
                "multiqc/multiqc_plots/png/fastqc_per_base_sequence_quality_plot.png",
                "multiqc/multiqc_plots/png/fastqc_per_sequence_gc_content_plot_Counts.png",
                "multiqc/multiqc_plots/png/fastqc_per_sequence_gc_content_plot_Percentages.png",
                "multiqc/multiqc_plots/png/fastqc_per_sequence_quality_scores_plot.png",
                "multiqc/multiqc_plots/png/fastqc_sequence_counts_plot-cnt.png",
                "multiqc/multiqc_plots/png/fastqc_sequence_counts_plot-pct.png",
                "multiqc/multiqc_plots/png/fastqc_sequence_duplication_levels_plot.png",
                "multiqc/multiqc_plots/png/fastqc_top_overrepresented_sequences_table.png",
                "multiqc/multiqc_plots/png/general_stats_table.png",
                "multiqc/multiqc_plots/png/homer-tag-directory-gc-content.png",
                "multiqc/multiqc_plots/png/homer-tag-info-dist-cnt.png",
                "multiqc/multiqc_plots/png/homer-tag-info-dist-pct.png",
                "multiqc/multiqc_plots/png/homer-tag-length-dist.png",
                "multiqc/multiqc_plots/png/preseq_complexity_plot_molecules.png",
                "multiqc/multiqc_plots/png/rseqc_infer_experiment_plot.png",
                "multiqc/multiqc_plots/png/rseqc_read_distribution_plot-cnt.png",
                "multiqc/multiqc_plots/png/rseqc_read_distribution_plot-pct.png",
                "multiqc/multiqc_plots/png/rseqc_read_dups_plot.png",
                "multiqc/multiqc_plots/png/samtools-flagstat-dp_Percentage_of_total.png",
                "multiqc/multiqc_plots/png/samtools-flagstat-dp_Read_counts.png",
                "multiqc/multiqc_plots/png/samtools-idxstats-mapped-reads-plot_Normalised_Counts-cnt.png",
                "multiqc/multiqc_plots/png/samtools-idxstats-mapped-reads-plot_Normalised_Counts-log.png",
                "multiqc/multiqc_plots/png/samtools-idxstats-mapped-reads-plot_Observed_over_Expected_Counts-cnt.png",
                "multiqc/multiqc_plots/png/samtools-idxstats-mapped-reads-plot_Observed_over_Expected_Counts-log.png",
                "multiqc/multiqc_plots/png/samtools-idxstats-mapped-reads-plot_Raw_Counts-cnt.png",
                "multiqc/multiqc_plots/png/samtools-idxstats-mapped-reads-plot_Raw_Counts-log.png",
                "multiqc/multiqc_plots/png/samtools-stats-dp.png",
                "multiqc/multiqc_plots/png/samtools_alignment_plot-cnt.png",
                "multiqc/multiqc_plots/png/samtools_alignment_plot-pct.png",
                "multiqc/multiqc_plots/svg",
                "multiqc/multiqc_plots/svg/fastqc-status-check-heatmap.svg",
                "multiqc/multiqc_plots/svg/fastqc_adapter_content_plot.svg",
                "multiqc/multiqc_plots/svg/fastqc_overrepresented_sequences_plot.svg",
                "multiqc/multiqc_plots/svg/fastqc_per_base_n_content_plot.svg",
                "multiqc/multiqc_plots/svg/fastqc_per_base_sequence_quality_plot.svg",
                "multiqc/multiqc_plots/svg/fastqc_per_sequence_gc_content_plot_Counts.svg",
                "multiqc/multiqc_plots/svg/fastqc_per_sequence_gc_content_plot_Percentages.svg",
                "multiqc/multiqc_plots/svg/fastqc_per_sequence_quality_scores_plot.svg",
                "multiqc/multiqc_plots/svg/fastqc_sequence_counts_plot-cnt.svg",
                "multiqc/multiqc_plots/svg/fastqc_sequence_counts_plot-pct.svg",
                "multiqc/multiqc_plots/svg/fastqc_sequence_duplication_levels_plot.svg",
                "multiqc/multiqc_plots/svg/fastqc_top_overrepresented_sequences_table.svg",
                "multiqc/multiqc_plots/svg/general_stats_table.svg",
                "multiqc/multiqc_plots/svg/homer-tag-directory-gc-content.svg",
                "multiqc/multiqc_plots/svg/homer-tag-info-dist-cnt.svg",
                "multiqc/multiqc_plots/svg/homer-tag-info-dist-pct.svg",
                "multiqc/multiqc_plots/svg/homer-tag-length-dist.svg",
                "multiqc/multiqc_plots/svg/preseq_complexity_plot_molecules.svg",
                "multiqc/multiqc_plots/svg/rseqc_infer_experiment_plot.svg",
                "multiqc/multiqc_plots/svg/rseqc_read_distribution_plot-cnt.svg",
                "multiqc/multiqc_plots/svg/rseqc_read_distribution_plot-pct.svg",
                "multiqc/multiqc_plots/svg/rseqc_read_dups_plot.svg",
                "multiqc/multiqc_plots/svg/samtools-flagstat-dp_Percentage_of_total.svg",
                "multiqc/multiqc_plots/svg/samtools-flagstat-dp_Read_counts.svg",
                "multiqc/multiqc_plots/svg/samtools-idxstats-mapped-reads-plot_Normalised_Counts-cnt.svg",
                "multiqc/multiqc_plots/svg/samtools-idxstats-mapped-reads-plot_Normalised_Counts-log.svg",
                "multiqc/multiqc_plots/svg/samtools-idxstats-mapped-reads-plot_Observed_over_Expected_Counts-cnt.svg",
                "multiqc/multiqc_plots/svg/samtools-idxstats-mapped-reads-plot_Observed_over_Expected_Counts-log.svg",
                "multiqc/multiqc_plots/svg/samtools-idxstats-mapped-reads-plot_Raw_Counts-cnt.svg",
                "multiqc/multiqc_plots/svg/samtools-idxstats-mapped-reads-plot_Raw_Counts-log.svg",
                "multiqc/multiqc_plots/svg/samtools-stats-dp.svg",
                "multiqc/multiqc_plots/svg/samtools_alignment_plot-cnt.svg",
                "multiqc/multiqc_plots/svg/samtools_alignment_plot-pct.svg",
                "multiqc/multiqc_report.html",
                "pipeline_info",
                "pipeline_info/nf_core_pipeline_software_mqc_versions.yml",
                "preprocessing",
                "preprocessing/fastp",
                "preprocessing/fastp/cd4_REP1.trimmed.fastp.html",
                "preprocessing/fastp/cd4_REP1.trimmed.fastp.json",
                "preprocessing/fastp/cd4_REP1.trimmed.fastp.log",
                "preprocessing/fastp/cd4_REP2.trimmed.fastp.html",
                "preprocessing/fastp/cd4_REP2.trimmed.fastp.json",
                "preprocessing/fastp/cd4_REP2.trimmed.fastp.log",
                "preprocessing/fastp/jurkat.trimmed.fastp.html",
                "preprocessing/fastp/jurkat.trimmed.fastp.json",
                "preprocessing/fastp/jurkat.trimmed.fastp.log",
                "preprocessing/fastqc",
                "preprocessing/fastqc/cd4_REP1_fastqc.html",
                "preprocessing/fastqc/cd4_REP1_fastqc.zip",
                "preprocessing/fastqc/cd4_REP2_fastqc.html",
                "preprocessing/fastqc/cd4_REP2_fastqc.zip",
                "preprocessing/fastqc/jurkat_fastqc.html",
                "preprocessing/fastqc/jurkat_fastqc.zip",
                "quality_control",
                "quality_control/bbsplit",
                "quality_control/bbsplit/cd4_REP1.coverage.hist.txt",
                "quality_control/bbsplit/cd4_REP1.coverage.stats.txt",
                "quality_control/bbsplit/cd4_REP2.coverage.hist.txt",
                "quality_control/bbsplit/cd4_REP2.coverage.stats.txt",
                "quality_control/bbsplit/jurkat.coverage.hist.txt",
                "quality_control/bbsplit/jurkat.coverage.stats.txt",
                "quality_control/preseq",
                "quality_control/preseq/cd4_REP1.c_curve.txt",
                "quality_control/preseq/cd4_REP1.lc_extrap.txt",
                "quality_control/preseq/cd4_REP2.c_curve.txt",
                "quality_control/preseq/cd4_REP2.lc_extrap.txt",
                "quality_control/preseq/jurkat.c_curve.txt",
                "quality_control/preseq/jurkat.lc_extrap.txt",
                "quality_control/preseq/log",
                "quality_control/preseq/log/cd4_REP1.command.log",
                "quality_control/preseq/log/cd4_REP2.command.log",
                "quality_control/preseq/log/jurkat.command.log",
                "quality_control/rseqc",
                "quality_control/rseqc/infer_experiment",
                "quality_control/rseqc/infer_experiment/cd4_REP1.infer_experiment.txt",
                "quality_control/rseqc/infer_experiment/cd4_REP2.infer_experiment.txt",
                "quality_control/rseqc/infer_experiment/jurkat.infer_experiment.txt",
                "quality_control/rseqc/read_distribution",
                "quality_control/rseqc/read_distribution/cd4_REP1.read_distribution.txt",
                "quality_control/rseqc/read_distribution/cd4_REP2.read_distribution.txt",
                "quality_control/rseqc/read_distribution/jurkat.read_distribution.txt",
                "quality_control/rseqc/read_duplication",
                "quality_control/rseqc/read_duplication/pdf",
                "quality_control/rseqc/read_duplication/pdf/cd4_REP1.DupRate_plot.pdf",
                "quality_control/rseqc/read_duplication/pdf/cd4_REP2.DupRate_plot.pdf",
                "quality_control/rseqc/read_duplication/pdf/jurkat.DupRate_plot.pdf",
                "quality_control/rseqc/read_duplication/rscript",
                "quality_control/rseqc/read_duplication/rscript/cd4_REP1.DupRate_plot.r",
                "quality_control/rseqc/read_duplication/rscript/cd4_REP2.DupRate_plot.r",
                "quality_control/rseqc/read_duplication/rscript/jurkat.DupRate_plot.r",
                "quality_control/rseqc/read_duplication/xls",
                "quality_control/rseqc/read_duplication/xls/cd4_REP1.pos.DupRate.xls",
                "quality_control/rseqc/read_duplication/xls/cd4_REP1.seq.DupRate.xls",
                "quality_control/rseqc/read_duplication/xls/cd4_REP2.pos.DupRate.xls",
                "quality_control/rseqc/read_duplication/xls/cd4_REP2.seq.DupRate.xls",
                "quality_control/rseqc/read_duplication/xls/jurkat.pos.DupRate.xls",
                "quality_control/rseqc/read_duplication/xls/jurkat.seq.DupRate.xls",
                "quantification",
                "quantification/gene",
                "quantification/gene/cd4.featureCounts.txt",
                "quantification/gene/cd4.featureCounts.txt.summary",
                "quantification/gene/jurkat.featureCounts.txt",
                "quantification/gene/jurkat.featureCounts.txt.summary",
                "quantification/nascent",
                "quantification/nascent/cd4-group_cd4_intersect-transcripts.featureCounts.txt",
                "quantification/nascent/cd4-group_cd4_intersect-transcripts.featureCounts.txt.summary",
                "quantification/nascent/jurkat-group_cd4_intersect-transcripts.featureCounts.txt",
                "quantification/nascent/jurkat-group_cd4_intersect-transcripts.featureCounts.txt.summary",
                "samtools",
                "samtools/cd4.bam",
                "samtools/jurkat.bam",
                "transcript_identification",
                "transcript_identification/filtered",
                "transcript_identification/filtered/cd4_filtered.bed",
                "transcript_identification/filtered/jurkat_filtered.bed",
                "transcript_identification/homer",
                "transcript_identification/homer/cd4.bed",
                "transcript_identification/homer/cd4.bedGraph.gz",
                "transcript_identification/homer/cd4.peaks.txt",
                "transcript_identification/homer/cd4_tagdir",
                "transcript_identification/homer/cd4_tagdir/chr21.tags.tsv",
                "transcript_identification/homer/cd4_tagdir/genomeGCcontent.txt",
                "transcript_identification/homer/cd4_tagdir/tagAutocorrelation.txt",
                "transcript_identification/homer/cd4_tagdir/tagCountDistribution.txt",
                "transcript_identification/homer/cd4_tagdir/tagFreq.txt",
                "transcript_identification/homer/cd4_tagdir/tagFreqUniq.txt",
                "transcript_identification/homer/cd4_tagdir/tagGCcontent.txt",
                "transcript_identification/homer/cd4_tagdir/tagInfo.txt",
                "transcript_identification/homer/cd4_tagdir/tagLengthDistribution.txt",
                "transcript_identification/homer/jurkat.bed",
                "transcript_identification/homer/jurkat.bedGraph.gz",
                "transcript_identification/homer/jurkat.peaks.txt",
                "transcript_identification/homer/jurkat_tagdir",
                "transcript_identification/homer/jurkat_tagdir/chr21.tags.tsv",
                "transcript_identification/homer/jurkat_tagdir/genomeGCcontent.txt",
                "transcript_identification/homer/jurkat_tagdir/tagAutocorrelation.txt",
                "transcript_identification/homer/jurkat_tagdir/tagCountDistribution.txt",
                "transcript_identification/homer/jurkat_tagdir/tagFreq.txt",
                "transcript_identification/homer/jurkat_tagdir/tagFreqUniq.txt",
                "transcript_identification/homer/jurkat_tagdir/tagGCcontent.txt",
                "transcript_identification/homer/jurkat_tagdir/tagInfo.txt",
                "transcript_identification/homer/jurkat_tagdir/tagLengthDistribution.txt",
                "transcript_identification/homer/versions.yml",
                "transcript_identification/intersect",
                "transcript_identification/intersect/cd4_intersect.bed",
                "transcript_identification/intersect/jurkat_intersect.bed",
                "transcript_identification/merged",
                "transcript_identification/merged/cd4_merged.bed",
                "transcript_identification/merged/jurkat_merged.bed",
                "transcript_identification/pints",
                "transcript_identification/pints/cd4_chr21_1_unidirectional_peaks.bed",
                "transcript_identification/pints/jurkat_chr21_1_unidirectional_peaks.bed",
                "transcript_identification/pints/peakcalling_2024_12_15_20_51_02_61.log"
            ],
            [
                "cd4_intersect.saf:md5,2528ed58898f6e1f9d3d54fc1381c4c6",
                "cd4.bed:md5,6c7e6c49f4d80f9b980bddac85617616",
                "jurkat.bed:md5,5fd13a128a16a78a0f96077780a7726e",
                "cd4_REP1.dreg.bedGraph:md5,aefd2accdaf19635f5a566e6e36a578e",
                "cd4_REP1.minus.bedGraph:md5,d4ddabe2599211e89c0eeb07544a2bf2",
                "cd4_REP1.minus.bigWig:md5,7f0614afba6a3f37d507d1ee0ce4de2f",
                "cd4_REP1.plus.bedGraph:md5,2ebf9f9cf845e8403cceda70e254be03",
                "cd4_REP1.plus.bigWig:md5,de63345606909c31c3dfa2a0d57e68bc",
                "cd4_REP2.dreg.bedGraph:md5,68cb12ce50649175d359aa8d7cbaae06",
                "cd4_REP2.minus.bedGraph:md5,96876aaaca35003be86a25c78733c8f9",
                "cd4_REP2.minus.bigWig:md5,228ed1c4fef63675c260c4f750b7c8f3",
                "cd4_REP2.plus.bedGraph:md5,a6f04b8484428786a3e089ea5509240b",
                "cd4_REP2.plus.bigWig:md5,cfea092121f880010f3ae652025e446b",
                "jurkat.dreg.bedGraph:md5,337d974e56a047cea3ce1aa2a694b1ac",
                "jurkat.minus.bedGraph:md5,c57d91865736e23f13660f9d7ecb6e5d",
                "jurkat.minus.bigWig:md5,22daac83d393dcca8f1cc96580d3d4f3",
                "jurkat.plus.bedGraph:md5,ddabf19e2172df4b80b7ce434035403e",
                "jurkat.plus.bigWig:md5,ca73f44638c066f25261efffa1eedc7f",
                "cd4_REP1.sorted.bam:md5,2622fc57e8b754d4e84ecb9f3e4276cc",
                "cd4_REP1.sorted.bam.bai:md5,957a9abb20fc6b52c242fffd01473d6e",
                "cd4_REP2.sorted.bam:md5,e1bd400352e7809137d06055f16438a5",
                "cd4_REP2.sorted.bam.bai:md5,5c7d201e3c4587780287671c2fd7cf0e",
                "jurkat.sorted.bam:md5,fb2d30a7f193a8df7caedd820ff15377",
                "jurkat.sorted.bam.bai:md5,0c23df1ef94a96981def4e1727f8160d",
                "cd4_REP1.dragmap.log:md5,3af10dc85800166c8cef5137508e3f95",
                "cd4_REP2.dragmap.log:md5,99afce2788e3d0eeae4672903a7b5dd7",
                "jurkat.dragmap.log:md5,8584413b5a4e6d68c157a195411d6e0f",
                "cd4_REP1.sorted.bam.flagstat:md5,6a27aa41830e5f10a2c54c8a05611f9a",
                "cd4_REP1.sorted.bam.idxstats:md5,75eaf648cea73812913344af3851ce16",
                "cd4_REP1.sorted.bam.stats:md5,80bfe47bc5be703b51313a4b2fbcc57f",
                "cd4_REP2.sorted.bam.flagstat:md5,0355e87e727027ee381053c49123336f",
                "cd4_REP2.sorted.bam.idxstats:md5,4a68a3a04440acdced8802c29ffc634c",
                "cd4_REP2.sorted.bam.stats:md5,24a85ae13a01fdbd1e6e882cf3ef55e0",
                "jurkat.sorted.bam.flagstat:md5,2ac2d8fdb09b0bf5061d9e24501c41c3",
                "jurkat.sorted.bam.idxstats:md5,8aebada21b179c96f888d08bb4ae1651",
                "jurkat.sorted.bam.stats:md5,104f00b802be80cc252beb0d4cfd709b",
                "fastqc-status-check-heatmap.txt:md5,464104faada782efe296b913b892fd3a",
                "fastqc_adapter_content_plot.txt:md5,9fd336d639ce1a9a6597e293afa70008",
                "fastqc_overrepresented_sequences_plot.txt:md5,c6b6fd62fe80934918c34069957689ae",
                "fastqc_per_base_n_content_plot.txt:md5,d9094256018f28348cf43aa412c28c11",
                "fastqc_per_base_sequence_quality_plot.txt:md5,d766e42919d03d253e129acef51f3f7b",
                "fastqc_per_sequence_gc_content_plot_Counts.txt:md5,7fb0493c872057c9dad6a6ed384f3975",
                "fastqc_per_sequence_gc_content_plot_Percentages.txt:md5,33fadab22b18d33f0393e9e31ff3bd11",
                "fastqc_per_sequence_quality_scores_plot.txt:md5,1ffa5c82b027318f62d095030d84a9c4",
                "fastqc_sequence_counts_plot.txt:md5,1024c90493d60bb3c65c797e7dd7cf8c",
                "fastqc_sequence_duplication_levels_plot.txt:md5,211a7b56acd901b4d171c9848812690b",
                "fastqc_top_overrepresented_sequences_table.txt:md5,d993b220502c5cde576a97cad10070fe",
                "homer-tag-directory-gc-content.txt:md5,cb2520bd84614eede28992553375beb1",
                "homer-tag-info-dist.txt:md5,28c0be2b0a184b510575d47bd1cba705",
                "homer-tag-length-dist.txt:md5,f69abc9072088e4e2d84414626fbea17",
                "homer_tagdir.txt:md5,00b39cee169d38087ca748c3d35b5eb9",
                "multiqc.log:md5,3e8f80e86ac107e1a873abc4b6f30612",
                "multiqc_citations.txt:md5,51017bc56474100a7d0f12f0e726935c",
                "multiqc_data.json:md5,98a8849422d4e6977799f2a479ef9283",
                "multiqc_fastqc.txt:md5,34586f7fb5d43df85fc1799a17aa6e7a",
                "multiqc_general_stats.txt:md5,9f0bedd0fa34ededafcad637b5173109",
                "multiqc_rseqc_infer_experiment.txt:md5,efa14bf87a649e1bd1d1d5aa24ef2997",
                "multiqc_rseqc_read_distribution.txt:md5,3ad9f9fee7cf47c2b6770fcb4a95fc41",
                "multiqc_samtools_flagstat.txt:md5,007105e445f492516310f672f7911543",
                "multiqc_samtools_idxstats.txt:md5,0eabaa59de66930a36507c3dc92f1fcc",
                "multiqc_samtools_stats.txt:md5,524f65e08c29112a473c365b6bc1bd9e",
                "multiqc_software_versions.txt:md5,e6a86a4c85f30eb38071212c8c6a5eed",
                "multiqc_sources.txt:md5,05ef2c47b9905828cd569a899cf773a1",
                "preseq.txt:md5,3b75a8101e8dccfd67b6e8b03cba691b",
                "preseq_complexity_plot_molecules.txt:md5,e93aa98e7a76dbf7021f4365365a966e",
                "rseqc_infer_experiment_plot.txt:md5,b0ba3477debd992d27674547b76e7025",
                "rseqc_read_distribution_plot.txt:md5,351eac2505410832e4f727daf7158cc8",
                "rseqc_read_dups.txt:md5,f3d1e8afcee7fdaeb1600558e7d93c60",
                "rseqc_read_dups_plot.txt:md5,e01b680e539786565097e877da58ca5c",
                "samtools-flagstat-dp_Percentage_of_total.txt:md5,3f96b11d5ba1c3c64e2ba5e3a1fbaa9d",
                "samtools-flagstat-dp_Read_counts.txt:md5,fea16eb94f71133f9f628cf72da3062f",
                "samtools-idxstats-mapped-reads-plot_Normalised_Counts.txt:md5,a1d979e6acee6e2d931c2a18bf673157",
                "samtools-idxstats-mapped-reads-plot_Observed_over_Expected_Counts.txt:md5,a1d979e6acee6e2d931c2a18bf673157",
                "samtools-idxstats-mapped-reads-plot_Raw_Counts.txt:md5,62358a9a5b36bc0c0836e753bb2db316",
                "samtools-stats-dp.txt:md5,96361e70a475ec24edd881d81315b26f",
                "samtools_alignment_plot.txt:md5,2b88db7a659982f999791146d26e4b38",
                "fastqc-status-check-heatmap.pdf:md5,e7508bfcc0c430fb667363ef71985a03",
                "fastqc_adapter_content_plot.pdf:md5,9e405bf835a6d60872f3d7c6edd7e297",
                "fastqc_overrepresented_sequences_plot.pdf:md5,277379eee21d57bcc9f1a619175a0cbb",
                "fastqc_per_base_n_content_plot.pdf:md5,1d0fb1c08855a422da5631f4167bfbfb",
                "fastqc_per_base_sequence_quality_plot.pdf:md5,eef90284d18073c927c8d94c708e30b2",
                "fastqc_per_sequence_gc_content_plot_Counts.pdf:md5,6a9874d79827e99c99be90cacfd83ef8",
                "fastqc_per_sequence_gc_content_plot_Percentages.pdf:md5,c7578e14109573b7a84e56f7844af684",
                "fastqc_per_sequence_quality_scores_plot.pdf:md5,a8cde07ccb2338f604d11ca84d6a7d3d",
                "fastqc_sequence_counts_plot-cnt.pdf:md5,9daac14370808336fbf71924345392a1",
                "fastqc_sequence_counts_plot-pct.pdf:md5,fba4738a612ed375217f4b79a6077a29",
                "fastqc_sequence_duplication_levels_plot.pdf:md5,b3cf349ec6b3eb16e75407f797ad75d5",
                "fastqc_top_overrepresented_sequences_table.pdf:md5,c1778a9360e4d34a18a67fb56f59a76d",
                "general_stats_table.pdf:md5,4194c2d07bc7b6e92e37e0aac1390078",
                "homer-tag-directory-gc-content.pdf:md5,9c2bf70c0e7caf5cccbe7f5016709912",
                "homer-tag-info-dist-cnt.pdf:md5,e72edf46aa9bae3a3211abb5508641a7",
                "homer-tag-info-dist-pct.pdf:md5,7eef06db5a5af26104d6dac178519caa",
                "homer-tag-length-dist.pdf:md5,7d3acba029bd5ea0ea0bb4c264ea92c2",
                "preseq_complexity_plot_molecules.pdf:md5,148da0de8140a838900ad300391a0328",
                "rseqc_infer_experiment_plot.pdf:md5,a736776c45032c830a65ec728f5776b1",
                "rseqc_read_distribution_plot-cnt.pdf:md5,782311f91ed51c4f310b7b6a1279f37f",
                "rseqc_read_distribution_plot-pct.pdf:md5,f85495647a5651d0cac68270b8e07985",
                "rseqc_read_dups_plot.pdf:md5,f071a2c04cc0345ca6fd433bd3d69299",
                "samtools-flagstat-dp_Percentage_of_total.pdf:md5,15a2c32240871319266b1338c21eabdf",
                "samtools-flagstat-dp_Read_counts.pdf:md5,f112560f2a7a2a3a918a72893867a6b8",
                "samtools-idxstats-mapped-reads-plot_Normalised_Counts-cnt.pdf:md5,1f3f6081c26f7ee6cc2e9ebdb7a8a5f0",
                "samtools-idxstats-mapped-reads-plot_Normalised_Counts-log.pdf:md5,009491bdb3f643cf76509fb333d75505",
                "samtools-idxstats-mapped-reads-plot_Observed_over_Expected_Counts-cnt.pdf:md5,35ad9649cf318980e0220bc7ca3d51bd",
                "samtools-idxstats-mapped-reads-plot_Observed_over_Expected_Counts-log.pdf:md5,a4879cd3dfe50f6281921f70a26f0136",
                "samtools-idxstats-mapped-reads-plot_Raw_Counts-cnt.pdf:md5,b7b147eb5b5bbee0c4a5f2deab7c2677",
                "samtools-idxstats-mapped-reads-plot_Raw_Counts-log.pdf:md5,1362c72eb932bd4721792c64513711a0",
                "samtools-stats-dp.pdf:md5,bc6c97ee80635eb7a921090d433ae74d",
                "samtools_alignment_plot-cnt.pdf:md5,716d5904dd6e1f924aab45b91ed81f3f",
                "samtools_alignment_plot-pct.pdf:md5,267698e622f292af9cb3262ea0ce22da",
                "fastqc-status-check-heatmap.png:md5,4a1ddda986f81413112660633f82c5d6",
                "fastqc_adapter_content_plot.png:md5,32efdebb305e0266339d882fa162f074",
                "fastqc_overrepresented_sequences_plot.png:md5,a7dd2a12f574306233f9edc606a1aaad",
                "fastqc_per_base_n_content_plot.png:md5,d728893a0ce22b5f87d5b6d6f136e5ea",
                "fastqc_per_base_sequence_quality_plot.png:md5,c408a3c56d02896e54b521a58b2307a4",
                "fastqc_per_sequence_gc_content_plot_Counts.png:md5,beb6b40783528b0ea364daea301fa17b",
                "fastqc_per_sequence_gc_content_plot_Percentages.png:md5,77f64ef84400d3165f20e1c87ecb1cd8",
                "fastqc_per_sequence_quality_scores_plot.png:md5,726d671e21c7ac8116fca13c43ffc9c0",
                "fastqc_sequence_counts_plot-cnt.png:md5,b53fd28651c1b6cd57a00027338fa196",
                "fastqc_sequence_counts_plot-pct.png:md5,5ce9a1d3cec4e6621899c8f2605bc925",
                "fastqc_sequence_duplication_levels_plot.png:md5,bc6147bdc3d59f796b71d45a636a85c7",
                "fastqc_top_overrepresented_sequences_table.png:md5,fc0ff3848d89adb027eeb37cf65d69fb",
                "general_stats_table.png:md5,bf1279aa30f3e0c3059e1e66a9cfbd8f",
                "homer-tag-directory-gc-content.png:md5,74e2562929589afe688d382567b3f69c",
                "homer-tag-info-dist-cnt.png:md5,93b784f5e8ae326118e844b037d18976",
                "homer-tag-info-dist-pct.png:md5,bc341ba31e303df97ae9ef42a1ce4b78",
                "homer-tag-length-dist.png:md5,da4759ce87b032d3cbfffaeec0307b17",
                "preseq_complexity_plot_molecules.png:md5,459d8145367486cfcb28918193a28815",
                "rseqc_infer_experiment_plot.png:md5,7e9a30629920550dcf2812509a28c0d0",
                "rseqc_read_distribution_plot-cnt.png:md5,1596c061fd9cc87929645a0aedd1d8cb",
                "rseqc_read_distribution_plot-pct.png:md5,237f8ee85c60482d0bdc3d2d81cd1493",
                "rseqc_read_dups_plot.png:md5,6eebe003179b3cf7714c940f8f746b91",
                "samtools-flagstat-dp_Percentage_of_total.png:md5,6d33af495920e86c35b5e4df2b988dd5",
                "samtools-flagstat-dp_Read_counts.png:md5,7389033f7f612593b96cb5408b371c9a",
                "samtools-idxstats-mapped-reads-plot_Normalised_Counts-cnt.png:md5,39cd1784ee278d9cb222f9363fd5d013",
                "samtools-idxstats-mapped-reads-plot_Normalised_Counts-log.png:md5,4865b3f4fc84df66e9a511f9a0fbba9e",
                "samtools-idxstats-mapped-reads-plot_Observed_over_Expected_Counts-cnt.png:md5,2b98b3ce9a11603c84c368f89c034355",
                "samtools-idxstats-mapped-reads-plot_Observed_over_Expected_Counts-log.png:md5,3c04436c178bf2a9de9083cb9e4432a9",
                "samtools-idxstats-mapped-reads-plot_Raw_Counts-cnt.png:md5,78f24659ddb439e3d45b0a938d6c5401",
                "samtools-idxstats-mapped-reads-plot_Raw_Counts-log.png:md5,b8c21d4c41d6d9f6cf6e37e1b1f3fe76",
                "samtools-stats-dp.png:md5,69d51dced405b1f173d94c8f92ef4d7f",
                "samtools_alignment_plot-cnt.png:md5,8aabd26cf7d3ca810d56ba230b535d59",
                "samtools_alignment_plot-pct.png:md5,92e5a6a4308632318d2759371794d967",
                "fastqc-status-check-heatmap.svg:md5,15d5da8aeef63b66890119f03982cbcb",
                "fastqc_adapter_content_plot.svg:md5,0e776d31ff21c5d938ee34e479977c7b",
                "fastqc_overrepresented_sequences_plot.svg:md5,20134a8a21b03e4521cef0b7ed76fc39",
                "fastqc_per_base_n_content_plot.svg:md5,6eee5e9991b522bf02dc8506d3551a52",
                "fastqc_per_base_sequence_quality_plot.svg:md5,3acd46d4e905088131ff500b7d2a83ed",
                "fastqc_per_sequence_gc_content_plot_Counts.svg:md5,9be552de069ad309fe0e196784b21cae",
                "fastqc_per_sequence_gc_content_plot_Percentages.svg:md5,0e97b9e38616d84870ba1e5aa8d2cb5d",
                "fastqc_per_sequence_quality_scores_plot.svg:md5,26b566c2a235a85b4e364963c19e02ab",
                "fastqc_sequence_counts_plot-cnt.svg:md5,c83b8ae146c1b45f211c820e42ac0e56",
                "fastqc_sequence_counts_plot-pct.svg:md5,7d0f44c0faa1294038a2b171ea3646ff",
                "fastqc_sequence_duplication_levels_plot.svg:md5,2b76fcb2c16ee55a59ddc2fc6cbb1f81",
                "fastqc_top_overrepresented_sequences_table.svg:md5,0213d032845cdb9ae0f8be85fc0bb7c8",
                "general_stats_table.svg:md5,a5aabdc440af366a0405fe30e81895ca",
                "homer-tag-directory-gc-content.svg:md5,42f9ca07a3d5c92731bda723a3d69a83",
                "homer-tag-info-dist-cnt.svg:md5,5762ba6aaa7ebea9b899613b236c3d8e",
                "homer-tag-info-dist-pct.svg:md5,ecb4ce86efdf9fc611ce11ab2d26a30c",
                "homer-tag-length-dist.svg:md5,2869ff8ff4a772a99d06b4187c2cbb6a",
                "preseq_complexity_plot_molecules.svg:md5,64d692dccb00d3a6e0b189bd7ee8d132",
                "rseqc_infer_experiment_plot.svg:md5,ee6709df9b1a0b51202bfde2cde02e2d",
                "rseqc_read_distribution_plot-cnt.svg:md5,ddd04b8a89f1d8271cafe93d65de218c",
                "rseqc_read_distribution_plot-pct.svg:md5,9601b60164cdfdb5b2587a5c27af4aa4",
                "rseqc_read_dups_plot.svg:md5,f785dace8f24221ec4104d44abb8066a",
                "samtools-flagstat-dp_Percentage_of_total.svg:md5,0c8e409ccec79e42ebce88989eae6300",
                "samtools-flagstat-dp_Read_counts.svg:md5,7e1da579882e30abb23fd5706291b9fc",
                "samtools-idxstats-mapped-reads-plot_Normalised_Counts-cnt.svg:md5,af6e76af47ce2a5680335d0fb3c96b1c",
                "samtools-idxstats-mapped-reads-plot_Normalised_Counts-log.svg:md5,7f5bdfce8b732f9f6df9a768b8282769",
                "samtools-idxstats-mapped-reads-plot_Observed_over_Expected_Counts-cnt.svg:md5,483ab9f6f10840c684e5d2d64d0d3653",
                "samtools-idxstats-mapped-reads-plot_Observed_over_Expected_Counts-log.svg:md5,cc221df71fdedd3ca56c37609231eb08",
                "samtools-idxstats-mapped-reads-plot_Raw_Counts-cnt.svg:md5,65bfcef4615054ac8a01182be6f0fb8c",
                "samtools-idxstats-mapped-reads-plot_Raw_Counts-log.svg:md5,d3d6e3fbf094cd8b9a550e726b637071",
                "samtools-stats-dp.svg:md5,650377751232d5de1e7d7e1e64e544c2",
                "samtools_alignment_plot-cnt.svg:md5,274c8ffc543b62aaf2874256d56584c9",
                "samtools_alignment_plot-pct.svg:md5,53ecebebd1fd4252e5ea5589c547c7fa",
                "multiqc_report.html:md5,79abc0e64f9ee90d14927ad3424dfef6",
                "cd4_REP1.trimmed.fastp.html:md5,6d046d3b305c984117e7ac7b2997c313",
                "cd4_REP1.trimmed.fastp.json:md5,bd9a3344c1591d6be4d524451f9dca53",
                "cd4_REP1.trimmed.fastp.log:md5,751fb0e9c3ad33366fe4575c14362549",
                "cd4_REP2.trimmed.fastp.html:md5,665154d68a076509c2ef8eed36a28cbb",
                "cd4_REP2.trimmed.fastp.json:md5,bc6e3f9ff7835f220535cc393b8eb25f",
                "cd4_REP2.trimmed.fastp.log:md5,d67224cf7c93d93407a048236ecd7d69",
                "jurkat.trimmed.fastp.html:md5,ab4b17b7396824ac9668bcd51b04fa77",
                "jurkat.trimmed.fastp.json:md5,65f7247a87479c7157c7357d575336e2",
                "jurkat.trimmed.fastp.log:md5,1b09c5742f149fd57890f0e8f37f2b81",
                "cd4_REP1_fastqc.html:md5,6e2db41130efce7f49c13db6fa5a375a",
                "cd4_REP1_fastqc.zip:md5,ee4caa657d6f9fa8fc4cf0eeb5b34ca9",
                "cd4_REP2_fastqc.html:md5,bd60b96aef8f505a226c3420c45460b1",
                "cd4_REP2_fastqc.zip:md5,6026ab6a56202df1f5726f9a3cdc255c",
                "jurkat_fastqc.html:md5,ec4671c34b0a6319f17ed731b1d1ff16",
                "jurkat_fastqc.zip:md5,9ba2030370c15128c6bc04d92bd73cac",
                "cd4_REP1.coverage.hist.txt:md5,bff6862bc8e2015eef927b40671dec1b",
                "cd4_REP1.coverage.stats.txt:md5,c1e912cd0bebc51b289160ff7ab3365a",
                "cd4_REP2.coverage.hist.txt:md5,edadf440d1c3658118ffd6b6a46821f8",
                "cd4_REP2.coverage.stats.txt:md5,cb1ce057d05fc53e7ad9b0b2e3d5aaad",
                "jurkat.coverage.hist.txt:md5,468c864f655947edb3b306cb7a72633d",
                "jurkat.coverage.stats.txt:md5,338f3095395c8d8f172e0e27f9a5a60a",
                "cd4_REP1.c_curve.txt:md5,cf4743abdd355595d6ec1fb3f38e66e5",
                "cd4_REP1.lc_extrap.txt:md5,a2dfb0a61cd0ada1f306aaf8c7cc7b8f",
                "cd4_REP2.c_curve.txt:md5,cf4743abdd355595d6ec1fb3f38e66e5",
                "cd4_REP2.lc_extrap.txt:md5,f5bc717609e44a4e94a1b1c626c1aaad",
                "jurkat.c_curve.txt:md5,cf4743abdd355595d6ec1fb3f38e66e5",
                "jurkat.lc_extrap.txt:md5,129145e5b3fa3cd8a6908bcbe75ea010",
                "cd4_REP1.command.log:md5,a209e8a99730ff481b817a91ec59691c",
                "cd4_REP2.command.log:md5,5edd0a21c7a92c4254c9d6cf4b3ff916",
                "jurkat.command.log:md5,c8a2849a246aa1f31a25cd45aa34c2f9",
                "cd4_REP1.infer_experiment.txt:md5,e257827c09d08e0211e6b55b78c09817",
                "cd4_REP2.infer_experiment.txt:md5,cfc76745a36e9144eb03b85abb40a2bc",
                "jurkat.infer_experiment.txt:md5,14af4229684e813974e4c4ac5724bd81",
                "cd4_REP1.read_distribution.txt:md5,82bb213b23ea5a2c719c09ed993b576d",
                "cd4_REP2.read_distribution.txt:md5,139a91e2f36b9c93b09fe36aff3414cd",
                "jurkat.read_distribution.txt:md5,982e7cb76ca5978ff8c8bc63d17a1fbe",
                "cd4_REP1.DupRate_plot.pdf:md5,c4b369fc4c7546d1baebc3cc3e2b5f09",
                "cd4_REP2.DupRate_plot.pdf:md5,86e8ba78a14f8bdac14d469da69e6d4e",
                "jurkat.DupRate_plot.pdf:md5,15a84b61f1054819cda58ba0f74d832d",
                "cd4_REP1.DupRate_plot.r:md5,d04a5d1a2c83c2be6dd373710d63fecf",
                "cd4_REP2.DupRate_plot.r:md5,18afd2c9eb78d75dab9ac483b38111f8",
                "jurkat.DupRate_plot.r:md5,2265434abacdb7130dd1643114482c8c",
                "cd4_REP1.pos.DupRate.xls:md5,c53ebd47cad3f3524dafd3d0bdd2cc71",
                "cd4_REP1.seq.DupRate.xls:md5,6fc39432eb1815a1aebac84c5c46aa97",
                "cd4_REP2.pos.DupRate.xls:md5,96b7100c85fd83d7634ebcd199de2aea",
                "cd4_REP2.seq.DupRate.xls:md5,dac033fb9e548d1e23069d9f76f9e67d",
                "jurkat.pos.DupRate.xls:md5,3389108003e203614790dd835c84bd81",
                "jurkat.seq.DupRate.xls:md5,0950602857db220cdf550f66e0ad69b8",
                "cd4.featureCounts.txt:md5,965288887b3cd0bfb40f76ee58aea361",
                "cd4.featureCounts.txt.summary:md5,79ca06d4bfcd2e5e2563da4e074c185f",
                "jurkat.featureCounts.txt:md5,63a3fb8a37040362e544a22ae94f1ea9",
                "jurkat.featureCounts.txt.summary:md5,b34a314a5a9af3351d7ecdfed2d4ac88",
                "cd4-group_cd4_intersect-transcripts.featureCounts.txt:md5,2b435d460d10da000cd903a672debfb9",
                "cd4-group_cd4_intersect-transcripts.featureCounts.txt.summary:md5,55bf0d917f9eaffbc37026ec0ece9753",
                "jurkat-group_cd4_intersect-transcripts.featureCounts.txt:md5,7acce56b7d5e1d0cc2d581e16198c02d",
                "jurkat-group_cd4_intersect-transcripts.featureCounts.txt.summary:md5,1ff5774e6ccaf2cae4b66cd2de2af406",
                "cd4.bam:md5,e48afb73985a25b0bdda32b6f3f683da",
                "jurkat.bam:md5,0e7ced7ce697b1b834cd19397936f577",
                "cd4_filtered.bed:md5,063a59e4a2612e8eedaa443d02f6d271",
                "jurkat_filtered.bed:md5,6625c2c4f2bbbf9ff2c93e587990b906",
                "cd4.bed:md5,96b0e0bf77f3a04efcbfaf0fcdae926a",
                "cd4.bedGraph.gz:md5,2f47e8712ab868e9a4393f7791966d74",
                "cd4.peaks.txt:md5,0d95c28f2bfdfd9df28803e34c2c7730",
                "chr21.tags.tsv:md5,73f87f94e447d89d2db66abde8682634",
                "genomeGCcontent.txt:md5,1c845a646d9960a2cf4204bc017bd112",
                "tagAutocorrelation.txt:md5,568b0cdbf1e066680ef50a4d2c8cbaf4",
                "tagCountDistribution.txt:md5,9c0089a20313541fbcb85c5b5d44edd0",
                "tagFreq.txt:md5,c3f74bd379a62a9c1a48b3fa0543211e",
                "tagFreqUniq.txt:md5,0c79f2f324063b562f959610ffbde0f6",
                "tagGCcontent.txt:md5,e464a5dfd9bb814f1e4a513557901e33",
                "tagInfo.txt:md5,0151393adcf38dcb1fd7544d5de3cad9",
                "tagLengthDistribution.txt:md5,da439675310911d20f8729e03de8a4d2",
                "jurkat.bed:md5,31454804c53975171a763d3049406598",
                "jurkat.bedGraph.gz:md5,ef115f87271893dda35ad2761eb22ce0",
                "jurkat.peaks.txt:md5,b59cdb942bb6037a4689dd2d68960699",
                "chr21.tags.tsv:md5,07be21e2a8c01d61142bcde22c022f9d",
                "genomeGCcontent.txt:md5,380eed73713125642b4c37607115e814",
                "tagAutocorrelation.txt:md5,25cb7a33a9fb656a7eae658880e02d80",
                "tagCountDistribution.txt:md5,2e72d2d33ab65402d64ad1177f611e26",
                "tagFreq.txt:md5,acf53c3f34e50d1be236b932846b25c0",
                "tagFreqUniq.txt:md5,ac33c48e1d580183edaa54ec9a0d78ce",
                "tagGCcontent.txt:md5,e48b091066c39fca17466ff0504715ee",
                "tagInfo.txt:md5,b653092ec557ebda65ff47844ce9a845",
                "tagLengthDistribution.txt:md5,69493a127e47c6a80e07f72af2990c34",
                "versions.yml:md5,7c0dcd0a18b3c753def73b96cb825792",
                "cd4_intersect.bed:md5,d41d8cd98f00b204e9800998ecf8427e",
                "jurkat_intersect.bed:md5,d41d8cd98f00b204e9800998ecf8427e",
                "cd4_merged.bed:md5,449fbe4373c1220a7882ee22d71f6321",
                "jurkat_merged.bed:md5,3a939a0a1c8a747f2ee68cc49eded20c",
                "cd4_chr21_1_unidirectional_peaks.bed:md5,6c7e6c49f4d80f9b980bddac85617616",
                "jurkat_chr21_1_unidirectional_peaks.bed:md5,5fd13a128a16a78a0f96077780a7726e",
                "peakcalling_2024_12_15_20_51_02_61.log:md5,672066adc915296be7072e11abf6f803"
            ],
            [
                [
                    "cd4_REP1.sorted.bam",
                    "75904e6044960604c7279e9d0348a2e5"
                ],
                [
                    "cd4_REP2.sorted.bam",
                    "2ee6306cd88c6a997287e296d4464bf1"
                ],
                [
                    "jurkat.sorted.bam",
                    "8d711541138750a51d6fa77f82f05268"
                ],
                [
                    "cd4.bam",
                    "4e35c571485f308a628df474a4decd8d"
                ],
                [
                    "jurkat.bam",
                    "8d711541138750a51d6fa77f82f05268"
                ]
            ]
        ],
        "meta": {
            "nf-test": "0.9.2",
            "nextflow": "24.10.2"
        },
        "timestamp": "2024-12-15T20:53:14.719426069"
    }
}
