{
    "output_files": {
        "content": [
            134,
            [
                "cd4_REP1.coverage.hist.txt:md5,dff9783a6054f490bd106a5ea59ff323",
                "cd4_REP1.coverage.stats.txt:md5,bd2ae14e43e59332d62af60601f95368",
                "cd4_REP2.coverage.hist.txt:md5,ca9e862c16d556b3f1baa230d565e0a7",
                "cd4_REP2.coverage.stats.txt:md5,14d8e9d53e129de3caf98fe6c8f52ace",
                "cd4_REP3.coverage.hist.txt:md5,411058935790bff32f9e6d9b7d136597",
                "cd4_REP3.coverage.stats.txt:md5,46bcbba43196873e663d3fa8ca381917",
                "cd4_REP4.coverage.hist.txt:md5,5888d0a421c07cd417e18b09b25b68ab",
                "cd4_REP4.coverage.stats.txt:md5,611d637d4bbdd0d96071cd1e291be5dd",
                "jurkat_REP1.coverage.hist.txt:md5,25ff1313ce15f2332b3b9ac5e440ad76",
                "jurkat_REP1.coverage.stats.txt:md5,e27a85bf418ceec8205c3ed4c9e9c0e4",
                "jurkat_REP2.coverage.hist.txt:md5,aba00d7a48866322ce46c9427023fd36",
                "jurkat_REP2.coverage.stats.txt:md5,4a5f9c89f04b4792669ca4d23bcfb66e"
            ],
            "cd4.bed:md5,74d4739278c1d8af17a5f9d3296325da",
            "jurkat.bed:md5,6d3edfc671c1bed970ca5934edc60756",
            "7c6f110b93f069f6767d508f24e46986",
            "4b9dc03040268548300072c1ce32566f",
            "400f5f7f7744b7efa43a97c70a1d5359",
            "6d3a3f79144a0513ad93ffc27923ec5d",
            "d434e4ca752838ed82474bded157c92b",
            "b591522f5c8efb3bbd1b28ba64928c56"
        ],
        "meta": {
            "nf-test": "0.9.0",
            "nextflow": "24.04.4"
        },
        "timestamp": "2024-08-01T20:07:42.799393547"
    },
    "software_versions": {
        "content": [
            "{BBMAP_PILEUP={bbmap=39.01, samtools=1.16.1, pigz=2.6}, BEDTOOLS_GENOMECOV_MINUS={bedtools=2.31.1}, BEDTOOLS_GENOMECOV_PLUS={bedtools=2.31.1}, BEDTOOLS_INTERSECT={bedtools=2.31.1}, BEDTOOLS_INTERSECT_FILTER={bedtools=2.31.1}, DEEPTOOLS_BAMCOVERAGE_MINUS={deeptools=3.5.1}, DEEPTOOLS_BAMCOVERAGE_PLUS={deeptools=3.5.1}, FASTP={fastp=0.23.4}, FASTQC={fastqc=0.12.1}, GTF2BED={perl=5.26.2}, HISAT2_ALIGN={hisat2=2.2.1, samtools=1.16.1}, HOMER_MAKETAGDIRECTORY={homer=4.11, samtools=1.11}, PINTS_CALLER={python=3.10.6, pints=1.1.8}, PRESEQ_CCURVE={preseq=3.1.1}, PRESEQ_LCEXTRAP={preseq=3.1.1}, RSEQC_INFEREXPERIMENT={rseqc=5.0.2}, RSEQC_READDISTRIBUTION={rseqc=5.0.2}, RSEQC_READDUPLICATION={rseqc=5.0.2}, SAMTOOLS_FLAGSTAT={samtools=1.2}, SAMTOOLS_IDXSTATS={samtools=1.2}, SAMTOOLS_INDEX={samtools=1.2}, SAMTOOLS_SORT={samtools=1.2}, SAMTOOLS_STATS={samtools=1.2}, SUBREAD_FEATURECOUNTS_GENE={subread=2.0.1}, UNTAR_HISAT2_INDEX={untar=1.34}, Workflow={nf-core/nascent=v2.3.0dev}}"
        ],
        "meta": {
            "nf-test": "0.9.0",
            "nextflow": "24.04.4"
        },
        "timestamp": "2024-08-01T20:07:42.536938496"
    }
}