{
    "Should run with defaults": {
        "content": [
            89,
            {
                "BBMAP_PILEUP": {
                    "bbmap": 39.01,
                    "samtools": "1.16.1",
                    "pigz": 2.6
                },
                "BEDTOOLS_GENOMECOV_MINUS": {
                    "bedtools": "2.31.1"
                },
                "BEDTOOLS_GENOMECOV_PLUS": {
                    "bedtools": "2.31.1"
                },
                "BEDTOOLS_INTERSECT": {
                    "bedtools": "2.31.1"
                },
                "BEDTOOLS_INTERSECT_FILTER": {
                    "bedtools": "2.31.1"
                },
                "BEDTOOLS_MERGE": {
                    "bedtools": "2.31.1"
                },
                "BEDTOOLS_SORT": {
                    "bedtools": "2.31.1"
                },
                "CAT_CAT": {
                    "pigz": "2.3.4"
                },
                "CUSTOM_GETCHROMSIZES": {
                    "getchromsizes": 1.2
                },
                "DEEPTOOLS_BAMCOVERAGE_MINUS": {
                    "deeptools": "3.5.1"
                },
                "DEEPTOOLS_BAMCOVERAGE_PLUS": {
                    "deeptools": "3.5.1"
                },
                "FASTP": {
                    "fastp": "0.23.4"
                },
                "FASTQC": {
                    "fastqc": "0.12.1"
                },
                "GTF2BED": {
                    "perl": "5.26.2"
                },
                "HISAT2_ALIGN": {
                    "hisat2": "2.2.1",
                    "samtools": "1.16.1"
                },
                "HOMER_MAKETAGDIRECTORY": {
                    "homer": 4.11,
                    "samtools": 1.21
                },
                "PINTS_CALLER": {
                    "python": "3.12.6",
                    "pints": "1.1.13"
                },
                "PRESEQ_CCURVE": {
                    "preseq": "3.1.1"
                },
                "PRESEQ_LCEXTRAP": {
                    "preseq": "3.1.1"
                },
                "RSEQC_INFEREXPERIMENT": {
                    "rseqc": "5.0.2"
                },
                "RSEQC_READDISTRIBUTION": {
                    "rseqc": "5.0.2"
                },
                "RSEQC_READDUPLICATION": {
                    "rseqc": "5.0.2"
                },
                "SAMTOOLS_FLAGSTAT": {
                    "samtools": 1.2
                },
                "SAMTOOLS_IDXSTATS": {
                    "samtools": 1.2
                },
                "SAMTOOLS_INDEX": {
                    "samtools": 1.2
                },
                "SAMTOOLS_MERGE": {
                    "samtools": 1.21
                },
                "SAMTOOLS_SORT": {
                    "samtools": 1.2
                },
                "SAMTOOLS_STATS": {
                    "samtools": 1.2
                },
                "SUBREAD_FEATURECOUNTS_GENE": {
                    "subread": "2.0.1"
                },
                "UNTAR_HISAT2_INDEX": {
                    "untar": 1.34
                },
                "Workflow": {
                    "nf-core/nascent": "v2.3.0dev"
                }
            },
            [
                "cat",
                "cat/cd4.bed",
                "cat/jurkat.bed",
                "coverage_graphs",
                "coverage_graphs/cd4_REP1.dreg.bedGraph",
                "coverage_graphs/cd4_REP1.minus.bedGraph",
                "coverage_graphs/cd4_REP1.minus.bigWig",
                "coverage_graphs/cd4_REP1.plus.bedGraph",
                "coverage_graphs/cd4_REP1.plus.bigWig",
                "coverage_graphs/cd4_REP2.dreg.bedGraph",
                "coverage_graphs/cd4_REP2.minus.bedGraph",
                "coverage_graphs/cd4_REP2.minus.bigWig",
                "coverage_graphs/cd4_REP2.plus.bedGraph",
                "coverage_graphs/cd4_REP2.plus.bigWig",
                "coverage_graphs/jurkat.dreg.bedGraph",
                "coverage_graphs/jurkat.minus.bedGraph",
                "coverage_graphs/jurkat.minus.bigWig",
                "coverage_graphs/jurkat.plus.bedGraph",
                "coverage_graphs/jurkat.plus.bigWig",
                "hisat2",
                "hisat2/cd4_REP1.sorted.bam",
                "hisat2/cd4_REP1.sorted.bam.bai",
                "hisat2/cd4_REP2.sorted.bam",
                "hisat2/cd4_REP2.sorted.bam.bai",
                "hisat2/jurkat.sorted.bam",
                "hisat2/jurkat.sorted.bam.bai",
                "hisat2/log",
                "hisat2/log/cd4_REP1.hisat2.summary.log",
                "hisat2/log/cd4_REP2.hisat2.summary.log",
                "hisat2/log/jurkat.hisat2.summary.log",
                "hisat2/samtools_stats",
                "hisat2/samtools_stats/cd4_REP1.sorted.bam.flagstat",
                "hisat2/samtools_stats/cd4_REP1.sorted.bam.idxstats",
                "hisat2/samtools_stats/cd4_REP1.sorted.bam.stats",
                "hisat2/samtools_stats/cd4_REP2.sorted.bam.flagstat",
                "hisat2/samtools_stats/cd4_REP2.sorted.bam.idxstats",
                "hisat2/samtools_stats/cd4_REP2.sorted.bam.stats",
                "hisat2/samtools_stats/jurkat.sorted.bam.flagstat",
                "hisat2/samtools_stats/jurkat.sorted.bam.idxstats",
                "hisat2/samtools_stats/jurkat.sorted.bam.stats",
                "multiqc",
                "multiqc/multiqc_data",
                "multiqc/multiqc_data/fastqc-status-check-heatmap.txt",
                "multiqc/multiqc_data/fastqc_adapter_content_plot.txt",
                "multiqc/multiqc_data/fastqc_overrepresented_sequences_plot.txt",
                "multiqc/multiqc_data/fastqc_per_base_n_content_plot.txt",
                "multiqc/multiqc_data/fastqc_per_base_sequence_quality_plot.txt",
                "multiqc/multiqc_data/fastqc_per_sequence_gc_content_plot_Counts.txt",
                "multiqc/multiqc_data/fastqc_per_sequence_gc_content_plot_Percentages.txt",
                "multiqc/multiqc_data/fastqc_per_sequence_quality_scores_plot.txt",
                "multiqc/multiqc_data/fastqc_sequence_counts_plot.txt",
                "multiqc/multiqc_data/fastqc_sequence_duplication_levels_plot.txt",
                "multiqc/multiqc_data/fastqc_top_overrepresented_sequences_table.txt",
                "multiqc/multiqc_data/homer-tag-directory-gc-content.txt",
                "multiqc/multiqc_data/homer-tag-info-dist.txt",
                "multiqc/multiqc_data/homer-tag-length-dist.txt",
                "multiqc/multiqc_data/homer_tagdir.txt",
                "multiqc/multiqc_data/multiqc.log",
                "multiqc/multiqc_data/multiqc_citations.txt",
                "multiqc/multiqc_data/multiqc_data.json",
                "multiqc/multiqc_data/multiqc_fastqc.txt",
                "multiqc/multiqc_data/multiqc_general_stats.txt",
                "multiqc/multiqc_data/multiqc_rseqc_infer_experiment.txt",
                "multiqc/multiqc_data/multiqc_rseqc_read_distribution.txt",
                "multiqc/multiqc_data/multiqc_samtools_flagstat.txt",
                "multiqc/multiqc_data/multiqc_samtools_idxstats.txt",
                "multiqc/multiqc_data/multiqc_samtools_stats.txt",
                "multiqc/multiqc_data/multiqc_software_versions.txt",
                "multiqc/multiqc_data/multiqc_sources.txt",
                "multiqc/multiqc_data/preseq.txt",
                "multiqc/multiqc_data/preseq_complexity_plot_molecules.txt",
                "multiqc/multiqc_data/rseqc_infer_experiment_plot.txt",
                "multiqc/multiqc_data/rseqc_read_distribution_plot.txt",
                "multiqc/multiqc_data/rseqc_read_dups.txt",
                "multiqc/multiqc_data/rseqc_read_dups_plot.txt",
                "multiqc/multiqc_data/samtools-flagstat-dp_Percentage_of_total.txt",
                "multiqc/multiqc_data/samtools-flagstat-dp_Read_counts.txt",
                "multiqc/multiqc_data/samtools-idxstats-mapped-reads-plot_Normalised_Counts.txt",
                "multiqc/multiqc_data/samtools-idxstats-mapped-reads-plot_Observed_over_Expected_Counts.txt",
                "multiqc/multiqc_data/samtools-idxstats-mapped-reads-plot_Raw_Counts.txt",
                "multiqc/multiqc_data/samtools-stats-dp.txt",
                "multiqc/multiqc_data/samtools_alignment_plot.txt",
                "multiqc/multiqc_report.html",
                "pipeline_info",
                "pipeline_info/nf_core_pipeline_software_mqc_versions.yml",
                "preprocessing",
                "preprocessing/fastp",
                "preprocessing/fastp/cd4_REP1.trimmed.fastp.html",
                "preprocessing/fastp/cd4_REP1.trimmed.fastp.json",
                "preprocessing/fastp/cd4_REP1.trimmed.fastp.log",
                "preprocessing/fastp/cd4_REP2.trimmed.fastp.html",
                "preprocessing/fastp/cd4_REP2.trimmed.fastp.json",
                "preprocessing/fastp/cd4_REP2.trimmed.fastp.log",
                "preprocessing/fastp/jurkat.trimmed.fastp.html",
                "preprocessing/fastp/jurkat.trimmed.fastp.json",
                "preprocessing/fastp/jurkat.trimmed.fastp.log",
                "preprocessing/fastqc",
                "preprocessing/fastqc/cd4_REP1_fastqc.html",
                "preprocessing/fastqc/cd4_REP1_fastqc.zip",
                "preprocessing/fastqc/cd4_REP2_fastqc.html",
                "preprocessing/fastqc/cd4_REP2_fastqc.zip",
                "preprocessing/fastqc/jurkat_fastqc.html",
                "preprocessing/fastqc/jurkat_fastqc.zip",
                "quality_control",
                "quality_control/bbsplit",
                "quality_control/bbsplit/cd4_REP1.coverage.hist.txt",
                "quality_control/bbsplit/cd4_REP1.coverage.stats.txt",
                "quality_control/bbsplit/cd4_REP2.coverage.hist.txt",
                "quality_control/bbsplit/cd4_REP2.coverage.stats.txt",
                "quality_control/bbsplit/jurkat.coverage.hist.txt",
                "quality_control/bbsplit/jurkat.coverage.stats.txt",
                "quality_control/preseq",
                "quality_control/preseq/cd4_REP1.c_curve.txt",
                "quality_control/preseq/cd4_REP1.lc_extrap.txt",
                "quality_control/preseq/cd4_REP2.c_curve.txt",
                "quality_control/preseq/cd4_REP2.lc_extrap.txt",
                "quality_control/preseq/jurkat.c_curve.txt",
                "quality_control/preseq/jurkat.lc_extrap.txt",
                "quality_control/preseq/log",
                "quality_control/preseq/log/cd4_REP1.command.log",
                "quality_control/preseq/log/cd4_REP2.command.log",
                "quality_control/preseq/log/jurkat.command.log",
                "quality_control/rseqc",
                "quality_control/rseqc/infer_experiment",
                "quality_control/rseqc/infer_experiment/cd4_REP1.infer_experiment.txt",
                "quality_control/rseqc/infer_experiment/cd4_REP2.infer_experiment.txt",
                "quality_control/rseqc/infer_experiment/jurkat.infer_experiment.txt",
                "quality_control/rseqc/read_distribution",
                "quality_control/rseqc/read_distribution/cd4_REP1.read_distribution.txt",
                "quality_control/rseqc/read_distribution/cd4_REP2.read_distribution.txt",
                "quality_control/rseqc/read_distribution/jurkat.read_distribution.txt",
                "quality_control/rseqc/read_duplication",
                "quality_control/rseqc/read_duplication/pdf",
                "quality_control/rseqc/read_duplication/pdf/cd4_REP1.DupRate_plot.pdf",
                "quality_control/rseqc/read_duplication/pdf/cd4_REP2.DupRate_plot.pdf",
                "quality_control/rseqc/read_duplication/pdf/jurkat.DupRate_plot.pdf",
                "quality_control/rseqc/read_duplication/rscript",
                "quality_control/rseqc/read_duplication/rscript/cd4_REP1.DupRate_plot.r",
                "quality_control/rseqc/read_duplication/rscript/cd4_REP2.DupRate_plot.r",
                "quality_control/rseqc/read_duplication/rscript/jurkat.DupRate_plot.r",
                "quality_control/rseqc/read_duplication/xls",
                "quality_control/rseqc/read_duplication/xls/cd4_REP1.pos.DupRate.xls",
                "quality_control/rseqc/read_duplication/xls/cd4_REP1.seq.DupRate.xls",
                "quality_control/rseqc/read_duplication/xls/cd4_REP2.pos.DupRate.xls",
                "quality_control/rseqc/read_duplication/xls/cd4_REP2.seq.DupRate.xls",
                "quality_control/rseqc/read_duplication/xls/jurkat.pos.DupRate.xls",
                "quality_control/rseqc/read_duplication/xls/jurkat.seq.DupRate.xls",
                "quantification",
                "quantification/gene",
                "quantification/gene/cd4.featureCounts.txt",
                "quantification/gene/cd4.featureCounts.txt.summary",
                "quantification/gene/jurkat.featureCounts.txt",
                "quantification/gene/jurkat.featureCounts.txt.summary",
                "samtools",
                "samtools/cd4.bam",
                "samtools/jurkat.bam",
                "transcript_identification",
                "transcript_identification/filtered",
                "transcript_identification/filtered/cd4_filtered.bed",
                "transcript_identification/filtered/jurkat_filtered.bed",
                "transcript_identification/homer",
                "transcript_identification/homer/cd4.bed",
                "transcript_identification/homer/cd4.bedGraph.gz",
                "transcript_identification/homer/cd4.peaks.txt",
                "transcript_identification/homer/cd4_tagdir",
                "transcript_identification/homer/cd4_tagdir/chr21.tags.tsv",
                "transcript_identification/homer/cd4_tagdir/genomeGCcontent.txt",
                "transcript_identification/homer/cd4_tagdir/tagAutocorrelation.txt",
                "transcript_identification/homer/cd4_tagdir/tagCountDistribution.txt",
                "transcript_identification/homer/cd4_tagdir/tagFreq.txt",
                "transcript_identification/homer/cd4_tagdir/tagFreqUniq.txt",
                "transcript_identification/homer/cd4_tagdir/tagGCcontent.txt",
                "transcript_identification/homer/cd4_tagdir/tagInfo.txt",
                "transcript_identification/homer/cd4_tagdir/tagLengthDistribution.txt",
                "transcript_identification/homer/jurkat.bed",
                "transcript_identification/homer/jurkat.bedGraph.gz",
                "transcript_identification/homer/jurkat.peaks.txt",
                "transcript_identification/homer/jurkat_tagdir",
                "transcript_identification/homer/jurkat_tagdir/chr21.tags.tsv",
                "transcript_identification/homer/jurkat_tagdir/genomeGCcontent.txt",
                "transcript_identification/homer/jurkat_tagdir/tagAutocorrelation.txt",
                "transcript_identification/homer/jurkat_tagdir/tagCountDistribution.txt",
                "transcript_identification/homer/jurkat_tagdir/tagFreq.txt",
                "transcript_identification/homer/jurkat_tagdir/tagFreqUniq.txt",
                "transcript_identification/homer/jurkat_tagdir/tagGCcontent.txt",
                "transcript_identification/homer/jurkat_tagdir/tagInfo.txt",
                "transcript_identification/homer/jurkat_tagdir/tagLengthDistribution.txt",
                "transcript_identification/homer/versions.yml",
                "transcript_identification/intersect",
                "transcript_identification/intersect/cd4_intersect.bed",
                "transcript_identification/intersect/jurkat_intersect.bed",
                "transcript_identification/merged",
                "transcript_identification/merged/cd4_merged.bed",
                "transcript_identification/merged/jurkat_merged.bed",
                "transcript_identification/pints",
                "transcript_identification/pints/cd4_chr21_1_unidirectional_peaks.bed",
                "transcript_identification/pints/jurkat_chr21_1_unidirectional_peaks.bed",
                "transcript_identification/pints/peakcalling_2024_12_15_17_59_00_42.log",
                "transcript_identification/pints/peakcalling_2024_12_15_17_59_01_45.log",
                "untar",
                "untar/GRCh38_chr21_hisat2",
                "untar/GRCh38_chr21_hisat2/GRCh38_chr21.1.ht2",
                "untar/GRCh38_chr21_hisat2/GRCh38_chr21.2.ht2",
                "untar/GRCh38_chr21_hisat2/GRCh38_chr21.3.ht2",
                "untar/GRCh38_chr21_hisat2/GRCh38_chr21.4.ht2",
                "untar/GRCh38_chr21_hisat2/GRCh38_chr21.5.ht2",
                "untar/GRCh38_chr21_hisat2/GRCh38_chr21.6.ht2",
                "untar/GRCh38_chr21_hisat2/GRCh38_chr21.7.ht2",
                "untar/GRCh38_chr21_hisat2/GRCh38_chr21.8.ht2"
            ],
            [
                "cd4.bed:md5,1c4f3b80b9b606855d0e6b1609fc90a3",
                "jurkat.bed:md5,1a07210f46be7235f6fd3ea7260c2a55",
                "cd4_REP1.dreg.bedGraph:md5,9afeff7c6ca37640e946de7c6153f77f",
                "cd4_REP1.minus.bedGraph:md5,22f749f499c9a66e77d7cb4d0b05f115",
                "cd4_REP1.minus.bigWig:md5,7430ec6b29bad01cc195bff48e7c3318",
                "cd4_REP1.plus.bedGraph:md5,a5371fb8da790607b820b449711efda9",
                "cd4_REP1.plus.bigWig:md5,051b50fa9bb4de523d54a37b2d7353f5",
                "cd4_REP2.dreg.bedGraph:md5,7db28452604d25f084f5c90a844acfaa",
                "cd4_REP2.minus.bedGraph:md5,ccbc07a515c079678fe9aac66943a94d",
                "cd4_REP2.minus.bigWig:md5,59d6c644860efb1852d1d88f12e5328e",
                "cd4_REP2.plus.bedGraph:md5,47a5ac385c35a0a12fca2fea5c060a30",
                "cd4_REP2.plus.bigWig:md5,7e1f1319b32f591d6704050447317108",
                "jurkat.dreg.bedGraph:md5,2263e002f2867d8c306e52cf0a5ed495",
                "jurkat.minus.bedGraph:md5,b06abe7efd4e332e73fa1895e554dc06",
                "jurkat.minus.bigWig:md5,8a0ca6db6626d3fefb518f0d35dd1abc",
                "jurkat.plus.bedGraph:md5,835edbd98f6d5d69e56de05e1a837b7c",
                "jurkat.plus.bigWig:md5,66e82005e6c6730e970f7506bf93325c",
                "cd4_REP1.sorted.bam:md5,7ab21673335995f586ad24c1ff6a5da4",
                "cd4_REP1.sorted.bam.bai:md5,6fe65f381bb4521186769b47756d50c2",
                "cd4_REP2.sorted.bam:md5,4746b2f80c7284be78340a9dcd834bb2",
                "cd4_REP2.sorted.bam.bai:md5,20760a1b0d9f2059920c7e5f9a24fc45",
                "jurkat.sorted.bam:md5,fde777f3360545114968471b2f0e5742",
                "jurkat.sorted.bam.bai:md5,993fb21a43fca0a5b99344303ec18614",
                "cd4_REP1.hisat2.summary.log:md5,4f8f6e777e142473bad3c3dcdab8f6d3",
                "cd4_REP2.hisat2.summary.log:md5,7a95dbf6b50b5d527416232e9af55d86",
                "jurkat.hisat2.summary.log:md5,3547ecf137d5c08695b29a5f78d09ddb",
                "cd4_REP1.sorted.bam.flagstat:md5,aa26d19a689b2fe97e254f125e1f7bcb",
                "cd4_REP1.sorted.bam.idxstats:md5,d523e6e25ce8659871df4104dab503b0",
                "cd4_REP1.sorted.bam.stats:md5,57b98494241870644c74edda7d503232",
                "cd4_REP2.sorted.bam.flagstat:md5,6235482c2c1be02a23826261e2f8a033",
                "cd4_REP2.sorted.bam.idxstats:md5,89de35c9f4f1eafa6944d5d574db1675",
                "cd4_REP2.sorted.bam.stats:md5,aaa17a5a0018fa03cbadb1f5e354fa49",
                "jurkat.sorted.bam.flagstat:md5,8e59ad91dd9df6003cb6c3070b0aa34c",
                "jurkat.sorted.bam.idxstats:md5,56608a565532fc8ae2b93a3be28d5e8d",
                "jurkat.sorted.bam.stats:md5,e100d7f3a79bb29ea3a99e610245e6c8",
                "fastqc-status-check-heatmap.txt:md5,464104faada782efe296b913b892fd3a",
                "fastqc_adapter_content_plot.txt:md5,9fd336d639ce1a9a6597e293afa70008",
                "fastqc_overrepresented_sequences_plot.txt:md5,c6b6fd62fe80934918c34069957689ae",
                "fastqc_per_base_n_content_plot.txt:md5,d9094256018f28348cf43aa412c28c11",
                "fastqc_per_base_sequence_quality_plot.txt:md5,d766e42919d03d253e129acef51f3f7b",
                "fastqc_per_sequence_gc_content_plot_Counts.txt:md5,7fb0493c872057c9dad6a6ed384f3975",
                "fastqc_per_sequence_gc_content_plot_Percentages.txt:md5,33fadab22b18d33f0393e9e31ff3bd11",
                "fastqc_per_sequence_quality_scores_plot.txt:md5,1ffa5c82b027318f62d095030d84a9c4",
                "fastqc_sequence_counts_plot.txt:md5,1024c90493d60bb3c65c797e7dd7cf8c",
                "fastqc_sequence_duplication_levels_plot.txt:md5,211a7b56acd901b4d171c9848812690b",
                "fastqc_top_overrepresented_sequences_table.txt:md5,633be89cb88e2784a00ae58db4ce3873",
                "homer-tag-directory-gc-content.txt:md5,fa7f9ae7811267028159a18d39abaf81",
                "homer-tag-info-dist.txt:md5,a3344ba92542fab32a611c618127eea1",
                "homer-tag-length-dist.txt:md5,5b470fac16f0f588b8cf458b79d66fc1",
                "homer_tagdir.txt:md5,b370c12dafdb968b8fcc4447822f58ce",
                "multiqc.log:md5,72d26b2ffee91a24d4b9ffe91cb15e39",
                "multiqc_citations.txt:md5,51017bc56474100a7d0f12f0e726935c",
                "multiqc_data.json:md5,446545fe5b8f1d5535c6235d88794487",
                "multiqc_fastqc.txt:md5,34586f7fb5d43df85fc1799a17aa6e7a",
                "multiqc_general_stats.txt:md5,56e68f968976fc5ff7fe191a0f2a19e4",
                "multiqc_rseqc_infer_experiment.txt:md5,0979fc3217b59127d0724a7e9eff208c",
                "multiqc_rseqc_read_distribution.txt:md5,0c534510f3fdbccc602a53e649db503d",
                "multiqc_samtools_flagstat.txt:md5,edb7fd0cdef0009f5f89cc94ba2f7dfb",
                "multiqc_samtools_idxstats.txt:md5,80d8c1e331f97ee8283b187bbec307d1",
                "multiqc_samtools_stats.txt:md5,6089a90e4d9a7ee49554d3042c23a833",
                "multiqc_software_versions.txt:md5,15445c223b19b592820c586ead03393d",
                "multiqc_sources.txt:md5,3bcf52a0266588fd3f7032c9b3a8ebda",
                "preseq.txt:md5,9d51e94a75dbdfefe3a8434541ae6daf",
                "preseq_complexity_plot_molecules.txt:md5,5ff3a991b8a3c0920a642c27e8ad507a",
                "rseqc_infer_experiment_plot.txt:md5,98e9de037637309a7e1c54651b9db51b",
                "rseqc_read_distribution_plot.txt:md5,0f6f4157a4f6a24a593a6ec0ba1e4231",
                "rseqc_read_dups.txt:md5,bbd45f846c6ad21311b01faf12b907eb",
                "rseqc_read_dups_plot.txt:md5,77969804082b1b5a74ca098cb6b38c72",
                "samtools-flagstat-dp_Percentage_of_total.txt:md5,13bedcacaf88e815bfb818c0cff57ad3",
                "samtools-flagstat-dp_Read_counts.txt:md5,3cad3fe4b4d2b796b870ead026d4f00a",
                "samtools-idxstats-mapped-reads-plot_Normalised_Counts.txt:md5,a1d979e6acee6e2d931c2a18bf673157",
                "samtools-idxstats-mapped-reads-plot_Observed_over_Expected_Counts.txt:md5,a1d979e6acee6e2d931c2a18bf673157",
                "samtools-idxstats-mapped-reads-plot_Raw_Counts.txt:md5,67d13819494ee20408c66a37a1c9ab47",
                "samtools-stats-dp.txt:md5,771468d8f8d27cc8b799e952ca297c0d",
                "samtools_alignment_plot.txt:md5,b67cae4f4addc9ad2fd30a858fc3f0e5",
                "multiqc_report.html:md5,ec9f5ca369c36fe493298f2bc043eeb1",
                "cd4_REP1.trimmed.fastp.html:md5,bcb88e8bc86d8d1c0d4fbc1a9b46060b",
                "cd4_REP1.trimmed.fastp.json:md5,bd9a3344c1591d6be4d524451f9dca53",
                "cd4_REP1.trimmed.fastp.log:md5,3a3e16fa784eab41567542c2d577fd78",
                "cd4_REP2.trimmed.fastp.html:md5,451d06594d5138788d4a0433ac80483e",
                "cd4_REP2.trimmed.fastp.json:md5,bc6e3f9ff7835f220535cc393b8eb25f",
                "cd4_REP2.trimmed.fastp.log:md5,8f6a7fc4c6476f086470f57265064d45",
                "jurkat.trimmed.fastp.html:md5,fc01d9c28088eac270a66da30b554074",
                "jurkat.trimmed.fastp.json:md5,65f7247a87479c7157c7357d575336e2",
                "jurkat.trimmed.fastp.log:md5,27a3b7831dca27da06e69020ceb4ca00",
                "cd4_REP1_fastqc.html:md5,6e2db41130efce7f49c13db6fa5a375a",
                "cd4_REP1_fastqc.zip:md5,7c141f324ff068b122bbb6115321ac65",
                "cd4_REP2_fastqc.html:md5,bd60b96aef8f505a226c3420c45460b1",
                "cd4_REP2_fastqc.zip:md5,918d6a28ff35674aaba41bdab43b4f08",
                "jurkat_fastqc.html:md5,ec4671c34b0a6319f17ed731b1d1ff16",
                "jurkat_fastqc.zip:md5,9400483ac94ab67878a2efd383e9292a",
                "cd4_REP1.coverage.hist.txt:md5,dff9783a6054f490bd106a5ea59ff323",
                "cd4_REP1.coverage.stats.txt:md5,bd2ae14e43e59332d62af60601f95368",
                "cd4_REP2.coverage.hist.txt:md5,ca9e862c16d556b3f1baa230d565e0a7",
                "cd4_REP2.coverage.stats.txt:md5,14d8e9d53e129de3caf98fe6c8f52ace",
                "jurkat.coverage.hist.txt:md5,25ff1313ce15f2332b3b9ac5e440ad76",
                "jurkat.coverage.stats.txt:md5,e27a85bf418ceec8205c3ed4c9e9c0e4",
                "cd4_REP1.c_curve.txt:md5,cf4743abdd355595d6ec1fb3f38e66e5",
                "cd4_REP1.lc_extrap.txt:md5,ef2d2279e5b4a381d98ab15088a82ada",
                "cd4_REP2.c_curve.txt:md5,cf4743abdd355595d6ec1fb3f38e66e5",
                "cd4_REP2.lc_extrap.txt:md5,52cd440c876e0036d822491bc4408d3c",
                "jurkat.c_curve.txt:md5,cf4743abdd355595d6ec1fb3f38e66e5",
                "jurkat.lc_extrap.txt:md5,3022ec570c7309819d53687439eea28e",
                "cd4_REP1.command.log:md5,4a1a87afc7cb200a93e16d7a5f8fad9d",
                "cd4_REP2.command.log:md5,68b32c8a61abfbc130d3a9a1c118219d",
                "jurkat.command.log:md5,ce57404d38af2301bcd9c659b620de36",
                "cd4_REP1.infer_experiment.txt:md5,223944c6503efda309695bb51cb546f3",
                "cd4_REP2.infer_experiment.txt:md5,09ddb72f44716e13c7fefba987d2343d",
                "jurkat.infer_experiment.txt:md5,0a2e5683b2cc3e4b6e843979745f430f",
                "cd4_REP1.read_distribution.txt:md5,2bdadf1ad1eea97f8d0a7f8a1e7c5934",
                "cd4_REP2.read_distribution.txt:md5,392d6d311d922c75f2b75e060bac4ad2",
                "jurkat.read_distribution.txt:md5,44b9aa3f1b43ecbe5303714a55cd0bc0",
                "cd4_REP1.DupRate_plot.pdf:md5,d936e75943f9bd2a6531117a4ea5dfe2",
                "cd4_REP2.DupRate_plot.pdf:md5,67a9c8b987cf2e5287debc5b51f4013a",
                "jurkat.DupRate_plot.pdf:md5,37448c7f950f31b32723bbcb1fd0bda0",
                "cd4_REP1.DupRate_plot.r:md5,8b5faff4bfdf9a9aea0fb70034fa490c",
                "cd4_REP2.DupRate_plot.r:md5,069417fefa3372751b0d6b631f730b4b",
                "jurkat.DupRate_plot.r:md5,504b1a3db273e05246389299ae6e7eb3",
                "cd4_REP1.pos.DupRate.xls:md5,f310a69c06f98d74ad7777f9654c6a5e",
                "cd4_REP1.seq.DupRate.xls:md5,38e5d22ea87cbc72d3d193f2cfe71be6",
                "cd4_REP2.pos.DupRate.xls:md5,3798988e2db44c870a96d1d6a411a7df",
                "cd4_REP2.seq.DupRate.xls:md5,0446112b47237c5ced58ae84d05f4e98",
                "jurkat.pos.DupRate.xls:md5,2afe47e0b733adcf27027466688b0eed",
                "jurkat.seq.DupRate.xls:md5,f5fb592ddeb04e6b0cf943e192629648",
                "cd4.featureCounts.txt:md5,e4f2a70d27eb7c1945a971597e7bf362",
                "cd4.featureCounts.txt.summary:md5,b9612702dd788551c927c95cdd8c00fe",
                "jurkat.featureCounts.txt:md5,c14351b071bdf5ebb4e295889fbf27c6",
                "jurkat.featureCounts.txt.summary:md5,d479b1aaf1621bc894912e8379ec1474",
                "cd4.bam:md5,53fbca75eebe57e731fb3e21dd73d594",
                "jurkat.bam:md5,5568b1194896c198cb094aca91b095a7",
                "cd4_filtered.bed:md5,057f04ad44d3c2bf223be225b390fe0e",
                "jurkat_filtered.bed:md5,bd6458d033db136523d32ffba259f564",
                "cd4.bed:md5,d8c78818eb1666575ef4c2534ea3727e",
                "cd4.bedGraph.gz:md5,2288d6c77343815f540d6f03eb7e98f1",
                "cd4.peaks.txt:md5,8bb1c5655a1cce187290a3409e82a43b",
                "chr21.tags.tsv:md5,09c0118480c3ae294a7d188ffad20d75",
                "genomeGCcontent.txt:md5,3eb1623e89ce4db027c1e30507eee0a8",
                "tagAutocorrelation.txt:md5,1b2c7081f86a9a0e80c84e098ed7cb0e",
                "tagCountDistribution.txt:md5,22ddddca0742303abf8e85ae98d63c6e",
                "tagFreq.txt:md5,4098cd8a80fc51f6cbdbe096ef00f4bb",
                "tagFreqUniq.txt:md5,06baef1b59c883d3fd681f001a287a5c",
                "tagGCcontent.txt:md5,ad973a1f660cd9b07641b129a357fcb9",
                "tagInfo.txt:md5,c5937cd34d90ade812f5e39354636e34",
                "tagLengthDistribution.txt:md5,2570a4eea85a10732584e57f934bf5a8",
                "jurkat.bed:md5,7298daa579135dfb8924067abaa2ba4e",
                "jurkat.bedGraph.gz:md5,8e06315f2e4a2aaecf1c5f66de20ea54",
                "jurkat.peaks.txt:md5,f514028265e7c4881f155f860211cbba",
                "chr21.tags.tsv:md5,b0a8a501fb74274b70aa82a4e2b33c28",
                "genomeGCcontent.txt:md5,a96352e5915ca702471940484fc00f5e",
                "tagAutocorrelation.txt:md5,f6c8addd29bc60be801b39d2b68153b1",
                "tagCountDistribution.txt:md5,ae57665c2177f09d92bee376ab3d5d18",
                "tagFreq.txt:md5,5cd74c4f834ff2dbe0c777f6470a5e27",
                "tagFreqUniq.txt:md5,5e48e415fb62e812193869ade88de1a5",
                "tagGCcontent.txt:md5,1aeb8b21ef62c51f6dd1644ef79ae86e",
                "tagInfo.txt:md5,3f22cefc75cb68e3c14f721041bf1605",
                "tagLengthDistribution.txt:md5,d9423f5b5d825faafa3d018590584ec8",
                "versions.yml:md5,7c0dcd0a18b3c753def73b96cb825792",
                "cd4_intersect.bed:md5,d41d8cd98f00b204e9800998ecf8427e",
                "jurkat_intersect.bed:md5,d41d8cd98f00b204e9800998ecf8427e",
                "cd4_merged.bed:md5,d71436c8df71a82bfbe0e9afb74145df",
                "jurkat_merged.bed:md5,bd6458d033db136523d32ffba259f564",
                "cd4_chr21_1_unidirectional_peaks.bed:md5,1c4f3b80b9b606855d0e6b1609fc90a3",
                "jurkat_chr21_1_unidirectional_peaks.bed:md5,1a07210f46be7235f6fd3ea7260c2a55",
                "peakcalling_2024_12_15_17_59_00_42.log:md5,9696f6e9fbfb499905cc02e23c93f20e",
                "peakcalling_2024_12_15_17_59_01_45.log:md5,890a1810f5f0cc2c9a19bc944cf05ea3",
                "GRCh38_chr21.1.ht2:md5,eb322cf410ecc616d7fe63cc1be2785b",
                "GRCh38_chr21.2.ht2:md5,46be3356d4c236ebd5d1e52e9eaf4e12",
                "GRCh38_chr21.3.ht2:md5,dbf5af96efd98d6b03f1e5d2baed848a",
                "GRCh38_chr21.4.ht2:md5,bd952f748321c4c230671e8fce7b1650",
                "GRCh38_chr21.5.ht2:md5,103032edf695164b32cc9e6781e8f08b",
                "GRCh38_chr21.6.ht2:md5,242e36d01cd1719b6bd05f157c644eed",
                "GRCh38_chr21.7.ht2:md5,24e7d0673a77e07fbe40400f9a6b3db6",
                "GRCh38_chr21.8.ht2:md5,5e0626bdb7f7a267990f72ae45c3e44a"
            ],
            [
                [
                    "cd4_REP1.sorted.bam",
                    "7c6f110b93f069f6767d508f24e46986"
                ],
                [
                    "cd4_REP2.sorted.bam",
                    "4b9dc03040268548300072c1ce32566f"
                ],
                [
                    "jurkat.sorted.bam",
                    "d434e4ca752838ed82474bded157c92b"
                ],
                [
                    "cd4.bam",
                    "7a1c450413463a964685e225722dd8d3"
                ],
                [
                    "jurkat.bam",
                    "d434e4ca752838ed82474bded157c92b"
                ]
            ]
        ],
        "meta": {
            "nf-test": "0.9.2",
            "nextflow": "24.10.2"
        },
        "timestamp": "2024-12-15T11:59:31.802279"
    }
}